worker DESKTOP-J6EJPKF-7372 | pool C:\Users\Fontenaille\Desktop\Lattice-Kiln\evalkit_pool | backend http://127.0.0.1:11434 | {'pending': 348, 'claimed': 8, 'done': 3511}
[DESKTOP-J6EJPKF-7372] 8 item(s)  monolith/nemotron3-nano-4b/decision_first
      exit 0 | done 8 released 0 | {'pending': 332, 'claimed': 16, 'done': 3519}
[DESKTOP-J6EJPKF-7372] 8 item(s)  monolith/nemotron3-nano-4b/decision_first
      exit 0 | done 16 released 0 | {'pending': 300, 'claimed': 16, 'done': 3551}
[DESKTOP-J6EJPKF-7372] 8 item(s)  monolith/nemotron3-nano-4b/decision_first
      exit 0 | done 24 released 0 | {'pending': 284, 'claimed': 16, 'done': 3567}
[DESKTOP-J6EJPKF-7372] 8 item(s)  monolith/nemotron3-nano-4b/decision_first
      exit 0 | done 32 released 0 | {'pending': 244, 'claimed': 16, 'done': 3607}
[DESKTOP-J6EJPKF-7372] 8 item(s)  monolith/nemotron3-nano-4b/decision_first
      exit 0 | done 40 released 0 | {'pending': 220, 'claimed': 16, 'done': 3631}
[DESKTOP-J6EJPKF-7372] 8 item(s)  monolith/nemotron3-nano-4b/decision_first
      exit 0 | done 48 released 0 | {'pending': 196, 'claimed': 16, 'done': 3655}
[DESKTOP-J6EJPKF-7372] 8 item(s)  monolith/nemotron3-nano-4b/decision_first
      exit 0 | done 56 released 0 | {'pending': 186, 'claimed': 0, 'done': 3681}
[DESKTOP-J6EJPKF-7372] holding: ['nemotron3-nano-4b:latest'] resident and in use by another worker; nothing pending fits it
[DESKTOP-J6EJPKF-7372] holding: ['nemotron3-nano-4b:latest'] resident and in use by another worker; nothing pending fits it
[DESKTOP-J6EJPKF-7372] holding: ['nemotron3-nano-4b:latest'] resident and in use by another worker; nothing pending fits it
[DESKTOP-J6EJPKF-7372] holding: ['nemotron3-nano-4b:latest'] resident and in use by another worker; nothing pending fits it
[DESKTOP-J6EJPKF-7372] holding: ['nemotron3-nano-4b:latest'] resident and in use by another worker; nothing pending fits it
[DESKTOP-J6EJPKF-7372] holding: ['nemotron3-nano-4b:latest'] resident and in use by another worker; nothing pending fits it
[DESKTOP-J6EJPKF-7372] holding: ['nemotron3-nano-4b:latest'] resident and in use by another worker; nothing pending fits it
[DESKTOP-J6EJPKF-7372] holding: ['nemotron3-nano-4b:latest'] resident and in use by another worker; nothing pending fits it
[DESKTOP-J6EJPKF-7372] holding: ['nemotron3-nano-4b:latest'] resident and in use by another worker; nothing pending fits it
[DESKTOP-J6EJPKF-7372] holding: ['nemotron3-nano-4b:latest'] resident and in use by another worker; nothing pending fits it
[DESKTOP-J6EJPKF-7372] holding: [] resident and in use by another worker; nothing pending fits it
[DESKTOP-J6EJPKF-7372] holding: [] resident and in use by another worker; nothing pending fits it
[DESKTOP-J6EJPKF-7372] holding: [] resident and in use by another worker; nothing pending fits it
[DESKTOP-J6EJPKF-7372] holding: [] resident and in use by another worker; nothing pending fits it
[DESKTOP-J6EJPKF-7372] holding: [] resident and in use by another worker; nothing pending fits it
[DESKTOP-J6EJPKF-7372] holding: [] resident and in use by another worker; nothing pending fits it
[DESKTOP-J6EJPKF-7372] holding: [] resident and in use by another worker; nothing pending fits it
[DESKTOP-J6EJPKF-7372] holding: [] resident and in use by another worker; nothing pending fits it
[DESKTOP-J6EJPKF-7372] holding: [] resident and in use by another worker; nothing pending fits it
[DESKTOP-J6EJPKF-7372] holding: [] resident and in use by another worker; nothing pending fits it
[DESKTOP-J6EJPKF-7372] holding: [] resident and in use by another worker; nothing pending fits it
[DESKTOP-J6EJPKF-7372] holding: [] resident and in use by another worker; nothing pending fits it
[DESKTOP-J6EJPKF-7372] holding: [] resident and in use by another worker; nothing pending fits it
[DESKTOP-J6EJPKF-7372] holding: [] resident and in use by another worker; nothing pending fits it
[DESKTOP-J6EJPKF-7372] holding: [] resident and in use by another worker; nothing pending fits it
[DESKTOP-J6EJPKF-7372] holding: [] resident and in use by another worker; nothing pending fits it
[DESKTOP-J6EJPKF-7372] holding: [] resident and in use by another worker; nothing pending fits it
[DESKTOP-J6EJPKF-7372] holding: [] resident and in use by another worker; nothing pending fits it
[DESKTOP-J6EJPKF-7372] holding: [] resident and in use by another worker; nothing pending fits it
[DESKTOP-J6EJPKF-7372] holding: [] resident and in use by another worker; nothing pending fits it
[DESKTOP-J6EJPKF-7372] holding: [] resident and in use by another worker; nothing pending fits it
[DESKTOP-J6EJPKF-7372] holding: [] resident and in use by another worker; nothing pending fits it
[DESKTOP-J6EJPKF-7372] holding: [] resident and in use by another worker; nothing pending fits it
[DESKTOP-J6EJPKF-7372] holding: [] resident and in use by another worker; nothing pending fits it
[DESKTOP-J6EJPKF-7372] holding: [] resident and in use by another worker; nothing pending fits it
[DESKTOP-J6EJPKF-7372] holding: [] resident and in use by another worker; nothing pending fits it
[DESKTOP-J6EJPKF-7372] holding: [] resident and in use by another worker; nothing pending fits it
[DESKTOP-J6EJPKF-7372] holding: [] resident and in use by another worker; nothing pending fits it
[DESKTOP-J6EJPKF-7372] holding: [] resident and in use by another worker; nothing pending fits it
[DESKTOP-J6EJPKF-7372] holding: [] resident and in use by another worker; nothing pending fits it
[DESKTOP-J6EJPKF-7372] holding: [] resident and in use by another worker; nothing pending fits it
[DESKTOP-J6EJPKF-7372] holding: [] resident and in use by another worker; nothing pending fits it
[DESKTOP-J6EJPKF-7372] holding: [] resident and in use by another worker; nothing pending fits it
[DESKTOP-J6EJPKF-7372] holding: [] resident and in use by another worker; nothing pending fits it
[DESKTOP-J6EJPKF-7372] holding: [] resident and in use by another worker; nothing pending fits it
[DESKTOP-J6EJPKF-7372] holding: [] resident and in use by another worker; nothing pending fits it
[DESKTOP-J6EJPKF-7372] holding: [] resident and in use by another worker; nothing pending fits it
[DESKTOP-J6EJPKF-7372] holding: [] resident and in use by another worker; nothing pending fits it
[DESKTOP-J6EJPKF-7372] holding: [] resident and in use by another worker; nothing pending fits it
[DESKTOP-J6EJPKF-7372] holding: [] resident and in use by another worker; nothing pending fits it
[DESKTOP-J6EJPKF-7372] holding: [] resident and in use by another worker; nothing pending fits it
[DESKTOP-J6EJPKF-7372] holding: [] resident and in use by another worker; nothing pending fits it
[DESKTOP-J6EJPKF-7372] holding: [] resident and in use by another worker; nothing pending fits it
[DESKTOP-J6EJPKF-7372] holding: [] resident and in use by another worker; nothing pending fits it
[DESKTOP-J6EJPKF-7372] holding: [] resident and in use by another worker; nothing pending fits it
[DESKTOP-J6EJPKF-7372] holding: [] resident and in use by another worker; nothing pending fits it
[DESKTOP-J6EJPKF-7372] holding: [] resident and in use by another worker; nothing pending fits it
[DESKTOP-J6EJPKF-7372] holding: [] resident and in use by another worker; nothing pending fits it
[DESKTOP-J6EJPKF-7372] holding: [] resident and in use by another worker; nothing pending fits it
[DESKTOP-J6EJPKF-7372] holding: [] resident and in use by another worker; nothing pending fits it
[DESKTOP-J6EJPKF-7372] holding: [] resident and in use by another worker; nothing pending fits it
[DESKTOP-J6EJPKF-7372] holding: [] resident and in use by another worker; nothing pending fits it
[DESKTOP-J6EJPKF-7372] holding: [] resident and in use by another worker; nothing pending fits it
[DESKTOP-J6EJPKF-7372] holding: [] resident and in use by another worker; nothing pending fits it
[DESKTOP-J6EJPKF-7372] holding: [] resident and in use by another worker; nothing pending fits it
[DESKTOP-J6EJPKF-7372] holding: ['nemotron3-nano-4b:latest'] resident and in use by another worker; nothing pending fits it
[DESKTOP-J6EJPKF-7372] holding: ['nemotron3-nano-4b:latest'] resident and in use by another worker; nothing pending fits it
[DESKTOP-J6EJPKF-7372] holding: ['nemotron3-nano-4b:latest'] resident and in use by another worker; nothing pending fits it
[DESKTOP-J6EJPKF-7372] holding: ['nemotron3-nano-4b:latest'] resident and in use by another worker; nothing pending fits it
[DESKTOP-J6EJPKF-7372] holding: ['nemotron3-nano-4b:latest'] resident and in use by another worker; nothing pending fits it
[DESKTOP-J6EJPKF-7372] holding: ['nemotron3-nano-4b:latest'] resident and in use by another worker; nothing pending fits it
[DESKTOP-J6EJPKF-7372] holding: ['nemotron3-nano-4b:latest'] resident and in use by another worker; nothing pending fits it
[DESKTOP-J6EJPKF-7372] holding: ['nemotron3-nano-4b:latest'] resident and in use by another worker; nothing pending fits it
[DESKTOP-J6EJPKF-7372] holding: ['nemotron3-nano-4b:latest'] resident and in use by another worker; nothing pending fits it
[DESKTOP-J6EJPKF-7372] holding: ['nemotron3-nano-4b:latest'] resident and in use by another worker; nothing pending fits it
[DESKTOP-J6EJPKF-7372] holding: ['nemotron3-nano-4b:latest'] resident and in use by another worker; nothing pending fits it
[DESKTOP-J6EJPKF-7372] holding: ['nemotron3-nano-4b:latest'] resident and in use by another worker; nothing pending fits it
[DESKTOP-J6EJPKF-7372] holding: ['nemotron3-nano-4b:latest'] resident and in use by another worker; nothing pending fits it
[DESKTOP-J6EJPKF-7372] holding: ['nemotron3-nano-4b:latest'] resident and in use by another worker; nothing pending fits it
[DESKTOP-J6EJPKF-7372] holding: ['nemotron3-nano-4b:latest'] resident and in use by another worker; nothing pending fits it
[DESKTOP-J6EJPKF-7372] holding: ['nemotron3-nano-4b:latest'] resident and in use by another worker; nothing pending fits it
[DESKTOP-J6EJPKF-7372] 8 item(s)  monolith/nemotron3-nano-4b/decision_first
