worker DESKTOP-J6EJPKF-12228 | pool C:\Users\Fontenaille\Desktop\Lattice-Kiln\evalkit_pool | backend http://127.0.0.1:11434 | {'pending': 2088, 'claimed': 32, 'done': 1577}
[DESKTOP-J6EJPKF-12228] 8 item(s)  judge_anchored/nemotron3-nano-4b/decision_first
      exit 0 | done 8 released 0 | {'pending': 2032, 'claimed': 56, 'done': 1609}
[DESKTOP-J6EJPKF-12228] 8 item(s)  judge_anchored/nemotron3-nano-4b/decision_first
      exit 0 | done 16 released 0 | {'pending': 2016, 'claimed': 56, 'done': 1625}
[DESKTOP-J6EJPKF-12228] 8 item(s)  judge_anchored/nemotron3-nano-4b/decision_first
      exit 0 | done 24 released 0 | {'pending': 1976, 'claimed': 56, 'done': 1665}
[DESKTOP-J6EJPKF-12228] 8 item(s)  judge_anchored/nemotron3-nano-4b/decision_first
      exit 0 | done 32 released 0 | {'pending': 1952, 'claimed': 56, 'done': 1689}
[DESKTOP-J6EJPKF-12228] 8 item(s)  judge_anchored/nemotron3-nano-4b/decision_first
      exit 0 | done 40 released 0 | {'pending': 1928, 'claimed': 56, 'done': 1713}
[DESKTOP-J6EJPKF-12228] 8 item(s)  judge_anchored/nemotron3-nano-4b/decision_first
      exit 0 | done 48 released 0 | {'pending': 1928, 'claimed': 24, 'done': 1745}
[DESKTOP-J6EJPKF-12228] 8 item(s)  judge_anchored/nemotron3-nano-4b/decision_first
      exit 0 | done 56 released 0 | {'pending': 1896, 'claimed': 24, 'done': 1777}
[DESKTOP-J6EJPKF-12228] 8 item(s)  judge_anchored/nemotron3-nano-4b/decision_first
      exit 0 | done 64 released 0 | {'pending': 1864, 'claimed': 24, 'done': 1809}
[DESKTOP-J6EJPKF-12228] 8 item(s)  judge_anchored/nemotron3-nano-4b/decision_first
      exit 0 | done 72 released 0 | {'pending': 1816, 'claimed': 24, 'done': 1857}
[DESKTOP-J6EJPKF-12228] 8 item(s)  judge_anchored/nemotron3-nano-4b/decision_first
      exit 0 | done 80 released 0 | {'pending': 1784, 'claimed': 24, 'done': 1889}
[DESKTOP-J6EJPKF-12228] 2 item(s)  judge_anchored/nemotron3-nano-4b/decision_first
      exit 0 | done 82 released 0 | {'pending': 1774, 'claimed': 24, 'done': 1899}
[DESKTOP-J6EJPKF-12228] 8 item(s)  judge_bypass/nemotron3-nano-4b/decision_first
      exit 0 | done 90 released 0 | {'pending': 1750, 'claimed': 24, 'done': 1923}
[DESKTOP-J6EJPKF-12228] 8 item(s)  judge_bypass/nemotron3-nano-4b/decision_first
      exit 0 | done 98 released 0 | {'pending': 1710, 'claimed': 24, 'done': 1963}
[DESKTOP-J6EJPKF-12228] 8 item(s)  judge_bypass/nemotron3-nano-4b/decision_first
      exit 0 | done 106 released 0 | {'pending': 1678, 'claimed': 24, 'done': 1995}
[DESKTOP-J6EJPKF-12228] 8 item(s)  judge_bypass/nemotron3-nano-4b/decision_first
      exit 0 | done 114 released 0 | {'pending': 1654, 'claimed': 24, 'done': 2019}
[DESKTOP-J6EJPKF-12228] 8 item(s)  judge_bypass/nemotron3-nano-4b/decision_first
      exit 0 | done 122 released 0 | {'pending': 1638, 'claimed': 24, 'done': 2035}
[DESKTOP-J6EJPKF-12228] 8 item(s)  judge_bypass/nemotron3-nano-4b/decision_first
      exit 0 | done 130 released 0 | {'pending': 1590, 'claimed': 24, 'done': 2083}
[DESKTOP-J6EJPKF-12228] 8 item(s)  judge_bypass/nemotron3-nano-4b/decision_first
      exit 0 | done 138 released 0 | {'pending': 1566, 'claimed': 24, 'done': 2107}
[DESKTOP-J6EJPKF-12228] 8 item(s)  judge_bypass/nemotron3-nano-4b/decision_first
      exit 0 | done 146 released 0 | {'pending': 1542, 'claimed': 24, 'done': 2131}
[DESKTOP-J6EJPKF-12228] 8 item(s)  judge_bypass/nemotron3-nano-4b/decision_first
      exit 0 | done 154 released 0 | {'pending': 1510, 'claimed': 24, 'done': 2163}
[DESKTOP-J6EJPKF-12228] 2 item(s)  judge_bypass/nemotron3-nano-4b/decision_first
      exit 0 | done 156 released 0 | {'pending': 1508, 'claimed': 24, 'done': 2165}
[DESKTOP-J6EJPKF-12228] 8 item(s)  judge_caveat/nemotron3-nano-4b/decision_first
      exit 0 | done 164 released 0 | {'pending': 1474, 'claimed': 16, 'done': 2207}
[DESKTOP-J6EJPKF-12228] holding: ['nemotron3-nano-4b:latest'] resident and in use by another worker; nothing pending fits it
[DESKTOP-J6EJPKF-12228] holding: ['nemotron3-nano-4b:latest'] resident and in use by another worker; nothing pending fits it
[DESKTOP-J6EJPKF-12228] holding: ['nemotron3-nano-4b:latest'] resident and in use by another worker; nothing pending fits it
[DESKTOP-J6EJPKF-12228] holding: ['nemotron3-nano-4b:latest'] resident and in use by another worker; nothing pending fits it
[DESKTOP-J6EJPKF-12228] holding: ['nemotron3-nano-4b:latest'] resident and in use by another worker; nothing pending fits it
[DESKTOP-J6EJPKF-12228] holding: ['nemotron3-nano-4b:latest'] resident and in use by another worker; nothing pending fits it
[DESKTOP-J6EJPKF-12228] holding: ['nemotron3-nano-4b:latest'] resident and in use by another worker; nothing pending fits it
[DESKTOP-J6EJPKF-12228] holding: ['nemotron3-nano-4b:latest'] resident and in use by another worker; nothing pending fits it
[DESKTOP-J6EJPKF-12228] holding: ['nemotron3-nano-4b:latest'] resident and in use by another worker; nothing pending fits it
[DESKTOP-J6EJPKF-12228] holding: ['nemotron3-nano-4b:latest'] resident and in use by another worker; nothing pending fits it
[DESKTOP-J6EJPKF-12228] holding: ['nemotron3-nano-4b:latest'] resident and in use by another worker; nothing pending fits it
[DESKTOP-J6EJPKF-12228] holding: ['nemotron3-nano-4b:latest'] resident and in use by another worker; nothing pending fits it
[DESKTOP-J6EJPKF-12228] holding: ['nemotron3-nano-4b:latest'] resident and in use by another worker; nothing pending fits it
[DESKTOP-J6EJPKF-12228] 8 item(s)  judge_anchored/nemotron3-nano-4b/reason_first
      exit 0 | done 172 released 0 | {'pending': 1440, 'claimed': 16, 'done': 2241}
[DESKTOP-J6EJPKF-12228] 8 item(s)  judge_anchored/nemotron3-nano-4b/reason_first
      exit 0 | done 180 released 0 | {'pending': 1408, 'claimed': 16, 'done': 2273}
[DESKTOP-J6EJPKF-12228] 8 item(s)  judge_anchored/nemotron3-nano-4b/reason_first
      exit 0 | done 188 released 0 | {'pending': 1384, 'claimed': 16, 'done': 2297}
[DESKTOP-J6EJPKF-12228] 8 item(s)  judge_anchored/nemotron3-nano-4b/reason_first
      exit 0 | done 196 released 0 | {'pending': 1336, 'claimed': 24, 'done': 2337}
[DESKTOP-J6EJPKF-12228] 8 item(s)  judge_anchored/nemotron3-nano-4b/reason_first
      exit 0 | done 204 released 0 | {'pending': 1320, 'claimed': 24, 'done': 2353}
[DESKTOP-J6EJPKF-12228] 8 item(s)  judge_anchored/nemotron3-nano-4b/reason_first
      exit 0 | done 212 released 0 | {'pending': 1272, 'claimed': 24, 'done': 2401}
[DESKTOP-J6EJPKF-12228] 8 item(s)  judge_anchored/nemotron3-nano-4b/reason_first
      exit 0 | done 220 released 0 | {'pending': 1240, 'claimed': 16, 'done': 2441}
[DESKTOP-J6EJPKF-12228] 5 item(s)  judge_anchored/nemotron3-nano-4b/reason_first
      exit 0 | done 225 released 0 | {'pending': 1198, 'claimed': 24, 'done': 2475}
[DESKTOP-J6EJPKF-12228] 8 item(s)  judge_bypass/nemotron3-nano-4b/reason_first
      exit 0 | done 233 released 0 | {'pending': 1164, 'claimed': 16, 'done': 2517}
[DESKTOP-J6EJPKF-12228] holding: ['nemotron3-nano-4b:latest'] resident and in use by another worker; nothing pending fits it
[DESKTOP-J6EJPKF-12228] holding: ['nemotron3-nano-4b:latest'] resident and in use by another worker; nothing pending fits it
[DESKTOP-J6EJPKF-12228] holding: ['nemotron3-nano-4b:latest'] resident and in use by another worker; nothing pending fits it
[DESKTOP-J6EJPKF-12228] holding: ['nemotron3-nano-4b:latest'] resident and in use by another worker; nothing pending fits it
[DESKTOP-J6EJPKF-12228] holding: ['nemotron3-nano-4b:latest'] resident and in use by another worker; nothing pending fits it
[DESKTOP-J6EJPKF-12228] holding: ['nemotron3-nano-4b:latest'] resident and in use by another worker; nothing pending fits it
[DESKTOP-J6EJPKF-12228] holding: ['nemotron3-nano-4b:latest'] resident and in use by another worker; nothing pending fits it
[DESKTOP-J6EJPKF-12228] holding: ['nemotron3-nano-4b:latest'] resident and in use by another worker; nothing pending fits it
[DESKTOP-J6EJPKF-12228] holding: ['nemotron3-nano-4b:latest'] resident and in use by another worker; nothing pending fits it
[DESKTOP-J6EJPKF-12228] holding: ['nemotron3-nano-4b:latest'] resident and in use by another worker; nothing pending fits it
[DESKTOP-J6EJPKF-12228] holding: [] resident and in use by another worker; nothing pending fits it
[DESKTOP-J6EJPKF-12228] holding: [] resident and in use by another worker; nothing pending fits it
[DESKTOP-J6EJPKF-12228] holding: [] resident and in use by another worker; nothing pending fits it
[DESKTOP-J6EJPKF-12228] holding: [] resident and in use by another worker; nothing pending fits it
[DESKTOP-J6EJPKF-12228] holding: [] resident and in use by another worker; nothing pending fits it
[DESKTOP-J6EJPKF-12228] holding: [] resident and in use by another worker; nothing pending fits it
[DESKTOP-J6EJPKF-12228] holding: [] resident and in use by another worker; nothing pending fits it
[DESKTOP-J6EJPKF-12228] holding: [] resident and in use by another worker; nothing pending fits it
[DESKTOP-J6EJPKF-12228] holding: [] resident and in use by another worker; nothing pending fits it
[DESKTOP-J6EJPKF-12228] holding: [] resident and in use by another worker; nothing pending fits it
[DESKTOP-J6EJPKF-12228] holding: [] resident and in use by another worker; nothing pending fits it
[DESKTOP-J6EJPKF-12228] holding: [] resident and in use by another worker; nothing pending fits it
[DESKTOP-J6EJPKF-12228] holding: [] resident and in use by another worker; nothing pending fits it
[DESKTOP-J6EJPKF-12228] holding: [] resident and in use by another worker; nothing pending fits it
[DESKTOP-J6EJPKF-12228] holding: [] resident and in use by another worker; nothing pending fits it
[DESKTOP-J6EJPKF-12228] holding: [] resident and in use by another worker; nothing pending fits it
[DESKTOP-J6EJPKF-12228] holding: [] resident and in use by another worker; nothing pending fits it
[DESKTOP-J6EJPKF-12228] holding: [] resident and in use by another worker; nothing pending fits it
[DESKTOP-J6EJPKF-12228] holding: [] resident and in use by another worker; nothing pending fits it
[DESKTOP-J6EJPKF-12228] holding: [] resident and in use by another worker; nothing pending fits it
[DESKTOP-J6EJPKF-12228] holding: [] resident and in use by another worker; nothing pending fits it
[DESKTOP-J6EJPKF-12228] holding: [] resident and in use by another worker; nothing pending fits it
[DESKTOP-J6EJPKF-12228] holding: [] resident and in use by another worker; nothing pending fits it
[DESKTOP-J6EJPKF-12228] holding: [] resident and in use by another worker; nothing pending fits it
[DESKTOP-J6EJPKF-12228] holding: [] resident and in use by another worker; nothing pending fits it
[DESKTOP-J6EJPKF-12228] holding: [] resident and in use by another worker; nothing pending fits it
[DESKTOP-J6EJPKF-12228] holding: [] resident and in use by another worker; nothing pending fits it
[DESKTOP-J6EJPKF-12228] holding: [] resident and in use by another worker; nothing pending fits it
[DESKTOP-J6EJPKF-12228] holding: [] resident and in use by another worker; nothing pending fits it
[DESKTOP-J6EJPKF-12228] holding: [] resident and in use by another worker; nothing pending fits it
[DESKTOP-J6EJPKF-12228] holding: [] resident and in use by another worker; nothing pending fits it
[DESKTOP-J6EJPKF-12228] holding: [] resident and in use by another worker; nothing pending fits it
[DESKTOP-J6EJPKF-12228] holding: [] resident and in use by another worker; nothing pending fits it
[DESKTOP-J6EJPKF-12228] holding: [] resident and in use by another worker; nothing pending fits it
[DESKTOP-J6EJPKF-12228] holding: [] resident and in use by another worker; nothing pending fits it
[DESKTOP-J6EJPKF-12228] holding: [] resident and in use by another worker; nothing pending fits it
[DESKTOP-J6EJPKF-12228] holding: [] resident and in use by another worker; nothing pending fits it
[DESKTOP-J6EJPKF-12228] holding: [] resident and in use by another worker; nothing pending fits it
[DESKTOP-J6EJPKF-12228] holding: [] resident and in use by another worker; nothing pending fits it
[DESKTOP-J6EJPKF-12228] holding: [] resident and in use by another worker; nothing pending fits it
[DESKTOP-J6EJPKF-12228] holding: [] resident and in use by another worker; nothing pending fits it
[DESKTOP-J6EJPKF-12228] holding: [] resident and in use by another worker; nothing pending fits it
[DESKTOP-J6EJPKF-12228] holding: [] resident and in use by another worker; nothing pending fits it
[DESKTOP-J6EJPKF-12228] holding: [] resident and in use by another worker; nothing pending fits it
[DESKTOP-J6EJPKF-12228] holding: [] resident and in use by another worker; nothing pending fits it
[DESKTOP-J6EJPKF-12228] holding: [] resident and in use by another worker; nothing pending fits it
[DESKTOP-J6EJPKF-12228] holding: [] resident and in use by another worker; nothing pending fits it
[DESKTOP-J6EJPKF-12228] holding: [] resident and in use by another worker; nothing pending fits it
[DESKTOP-J6EJPKF-12228] holding: [] resident and in use by another worker; nothing pending fits it
[DESKTOP-J6EJPKF-12228] holding: [] resident and in use by another worker; nothing pending fits it
[DESKTOP-J6EJPKF-12228] holding: [] resident and in use by another worker; nothing pending fits it
[DESKTOP-J6EJPKF-12228] holding: [] resident and in use by another worker; nothing pending fits it
[DESKTOP-J6EJPKF-12228] holding: [] resident and in use by another worker; nothing pending fits it
[DESKTOP-J6EJPKF-12228] holding: [] resident and in use by another worker; nothing pending fits it
[DESKTOP-J6EJPKF-12228] holding: [] resident and in use by another worker; nothing pending fits it
[DESKTOP-J6EJPKF-12228] holding: [] resident and in use by another worker; nothing pending fits it
[DESKTOP-J6EJPKF-12228] holding: [] resident and in use by another worker; nothing pending fits it
[DESKTOP-J6EJPKF-12228] holding: [] resident and in use by another worker; nothing pending fits it
[DESKTOP-J6EJPKF-12228] holding: [] resident and in use by another worker; nothing pending fits it
[DESKTOP-J6EJPKF-12228] holding: [] resident and in use by another worker; nothing pending fits it
[DESKTOP-J6EJPKF-12228] holding: [] resident and in use by another worker; nothing pending fits it
[DESKTOP-J6EJPKF-12228] holding: [] resident and in use by another worker; nothing pending fits it
[DESKTOP-J6EJPKF-12228] holding: [] resident and in use by another worker; nothing pending fits it
[DESKTOP-J6EJPKF-12228] holding: [] resident and in use by another worker; nothing pending fits it
[DESKTOP-J6EJPKF-12228] holding: [] resident and in use by another worker; nothing pending fits it
[DESKTOP-J6EJPKF-12228] holding: [] resident and in use by another worker; nothing pending fits it
[DESKTOP-J6EJPKF-12228] holding: [] resident and in use by another worker; nothing pending fits it
[DESKTOP-J6EJPKF-12228] holding: [] resident and in use by another worker; nothing pending fits it
[DESKTOP-J6EJPKF-12228] holding: [] resident and in use by another worker; nothing pending fits it
[DESKTOP-J6EJPKF-12228] holding: [] resident and in use by another worker; nothing pending fits it
[DESKTOP-J6EJPKF-12228] holding: [] resident and in use by another worker; nothing pending fits it
[DESKTOP-J6EJPKF-12228] holding: [] resident and in use by another worker; nothing pending fits it
[DESKTOP-J6EJPKF-12228] holding: [] resident and in use by another worker; nothing pending fits it
[DESKTOP-J6EJPKF-12228] holding: [] resident and in use by another worker; nothing pending fits it
[DESKTOP-J6EJPKF-12228] holding: [] resident and in use by another worker; nothing pending fits it
[DESKTOP-J6EJPKF-12228] holding: [] resident and in use by another worker; nothing pending fits it
[DESKTOP-J6EJPKF-12228] holding: [] resident and in use by another worker; nothing pending fits it
[DESKTOP-J6EJPKF-12228] holding: [] resident and in use by another worker; nothing pending fits it
[DESKTOP-J6EJPKF-12228] holding: [] resident and in use by another worker; nothing pending fits it
[DESKTOP-J6EJPKF-12228] holding: [] resident and in use by another worker; nothing pending fits it
[DESKTOP-J6EJPKF-12228] holding: [] resident and in use by another worker; nothing pending fits it
[DESKTOP-J6EJPKF-12228] holding: [] resident and in use by another worker; nothing pending fits it
[DESKTOP-J6EJPKF-12228] holding: [] resident and in use by another worker; nothing pending fits it
[DESKTOP-J6EJPKF-12228] holding: [] resident and in use by another worker; nothing pending fits it
[DESKTOP-J6EJPKF-12228] holding: [] resident and in use by another worker; nothing pending fits it
[DESKTOP-J6EJPKF-12228] holding: [] resident and in use by another worker; nothing pending fits it
[DESKTOP-J6EJPKF-12228] holding: [] resident and in use by another worker; nothing pending fits it
[DESKTOP-J6EJPKF-12228] holding: [] resident and in use by another worker; nothing pending fits it
[DESKTOP-J6EJPKF-12228] holding: [] resident and in use by another worker; nothing pending fits it
[DESKTOP-J6EJPKF-12228] holding: [] resident and in use by another worker; nothing pending fits it
[DESKTOP-J6EJPKF-12228] holding: [] resident and in use by another worker; nothing pending fits it
[DESKTOP-J6EJPKF-12228] holding: [] resident and in use by another worker; nothing pending fits it
[DESKTOP-J6EJPKF-12228] holding: [] resident and in use by another worker; nothing pending fits it
[DESKTOP-J6EJPKF-12228] holding: [] resident and in use by another worker; nothing pending fits it
[DESKTOP-J6EJPKF-12228] holding: [] resident and in use by another worker; nothing pending fits it
[DESKTOP-J6EJPKF-12228] holding: [] resident and in use by another worker; nothing pending fits it
[DESKTOP-J6EJPKF-12228] holding: [] resident and in use by another worker; nothing pending fits it
[DESKTOP-J6EJPKF-12228] holding: [] resident and in use by another worker; nothing pending fits it
[DESKTOP-J6EJPKF-12228] holding: [] resident and in use by another worker; nothing pending fits it
[DESKTOP-J6EJPKF-12228] holding: [] resident and in use by another worker; nothing pending fits it
[DESKTOP-J6EJPKF-12228] holding: [] resident and in use by another worker; nothing pending fits it
[DESKTOP-J6EJPKF-12228] holding: [] resident and in use by another worker; nothing pending fits it
[DESKTOP-J6EJPKF-12228] holding: [] resident and in use by another worker; nothing pending fits it
[DESKTOP-J6EJPKF-12228] holding: [] resident and in use by another worker; nothing pending fits it
[DESKTOP-J6EJPKF-12228] holding: [] resident and in use by another worker; nothing pending fits it
[DESKTOP-J6EJPKF-12228] holding: [] resident and in use by another worker; nothing pending fits it
[DESKTOP-J6EJPKF-12228] holding: [] resident and in use by another worker; nothing pending fits it
[DESKTOP-J6EJPKF-12228] holding: [] resident and in use by another worker; nothing pending fits it
[DESKTOP-J6EJPKF-12228] holding: [] resident and in use by another worker; nothing pending fits it
[DESKTOP-J6EJPKF-12228] holding: [] resident and in use by another worker; nothing pending fits it
[DESKTOP-J6EJPKF-12228] holding: [] resident and in use by another worker; nothing pending fits it
[DESKTOP-J6EJPKF-12228] holding: [] resident and in use by another worker; nothing pending fits it
[DESKTOP-J6EJPKF-12228] holding: [] resident and in use by another worker; nothing pending fits it
[DESKTOP-J6EJPKF-12228] holding: [] resident and in use by another worker; nothing pending fits it
[DESKTOP-J6EJPKF-12228] holding: [] resident and in use by another worker; nothing pending fits it
[DESKTOP-J6EJPKF-12228] holding: [] resident and in use by another worker; nothing pending fits it
[DESKTOP-J6EJPKF-12228] holding: [] resident and in use by another worker; nothing pending fits it
[DESKTOP-J6EJPKF-12228] holding: [] resident and in use by another worker; nothing pending fits it
[DESKTOP-J6EJPKF-12228] holding: [] resident and in use by another worker; nothing pending fits it
[DESKTOP-J6EJPKF-12228] holding: [] resident and in use by another worker; nothing pending fits it
[DESKTOP-J6EJPKF-12228] holding: [] resident and in use by another worker; nothing pending fits it
[DESKTOP-J6EJPKF-12228] holding: [] resident and in use by another worker; nothing pending fits it
[DESKTOP-J6EJPKF-12228] holding: [] resident and in use by another worker; nothing pending fits it
[DESKTOP-J6EJPKF-12228] holding: [] resident and in use by another worker; nothing pending fits it
[DESKTOP-J6EJPKF-12228] holding: [] resident and in use by another worker; nothing pending fits it
[DESKTOP-J6EJPKF-12228] holding: [] resident and in use by another worker; nothing pending fits it
[DESKTOP-J6EJPKF-12228] holding: [] resident and in use by another worker; nothing pending fits it
[DESKTOP-J6EJPKF-12228] holding: [] resident and in use by another worker; nothing pending fits it
[DESKTOP-J6EJPKF-12228] holding: [] resident and in use by another worker; nothing pending fits it
[DESKTOP-J6EJPKF-12228] holding: [] resident and in use by another worker; nothing pending fits it
[DESKTOP-J6EJPKF-12228] holding: [] resident and in use by another worker; nothing pending fits it
[DESKTOP-J6EJPKF-12228] holding: [] resident and in use by another worker; nothing pending fits it
[DESKTOP-J6EJPKF-12228] holding: [] resident and in use by another worker; nothing pending fits it
[DESKTOP-J6EJPKF-12228] holding: [] resident and in use by another worker; nothing pending fits it
[DESKTOP-J6EJPKF-12228] holding: [] resident and in use by another worker; nothing pending fits it
[DESKTOP-J6EJPKF-12228] holding: [] resident and in use by another worker; nothing pending fits it
[DESKTOP-J6EJPKF-12228] holding: [] resident and in use by another worker; nothing pending fits it
[DESKTOP-J6EJPKF-12228] holding: [] resident and in use by another worker; nothing pending fits it
[DESKTOP-J6EJPKF-12228] holding: [] resident and in use by another worker; nothing pending fits it
[DESKTOP-J6EJPKF-12228] holding: [] resident and in use by another worker; nothing pending fits it
[DESKTOP-J6EJPKF-12228] holding: [] resident and in use by another worker; nothing pending fits it
[DESKTOP-J6EJPKF-12228] holding: [] resident and in use by another worker; nothing pending fits it
[DESKTOP-J6EJPKF-12228] holding: [] resident and in use by another worker; nothing pending fits it
[DESKTOP-J6EJPKF-12228] holding: [] resident and in use by another worker; nothing pending fits it
[DESKTOP-J6EJPKF-12228] holding: [] resident and in use by another worker; nothing pending fits it
[DESKTOP-J6EJPKF-12228] holding: [] resident and in use by another worker; nothing pending fits it
[DESKTOP-J6EJPKF-12228] holding: [] resident and in use by another worker; nothing pending fits it
[DESKTOP-J6EJPKF-12228] holding: [] resident and in use by another worker; nothing pending fits it
[DESKTOP-J6EJPKF-12228] holding: [] resident and in use by another worker; nothing pending fits it
[DESKTOP-J6EJPKF-12228] holding: [] resident and in use by another worker; nothing pending fits it
[DESKTOP-J6EJPKF-12228] holding: [] resident and in use by another worker; nothing pending fits it
[DESKTOP-J6EJPKF-12228] holding: [] resident and in use by another worker; nothing pending fits it
[DESKTOP-J6EJPKF-12228] holding: [] resident and in use by another worker; nothing pending fits it
[DESKTOP-J6EJPKF-12228] holding: [] resident and in use by another worker; nothing pending fits it
[DESKTOP-J6EJPKF-12228] holding: [] resident and in use by another worker; nothing pending fits it
[DESKTOP-J6EJPKF-12228] holding: [] resident and in use by another worker; nothing pending fits it
[DESKTOP-J6EJPKF-12228] holding: [] resident and in use by another worker; nothing pending fits it
[DESKTOP-J6EJPKF-12228] holding: [] resident and in use by another worker; nothing pending fits it
[DESKTOP-J6EJPKF-12228] holding: [] resident and in use by another worker; nothing pending fits it
[DESKTOP-J6EJPKF-12228] holding: [] resident and in use by another worker; nothing pending fits it
[DESKTOP-J6EJPKF-12228] holding: [] resident and in use by another worker; nothing pending fits it
[DESKTOP-J6EJPKF-12228] holding: [] resident and in use by another worker; nothing pending fits it
[DESKTOP-J6EJPKF-12228] holding: [] resident and in use by another worker; nothing pending fits it
[DESKTOP-J6EJPKF-12228] holding: [] resident and in use by another worker; nothing pending fits it
[DESKTOP-J6EJPKF-12228] holding: [] resident and in use by another worker; nothing pending fits it
[DESKTOP-J6EJPKF-12228] holding: [] resident and in use by another worker; nothing pending fits it
[DESKTOP-J6EJPKF-12228] holding: [] resident and in use by another worker; nothing pending fits it
[DESKTOP-J6EJPKF-12228] holding: [] resident and in use by another worker; nothing pending fits it
[DESKTOP-J6EJPKF-12228] holding: [] resident and in use by another worker; nothing pending fits it
[DESKTOP-J6EJPKF-12228] holding: [] resident and in use by another worker; nothing pending fits it
[DESKTOP-J6EJPKF-12228] holding: [] resident and in use by another worker; nothing pending fits it
[DESKTOP-J6EJPKF-12228] holding: [] resident and in use by another worker; nothing pending fits it
[DESKTOP-J6EJPKF-12228] holding: [] resident and in use by another worker; nothing pending fits it
[DESKTOP-J6EJPKF-12228] holding: [] resident and in use by another worker; nothing pending fits it
[DESKTOP-J6EJPKF-12228] holding: [] resident and in use by another worker; nothing pending fits it
[DESKTOP-J6EJPKF-12228] holding: [] resident and in use by another worker; nothing pending fits it
[DESKTOP-J6EJPKF-12228] holding: [] resident and in use by another worker; nothing pending fits it
[DESKTOP-J6EJPKF-12228] holding: [] resident and in use by another worker; nothing pending fits it
[DESKTOP-J6EJPKF-12228] holding: [] resident and in use by another worker; nothing pending fits it
[DESKTOP-J6EJPKF-12228] holding: [] resident and in use by another worker; nothing pending fits it
[DESKTOP-J6EJPKF-12228] holding: [] resident and in use by another worker; nothing pending fits it
[DESKTOP-J6EJPKF-12228] holding: [] resident and in use by another worker; nothing pending fits it
[DESKTOP-J6EJPKF-12228] holding: [] resident and in use by another worker; nothing pending fits it
[DESKTOP-J6EJPKF-12228] holding: [] resident and in use by another worker; nothing pending fits it
[DESKTOP-J6EJPKF-12228] holding: [] resident and in use by another worker; nothing pending fits it
[DESKTOP-J6EJPKF-12228] holding: [] resident and in use by another worker; nothing pending fits it
[DESKTOP-J6EJPKF-12228] holding: [] resident and in use by another worker; nothing pending fits it
[DESKTOP-J6EJPKF-12228] holding: [] resident and in use by another worker; nothing pending fits it
[DESKTOP-J6EJPKF-12228] holding: [] resident and in use by another worker; nothing pending fits it
[DESKTOP-J6EJPKF-12228] holding: [] resident and in use by another worker; nothing pending fits it
[DESKTOP-J6EJPKF-12228] holding: [] resident and in use by another worker; nothing pending fits it
[DESKTOP-J6EJPKF-12228] holding: [] resident and in use by another worker; nothing pending fits it
[DESKTOP-J6EJPKF-12228] holding: [] resident and in use by another worker; nothing pending fits it
[DESKTOP-J6EJPKF-12228] holding: [] resident and in use by another worker; nothing pending fits it
[DESKTOP-J6EJPKF-12228] holding: [] resident and in use by another worker; nothing pending fits it
[DESKTOP-J6EJPKF-12228] holding: [] resident and in use by another worker; nothing pending fits it
[DESKTOP-J6EJPKF-12228] holding: [] resident and in use by another worker; nothing pending fits it
[DESKTOP-J6EJPKF-12228] holding: [] resident and in use by another worker; nothing pending fits it
[DESKTOP-J6EJPKF-12228] holding: [] resident and in use by another worker; nothing pending fits it
[DESKTOP-J6EJPKF-12228] holding: [] resident and in use by another worker; nothing pending fits it
[DESKTOP-J6EJPKF-12228] holding: [] resident and in use by another worker; nothing pending fits it
[DESKTOP-J6EJPKF-12228] holding: [] resident and in use by another worker; nothing pending fits it
[DESKTOP-J6EJPKF-12228] holding: [] resident and in use by another worker; nothing pending fits it
[DESKTOP-J6EJPKF-12228] holding: [] resident and in use by another worker; nothing pending fits it
[DESKTOP-J6EJPKF-12228] holding: [] resident and in use by another worker; nothing pending fits it
[DESKTOP-J6EJPKF-12228] holding: [] resident and in use by another worker; nothing pending fits it
[DESKTOP-J6EJPKF-12228] holding: [] resident and in use by another worker; nothing pending fits it
[DESKTOP-J6EJPKF-12228] holding: [] resident and in use by another worker; nothing pending fits it
[DESKTOP-J6EJPKF-12228] holding: [] resident and in use by another worker; nothing pending fits it
[DESKTOP-J6EJPKF-12228] holding: [] resident and in use by another worker; nothing pending fits it
[DESKTOP-J6EJPKF-12228] holding: [] resident and in use by another worker; nothing pending fits it
[DESKTOP-J6EJPKF-12228] holding: [] resident and in use by another worker; nothing pending fits it
[DESKTOP-J6EJPKF-12228] holding: [] resident and in use by another worker; nothing pending fits it
[DESKTOP-J6EJPKF-12228] holding: [] resident and in use by another worker; nothing pending fits it
[DESKTOP-J6EJPKF-12228] holding: [] resident and in use by another worker; nothing pending fits it
[DESKTOP-J6EJPKF-12228] holding: [] resident and in use by another worker; nothing pending fits it
[DESKTOP-J6EJPKF-12228] holding: [] resident and in use by another worker; nothing pending fits it
[DESKTOP-J6EJPKF-12228] holding: [] resident and in use by another worker; nothing pending fits it
[DESKTOP-J6EJPKF-12228] holding: [] resident and in use by another worker; nothing pending fits it
[DESKTOP-J6EJPKF-12228] holding: [] resident and in use by another worker; nothing pending fits it
[DESKTOP-J6EJPKF-12228] holding: [] resident and in use by another worker; nothing pending fits it
[DESKTOP-J6EJPKF-12228] holding: [] resident and in use by another worker; nothing pending fits it
[DESKTOP-J6EJPKF-12228] holding: [] resident and in use by another worker; nothing pending fits it
[DESKTOP-J6EJPKF-12228] holding: [] resident and in use by another worker; nothing pending fits it
[DESKTOP-J6EJPKF-12228] holding: [] resident and in use by another worker; nothing pending fits it
[DESKTOP-J6EJPKF-12228] holding: [] resident and in use by another worker; nothing pending fits it
[DESKTOP-J6EJPKF-12228] holding: [] resident and in use by another worker; nothing pending fits it
[DESKTOP-J6EJPKF-12228] holding: [] resident and in use by another worker; nothing pending fits it
[DESKTOP-J6EJPKF-12228] holding: [] resident and in use by another worker; nothing pending fits it
[DESKTOP-J6EJPKF-12228] holding: [] resident and in use by another worker; nothing pending fits it
[DESKTOP-J6EJPKF-12228] holding: [] resident and in use by another worker; nothing pending fits it
[DESKTOP-J6EJPKF-12228] holding: [] resident and in use by another worker; nothing pending fits it
[DESKTOP-J6EJPKF-12228] holding: [] resident and in use by another worker; nothing pending fits it
[DESKTOP-J6EJPKF-12228] holding: [] resident and in use by another worker; nothing pending fits it
[DESKTOP-J6EJPKF-12228] holding: [] resident and in use by another worker; nothing pending fits it
[DESKTOP-J6EJPKF-12228] holding: [] resident and in use by another worker; nothing pending fits it
[DESKTOP-J6EJPKF-12228] holding: [] resident and in use by another worker; nothing pending fits it
[DESKTOP-J6EJPKF-12228] holding: [] resident and in use by another worker; nothing pending fits it
[DESKTOP-J6EJPKF-12228] holding: [] resident and in use by another worker; nothing pending fits it
[DESKTOP-J6EJPKF-12228] holding: [] resident and in use by another worker; nothing pending fits it
[DESKTOP-J6EJPKF-12228] holding: [] resident and in use by another worker; nothing pending fits it
[DESKTOP-J6EJPKF-12228] holding: [] resident and in use by another worker; nothing pending fits it
[DESKTOP-J6EJPKF-12228] holding: [] resident and in use by another worker; nothing pending fits it
[DESKTOP-J6EJPKF-12228] holding: [] resident and in use by another worker; nothing pending fits it
[DESKTOP-J6EJPKF-12228] holding: [] resident and in use by another worker; nothing pending fits it
[DESKTOP-J6EJPKF-12228] holding: [] resident and in use by another worker; nothing pending fits it
[DESKTOP-J6EJPKF-12228] holding: [] resident and in use by another worker; nothing pending fits it
[DESKTOP-J6EJPKF-12228] holding: [] resident and in use by another worker; nothing pending fits it
[DESKTOP-J6EJPKF-12228] holding: [] resident and in use by another worker; nothing pending fits it
[DESKTOP-J6EJPKF-12228] holding: [] resident and in use by another worker; nothing pending fits it
[DESKTOP-J6EJPKF-12228] holding: [] resident and in use by another worker; nothing pending fits it
[DESKTOP-J6EJPKF-12228] holding: [] resident and in use by another worker; nothing pending fits it
[DESKTOP-J6EJPKF-12228] holding: [] resident and in use by another worker; nothing pending fits it
[DESKTOP-J6EJPKF-12228] holding: [] resident and in use by another worker; nothing pending fits it
[DESKTOP-J6EJPKF-12228] holding: [] resident and in use by another worker; nothing pending fits it
[DESKTOP-J6EJPKF-12228] holding: [] resident and in use by another worker; nothing pending fits it
[DESKTOP-J6EJPKF-12228] holding: [] resident and in use by another worker; nothing pending fits it
[DESKTOP-J6EJPKF-12228] holding: [] resident and in use by another worker; nothing pending fits it
[DESKTOP-J6EJPKF-12228] holding: [] resident and in use by another worker; nothing pending fits it
[DESKTOP-J6EJPKF-12228] holding: [] resident and in use by another worker; nothing pending fits it
[DESKTOP-J6EJPKF-12228] holding: [] resident and in use by another worker; nothing pending fits it
[DESKTOP-J6EJPKF-12228] holding: [] resident and in use by another worker; nothing pending fits it
[DESKTOP-J6EJPKF-12228] holding: [] resident and in use by another worker; nothing pending fits it
[DESKTOP-J6EJPKF-12228] holding: [] resident and in use by another worker; nothing pending fits it
[DESKTOP-J6EJPKF-12228] holding: [] resident and in use by another worker; nothing pending fits it
[DESKTOP-J6EJPKF-12228] holding: [] resident and in use by another worker; nothing pending fits it
[DESKTOP-J6EJPKF-12228] holding: [] resident and in use by another worker; nothing pending fits it
[DESKTOP-J6EJPKF-12228] holding: [] resident and in use by another worker; nothing pending fits it
[DESKTOP-J6EJPKF-12228] holding: [] resident and in use by another worker; nothing pending fits it
[DESKTOP-J6EJPKF-12228] holding: [] resident and in use by another worker; nothing pending fits it
[DESKTOP-J6EJPKF-12228] holding: [] resident and in use by another worker; nothing pending fits it
[DESKTOP-J6EJPKF-12228] holding: [] resident and in use by another worker; nothing pending fits it
[DESKTOP-J6EJPKF-12228] holding: [] resident and in use by another worker; nothing pending fits it
[DESKTOP-J6EJPKF-12228] holding: [] resident and in use by another worker; nothing pending fits it
[DESKTOP-J6EJPKF-12228] holding: [] resident and in use by another worker; nothing pending fits it
[DESKTOP-J6EJPKF-12228] holding: [] resident and in use by another worker; nothing pending fits it
[DESKTOP-J6EJPKF-12228] holding: [] resident and in use by another worker; nothing pending fits it
[DESKTOP-J6EJPKF-12228] holding: [] resident and in use by another worker; nothing pending fits it
[DESKTOP-J6EJPKF-12228] holding: [] resident and in use by another worker; nothing pending fits it
[DESKTOP-J6EJPKF-12228] holding: [] resident and in use by another worker; nothing pending fits it
[DESKTOP-J6EJPKF-12228] holding: [] resident and in use by another worker; nothing pending fits it
[DESKTOP-J6EJPKF-12228] holding: [] resident and in use by another worker; nothing pending fits it
[DESKTOP-J6EJPKF-12228] holding: [] resident and in use by another worker; nothing pending fits it
[DESKTOP-J6EJPKF-12228] holding: [] resident and in use by another worker; nothing pending fits it
[DESKTOP-J6EJPKF-12228] holding: [] resident and in use by another worker; nothing pending fits it
[DESKTOP-J6EJPKF-12228] holding: [] resident and in use by another worker; nothing pending fits it
[DESKTOP-J6EJPKF-12228] holding: [] resident and in use by another worker; nothing pending fits it
[DESKTOP-J6EJPKF-12228] holding: [] resident and in use by another worker; nothing pending fits it
[DESKTOP-J6EJPKF-12228] holding: [] resident and in use by another worker; nothing pending fits it
[DESKTOP-J6EJPKF-12228] holding: [] resident and in use by another worker; nothing pending fits it
[DESKTOP-J6EJPKF-12228] holding: [] resident and in use by another worker; nothing pending fits it
[DESKTOP-J6EJPKF-12228] holding: [] resident and in use by another worker; nothing pending fits it
[DESKTOP-J6EJPKF-12228] holding: [] resident and in use by another worker; nothing pending fits it
[DESKTOP-J6EJPKF-12228] holding: [] resident and in use by another worker; nothing pending fits it
[DESKTOP-J6EJPKF-12228] holding: [] resident and in use by another worker; nothing pending fits it
[DESKTOP-J6EJPKF-12228] holding: [] resident and in use by another worker; nothing pending fits it
[DESKTOP-J6EJPKF-12228] holding: [] resident and in use by another worker; nothing pending fits it
[DESKTOP-J6EJPKF-12228] holding: [] resident and in use by another worker; nothing pending fits it
[DESKTOP-J6EJPKF-12228] holding: [] resident and in use by another worker; nothing pending fits it
[DESKTOP-J6EJPKF-12228] holding: [] resident and in use by another worker; nothing pending fits it
[DESKTOP-J6EJPKF-12228] holding: [] resident and in use by another worker; nothing pending fits it
[DESKTOP-J6EJPKF-12228] holding: [] resident and in use by another worker; nothing pending fits it
[DESKTOP-J6EJPKF-12228] holding: [] resident and in use by another worker; nothing pending fits it
[DESKTOP-J6EJPKF-12228] holding: [] resident and in use by another worker; nothing pending fits it
[DESKTOP-J6EJPKF-12228] holding: [] resident and in use by another worker; nothing pending fits it
[DESKTOP-J6EJPKF-12228] holding: [] resident and in use by another worker; nothing pending fits it
[DESKTOP-J6EJPKF-12228] holding: [] resident and in use by another worker; nothing pending fits it
[DESKTOP-J6EJPKF-12228] holding: [] resident and in use by another worker; nothing pending fits it
[DESKTOP-J6EJPKF-12228] holding: [] resident and in use by another worker; nothing pending fits it
[DESKTOP-J6EJPKF-12228] holding: [] resident and in use by another worker; nothing pending fits it
[DESKTOP-J6EJPKF-12228] holding: [] resident and in use by another worker; nothing pending fits it
[DESKTOP-J6EJPKF-12228] holding: [] resident and in use by another worker; nothing pending fits it
[DESKTOP-J6EJPKF-12228] holding: [] resident and in use by another worker; nothing pending fits it
[DESKTOP-J6EJPKF-12228] holding: [] resident and in use by another worker; nothing pending fits it
[DESKTOP-J6EJPKF-12228] holding: [] resident and in use by another worker; nothing pending fits it
[DESKTOP-J6EJPKF-12228] holding: [] resident and in use by another worker; nothing pending fits it
[DESKTOP-J6EJPKF-12228] holding: [] resident and in use by another worker; nothing pending fits it
[DESKTOP-J6EJPKF-12228] holding: [] resident and in use by another worker; nothing pending fits it
[DESKTOP-J6EJPKF-12228] holding: [] resident and in use by another worker; nothing pending fits it
[DESKTOP-J6EJPKF-12228] holding: [] resident and in use by another worker; nothing pending fits it
[DESKTOP-J6EJPKF-12228] holding: [] resident and in use by another worker; nothing pending fits it
[DESKTOP-J6EJPKF-12228] holding: [] resident and in use by another worker; nothing pending fits it
[DESKTOP-J6EJPKF-12228] holding: [] resident and in use by another worker; nothing pending fits it
[DESKTOP-J6EJPKF-12228] holding: [] resident and in use by another worker; nothing pending fits it
[DESKTOP-J6EJPKF-12228] holding: [] resident and in use by another worker; nothing pending fits it
[DESKTOP-J6EJPKF-12228] holding: [] resident and in use by another worker; nothing pending fits it
[DESKTOP-J6EJPKF-12228] holding: [] resident and in use by another worker; nothing pending fits it
[DESKTOP-J6EJPKF-12228] holding: [] resident and in use by another worker; nothing pending fits it
[DESKTOP-J6EJPKF-12228] holding: [] resident and in use by another worker; nothing pending fits it
[DESKTOP-J6EJPKF-12228] holding: [] resident and in use by another worker; nothing pending fits it
[DESKTOP-J6EJPKF-12228] holding: [] resident and in use by another worker; nothing pending fits it
[DESKTOP-J6EJPKF-12228] holding: [] resident and in use by another worker; nothing pending fits it
[DESKTOP-J6EJPKF-12228] holding: [] resident and in use by another worker; nothing pending fits it
[DESKTOP-J6EJPKF-12228] holding: [] resident and in use by another worker; nothing pending fits it
[DESKTOP-J6EJPKF-12228] holding: [] resident and in use by another worker; nothing pending fits it
[DESKTOP-J6EJPKF-12228] holding: [] resident and in use by another worker; nothing pending fits it
[DESKTOP-J6EJPKF-12228] holding: [] resident and in use by another worker; nothing pending fits it
[DESKTOP-J6EJPKF-12228] holding: [] resident and in use by another worker; nothing pending fits it
[DESKTOP-J6EJPKF-12228] holding: [] resident and in use by another worker; nothing pending fits it
[DESKTOP-J6EJPKF-12228] holding: [] resident and in use by another worker; nothing pending fits it
[DESKTOP-J6EJPKF-12228] holding: [] resident and in use by another worker; nothing pending fits it
[DESKTOP-J6EJPKF-12228] holding: [] resident and in use by another worker; nothing pending fits it
[DESKTOP-J6EJPKF-12228] holding: [] resident and in use by another worker; nothing pending fits it
[DESKTOP-J6EJPKF-12228] holding: [] resident and in use by another worker; nothing pending fits it
[DESKTOP-J6EJPKF-12228] holding: [] resident and in use by another worker; nothing pending fits it
[DESKTOP-J6EJPKF-12228] holding: [] resident and in use by another worker; nothing pending fits it
[DESKTOP-J6EJPKF-12228] holding: [] resident and in use by another worker; nothing pending fits it
[DESKTOP-J6EJPKF-12228] holding: [] resident and in use by another worker; nothing pending fits it
[DESKTOP-J6EJPKF-12228] holding: [] resident and in use by another worker; nothing pending fits it
[DESKTOP-J6EJPKF-12228] holding: [] resident and in use by another worker; nothing pending fits it
[DESKTOP-J6EJPKF-12228] holding: [] resident and in use by another worker; nothing pending fits it
[DESKTOP-J6EJPKF-12228] holding: [] resident and in use by another worker; nothing pending fits it
[DESKTOP-J6EJPKF-12228] holding: [] resident and in use by another worker; nothing pending fits it
[DESKTOP-J6EJPKF-12228] holding: [] resident and in use by another worker; nothing pending fits it
[DESKTOP-J6EJPKF-12228] holding: [] resident and in use by another worker; nothing pending fits it
[DESKTOP-J6EJPKF-12228] holding: [] resident and in use by another worker; nothing pending fits it
[DESKTOP-J6EJPKF-12228] holding: [] resident and in use by another worker; nothing pending fits it
[DESKTOP-J6EJPKF-12228] holding: [] resident and in use by another worker; nothing pending fits it
[DESKTOP-J6EJPKF-12228] holding: [] resident and in use by another worker; nothing pending fits it
[DESKTOP-J6EJPKF-12228] holding: [] resident and in use by another worker; nothing pending fits it
[DESKTOP-J6EJPKF-12228] holding: [] resident and in use by another worker; nothing pending fits it
[DESKTOP-J6EJPKF-12228] holding: [] resident and in use by another worker; nothing pending fits it
[DESKTOP-J6EJPKF-12228] holding: [] resident and in use by another worker; nothing pending fits it
[DESKTOP-J6EJPKF-12228] holding: [] resident and in use by another worker; nothing pending fits it
[DESKTOP-J6EJPKF-12228] holding: [] resident and in use by another worker; nothing pending fits it
[DESKTOP-J6EJPKF-12228] holding: [] resident and in use by another worker; nothing pending fits it
[DESKTOP-J6EJPKF-12228] holding: [] resident and in use by another worker; nothing pending fits it
[DESKTOP-J6EJPKF-12228] holding: [] resident and in use by another worker; nothing pending fits it
[DESKTOP-J6EJPKF-12228] holding: [] resident and in use by another worker; nothing pending fits it
[DESKTOP-J6EJPKF-12228] holding: [] resident and in use by another worker; nothing pending fits it
[DESKTOP-J6EJPKF-12228] holding: [] resident and in use by another worker; nothing pending fits it
[DESKTOP-J6EJPKF-12228] holding: [] resident and in use by another worker; nothing pending fits it
[DESKTOP-J6EJPKF-12228] holding: [] resident and in use by another worker; nothing pending fits it
[DESKTOP-J6EJPKF-12228] holding: [] resident and in use by another worker; nothing pending fits it
[DESKTOP-J6EJPKF-12228] holding: [] resident and in use by another worker; nothing pending fits it
[DESKTOP-J6EJPKF-12228] holding: [] resident and in use by another worker; nothing pending fits it
[DESKTOP-J6EJPKF-12228] holding: [] resident and in use by another worker; nothing pending fits it
[DESKTOP-J6EJPKF-12228] holding: [] resident and in use by another worker; nothing pending fits it
[DESKTOP-J6EJPKF-12228] holding: [] resident and in use by another worker; nothing pending fits it
[DESKTOP-J6EJPKF-12228] holding: [] resident and in use by another worker; nothing pending fits it
[DESKTOP-J6EJPKF-12228] holding: [] resident and in use by another worker; nothing pending fits it
[DESKTOP-J6EJPKF-12228] holding: [] resident and in use by another worker; nothing pending fits it
[DESKTOP-J6EJPKF-12228] holding: [] resident and in use by another worker; nothing pending fits it
[DESKTOP-J6EJPKF-12228] holding: [] resident and in use by another worker; nothing pending fits it
[DESKTOP-J6EJPKF-12228] holding: [] resident and in use by another worker; nothing pending fits it
[DESKTOP-J6EJPKF-12228] holding: [] resident and in use by another worker; nothing pending fits it
[DESKTOP-J6EJPKF-12228] holding: [] resident and in use by another worker; nothing pending fits it
[DESKTOP-J6EJPKF-12228] holding: [] resident and in use by another worker; nothing pending fits it
[DESKTOP-J6EJPKF-12228] holding: [] resident and in use by another worker; nothing pending fits it
[DESKTOP-J6EJPKF-12228] holding: [] resident and in use by another worker; nothing pending fits it
[DESKTOP-J6EJPKF-12228] holding: [] resident and in use by another worker; nothing pending fits it
[DESKTOP-J6EJPKF-12228] holding: [] resident and in use by another worker; nothing pending fits it
[DESKTOP-J6EJPKF-12228] holding: [] resident and in use by another worker; nothing pending fits it
[DESKTOP-J6EJPKF-12228] holding: [] resident and in use by another worker; nothing pending fits it
[DESKTOP-J6EJPKF-12228] holding: [] resident and in use by another worker; nothing pending fits it
[DESKTOP-J6EJPKF-12228] holding: [] resident and in use by another worker; nothing pending fits it
[DESKTOP-J6EJPKF-12228] holding: [] resident and in use by another worker; nothing pending fits it
[DESKTOP-J6EJPKF-12228] holding: [] resident and in use by another worker; nothing pending fits it
[DESKTOP-J6EJPKF-12228] holding: [] resident and in use by another worker; nothing pending fits it
[DESKTOP-J6EJPKF-12228] holding: [] resident and in use by another worker; nothing pending fits it
[DESKTOP-J6EJPKF-12228] holding: [] resident and in use by another worker; nothing pending fits it
[DESKTOP-J6EJPKF-12228] holding: [] resident and in use by another worker; nothing pending fits it
[DESKTOP-J6EJPKF-12228] holding: [] resident and in use by another worker; nothing pending fits it
[DESKTOP-J6EJPKF-12228] holding: [] resident and in use by another worker; nothing pending fits it
[DESKTOP-J6EJPKF-12228] holding: [] resident and in use by another worker; nothing pending fits it
[DESKTOP-J6EJPKF-12228] holding: [] resident and in use by another worker; nothing pending fits it
[DESKTOP-J6EJPKF-12228] holding: [] resident and in use by another worker; nothing pending fits it
[DESKTOP-J6EJPKF-12228] holding: [] resident and in use by another worker; nothing pending fits it
[DESKTOP-J6EJPKF-12228] holding: [] resident and in use by another worker; nothing pending fits it
[DESKTOP-J6EJPKF-12228] holding: [] resident and in use by another worker; nothing pending fits it
[DESKTOP-J6EJPKF-12228] holding: [] resident and in use by another worker; nothing pending fits it
[DESKTOP-J6EJPKF-12228] holding: [] resident and in use by another worker; nothing pending fits it
[DESKTOP-J6EJPKF-12228] holding: [] resident and in use by another worker; nothing pending fits it
[DESKTOP-J6EJPKF-12228] holding: [] resident and in use by another worker; nothing pending fits it
[DESKTOP-J6EJPKF-12228] holding: [] resident and in use by another worker; nothing pending fits it
[DESKTOP-J6EJPKF-12228] holding: [] resident and in use by another worker; nothing pending fits it
[DESKTOP-J6EJPKF-12228] holding: [] resident and in use by another worker; nothing pending fits it
[DESKTOP-J6EJPKF-12228] holding: [] resident and in use by another worker; nothing pending fits it
[DESKTOP-J6EJPKF-12228] holding: [] resident and in use by another worker; nothing pending fits it
[DESKTOP-J6EJPKF-12228] holding: [] resident and in use by another worker; nothing pending fits it
[DESKTOP-J6EJPKF-12228] holding: [] resident and in use by another worker; nothing pending fits it
[DESKTOP-J6EJPKF-12228] holding: [] resident and in use by another worker; nothing pending fits it
[DESKTOP-J6EJPKF-12228] holding: [] resident and in use by another worker; nothing pending fits it
[DESKTOP-J6EJPKF-12228] holding: [] resident and in use by another worker; nothing pending fits it
[DESKTOP-J6EJPKF-12228] holding: [] resident and in use by another worker; nothing pending fits it
[DESKTOP-J6EJPKF-12228] holding: [] resident and in use by another worker; nothing pending fits it
[DESKTOP-J6EJPKF-12228] holding: [] resident and in use by another worker; nothing pending fits it
[DESKTOP-J6EJPKF-12228] holding: [] resident and in use by another worker; nothing pending fits it
[DESKTOP-J6EJPKF-12228] holding: [] resident and in use by another worker; nothing pending fits it
[DESKTOP-J6EJPKF-12228] holding: [] resident and in use by another worker; nothing pending fits it
[DESKTOP-J6EJPKF-12228] holding: [] resident and in use by another worker; nothing pending fits it
[DESKTOP-J6EJPKF-12228] holding: [] resident and in use by another worker; nothing pending fits it
[DESKTOP-J6EJPKF-12228] holding: [] resident and in use by another worker; nothing pending fits it
[DESKTOP-J6EJPKF-12228] holding: [] resident and in use by another worker; nothing pending fits it
[DESKTOP-J6EJPKF-12228] holding: [] resident and in use by another worker; nothing pending fits it
[DESKTOP-J6EJPKF-12228] holding: [] resident and in use by another worker; nothing pending fits it
[DESKTOP-J6EJPKF-12228] holding: [] resident and in use by another worker; nothing pending fits it
[DESKTOP-J6EJPKF-12228] holding: [] resident and in use by another worker; nothing pending fits it
[DESKTOP-J6EJPKF-12228] holding: [] resident and in use by another worker; nothing pending fits it
[DESKTOP-J6EJPKF-12228] holding: [] resident and in use by another worker; nothing pending fits it
[DESKTOP-J6EJPKF-12228] holding: [] resident and in use by another worker; nothing pending fits it
[DESKTOP-J6EJPKF-12228] holding: [] resident and in use by another worker; nothing pending fits it
[DESKTOP-J6EJPKF-12228] holding: [] resident and in use by another worker; nothing pending fits it
[DESKTOP-J6EJPKF-12228] holding: [] resident and in use by another worker; nothing pending fits it
[DESKTOP-J6EJPKF-12228] holding: [] resident and in use by another worker; nothing pending fits it
[DESKTOP-J6EJPKF-12228] holding: [] resident and in use by another worker; nothing pending fits it
[DESKTOP-J6EJPKF-12228] holding: [] resident and in use by another worker; nothing pending fits it
[DESKTOP-J6EJPKF-12228] holding: [] resident and in use by another worker; nothing pending fits it
[DESKTOP-J6EJPKF-12228] holding: [] resident and in use by another worker; nothing pending fits it
[DESKTOP-J6EJPKF-12228] holding: [] resident and in use by another worker; nothing pending fits it
[DESKTOP-J6EJPKF-12228] holding: [] resident and in use by another worker; nothing pending fits it
[DESKTOP-J6EJPKF-12228] holding: [] resident and in use by another worker; nothing pending fits it
[DESKTOP-J6EJPKF-12228] holding: [] resident and in use by another worker; nothing pending fits it
[DESKTOP-J6EJPKF-12228] holding: [] resident and in use by another worker; nothing pending fits it
[DESKTOP-J6EJPKF-12228] holding: [] resident and in use by another worker; nothing pending fits it
[DESKTOP-J6EJPKF-12228] holding: [] resident and in use by another worker; nothing pending fits it
[DESKTOP-J6EJPKF-12228] holding: [] resident and in use by another worker; nothing pending fits it
[DESKTOP-J6EJPKF-12228] holding: [] resident and in use by another worker; nothing pending fits it
[DESKTOP-J6EJPKF-12228] holding: [] resident and in use by another worker; nothing pending fits it
[DESKTOP-J6EJPKF-12228] holding: [] resident and in use by another worker; nothing pending fits it
[DESKTOP-J6EJPKF-12228] holding: [] resident and in use by another worker; nothing pending fits it
[DESKTOP-J6EJPKF-12228] holding: [] resident and in use by another worker; nothing pending fits it
[DESKTOP-J6EJPKF-12228] holding: [] resident and in use by another worker; nothing pending fits it
[DESKTOP-J6EJPKF-12228] holding: [] resident and in use by another worker; nothing pending fits it
[DESKTOP-J6EJPKF-12228] holding: [] resident and in use by another worker; nothing pending fits it
[DESKTOP-J6EJPKF-12228] holding: [] resident and in use by another worker; nothing pending fits it
[DESKTOP-J6EJPKF-12228] holding: [] resident and in use by another worker; nothing pending fits it
[DESKTOP-J6EJPKF-12228] holding: [] resident and in use by another worker; nothing pending fits it
[DESKTOP-J6EJPKF-12228] holding: [] resident and in use by another worker; nothing pending fits it
[DESKTOP-J6EJPKF-12228] holding: [] resident and in use by another worker; nothing pending fits it
[DESKTOP-J6EJPKF-12228] holding: [] resident and in use by another worker; nothing pending fits it
[DESKTOP-J6EJPKF-12228] holding: [] resident and in use by another worker; nothing pending fits it
[DESKTOP-J6EJPKF-12228] holding: [] resident and in use by another worker; nothing pending fits it
[DESKTOP-J6EJPKF-12228] holding: [] resident and in use by another worker; nothing pending fits it
[DESKTOP-J6EJPKF-12228] holding: [] resident and in use by another worker; nothing pending fits it
[DESKTOP-J6EJPKF-12228] holding: [] resident and in use by another worker; nothing pending fits it
[DESKTOP-J6EJPKF-12228] holding: [] resident and in use by another worker; nothing pending fits it
[DESKTOP-J6EJPKF-12228] holding: [] resident and in use by another worker; nothing pending fits it
[DESKTOP-J6EJPKF-12228] holding: [] resident and in use by another worker; nothing pending fits it
[DESKTOP-J6EJPKF-12228] holding: [] resident and in use by another worker; nothing pending fits it
[DESKTOP-J6EJPKF-12228] holding: [] resident and in use by another worker; nothing pending fits it
[DESKTOP-J6EJPKF-12228] holding: [] resident and in use by another worker; nothing pending fits it
[DESKTOP-J6EJPKF-12228] holding: [] resident and in use by another worker; nothing pending fits it
[DESKTOP-J6EJPKF-12228] holding: [] resident and in use by another worker; nothing pending fits it
[DESKTOP-J6EJPKF-12228] holding: [] resident and in use by another worker; nothing pending fits it
[DESKTOP-J6EJPKF-12228] holding: [] resident and in use by another worker; nothing pending fits it
[DESKTOP-J6EJPKF-12228] holding: [] resident and in use by another worker; nothing pending fits it
[DESKTOP-J6EJPKF-12228] holding: [] resident and in use by another worker; nothing pending fits it
[DESKTOP-J6EJPKF-12228] holding: [] resident and in use by another worker; nothing pending fits it
[DESKTOP-J6EJPKF-12228] holding: [] resident and in use by another worker; nothing pending fits it
[DESKTOP-J6EJPKF-12228] holding: [] resident and in use by another worker; nothing pending fits it
[DESKTOP-J6EJPKF-12228] holding: [] resident and in use by another worker; nothing pending fits it
[DESKTOP-J6EJPKF-12228] holding: [] resident and in use by another worker; nothing pending fits it
[DESKTOP-J6EJPKF-12228] holding: [] resident and in use by another worker; nothing pending fits it
[DESKTOP-J6EJPKF-12228] holding: [] resident and in use by another worker; nothing pending fits it
[DESKTOP-J6EJPKF-12228] holding: [] resident and in use by another worker; nothing pending fits it
[DESKTOP-J6EJPKF-12228] holding: [] resident and in use by another worker; nothing pending fits it
[DESKTOP-J6EJPKF-12228] holding: [] resident and in use by another worker; nothing pending fits it
[DESKTOP-J6EJPKF-12228] holding: [] resident and in use by another worker; nothing pending fits it
[DESKTOP-J6EJPKF-12228] holding: [] resident and in use by another worker; nothing pending fits it
[DESKTOP-J6EJPKF-12228] holding: [] resident and in use by another worker; nothing pending fits it
