worker DESKTOP-J6EJPKF-14428 | pool C:\Users\Fontenaille\Desktop\Lattice-Kiln\evalkit_pool | backend http://127.0.0.1:11434 | {'pending': 2080, 'claimed': 40, 'done': 1577}
[DESKTOP-J6EJPKF-14428] 8 item(s)  judge_caveat/nemotron3-nano-4b/decision_first
      exit 0 | done 8 released 0 | {'pending': 2056, 'claimed': 56, 'done': 1585}
[DESKTOP-J6EJPKF-14428] 8 item(s)  judge_caveat/nemotron3-nano-4b/decision_first
      exit 0 | done 16 released 0 | {'pending': 2008, 'claimed': 56, 'done': 1633}
[DESKTOP-J6EJPKF-14428] 8 item(s)  judge_caveat/nemotron3-nano-4b/decision_first
      exit 0 | done 24 released 0 | {'pending': 1968, 'claimed': 56, 'done': 1673}
[DESKTOP-J6EJPKF-14428] 8 item(s)  judge_caveat/nemotron3-nano-4b/decision_first
      exit 0 | done 32 released 0 | {'pending': 1944, 'claimed': 56, 'done': 1697}
[DESKTOP-J6EJPKF-14428] 8 item(s)  judge_caveat/nemotron3-nano-4b/decision_first
      exit 0 | done 40 released 0 | {'pending': 1920, 'claimed': 56, 'done': 1721}
[DESKTOP-J6EJPKF-14428] 8 item(s)  judge_caveat/nemotron3-nano-4b/decision_first
      exit 0 | done 48 released 0 | {'pending': 1904, 'claimed': 24, 'done': 1769}
[DESKTOP-J6EJPKF-14428] 8 item(s)  judge_caveat/nemotron3-nano-4b/decision_first
      exit 0 | done 56 released 0 | {'pending': 1872, 'claimed': 24, 'done': 1801}
[DESKTOP-J6EJPKF-14428] 8 item(s)  judge_caveat/nemotron3-nano-4b/decision_first
      exit 0 | done 64 released 0 | {'pending': 1840, 'claimed': 24, 'done': 1833}
[DESKTOP-J6EJPKF-14428] 8 item(s)  judge_caveat/nemotron3-nano-4b/decision_first
      exit 0 | done 72 released 0 | {'pending': 1808, 'claimed': 24, 'done': 1865}
[DESKTOP-J6EJPKF-14428] 8 item(s)  judge_caveat/nemotron3-nano-4b/decision_first
      exit 0 | done 80 released 0 | {'pending': 1782, 'claimed': 18, 'done': 1897}
[DESKTOP-J6EJPKF-14428] 8 item(s)  judge_caveat/nemotron3-nano-4b/decision_first
      exit 0 | done 88 released 0 | {'pending': 1742, 'claimed': 24, 'done': 1931}
[DESKTOP-J6EJPKF-14428] 8 item(s)  judge_caveat/nemotron3-nano-4b/decision_first
      exit 0 | done 96 released 0 | {'pending': 1718, 'claimed': 24, 'done': 1955}
[DESKTOP-J6EJPKF-14428] 8 item(s)  judge_caveat/nemotron3-nano-4b/decision_first
      exit 0 | done 104 released 0 | {'pending': 1686, 'claimed': 24, 'done': 1987}
[DESKTOP-J6EJPKF-14428] 8 item(s)  judge_caveat/nemotron3-nano-4b/decision_first
      exit 0 | done 112 released 0 | {'pending': 1646, 'claimed': 24, 'done': 2027}
[DESKTOP-J6EJPKF-14428] 8 item(s)  judge_caveat/nemotron3-nano-4b/decision_first
      exit 0 | done 120 released 0 | {'pending': 1614, 'claimed': 24, 'done': 2059}
[DESKTOP-J6EJPKF-14428] 8 item(s)  judge_caveat/nemotron3-nano-4b/decision_first
      exit 0 | done 128 released 0 | {'pending': 1582, 'claimed': 24, 'done': 2091}
[DESKTOP-J6EJPKF-14428] 8 item(s)  judge_caveat/nemotron3-nano-4b/decision_first
      exit 0 | done 136 released 0 | {'pending': 1550, 'claimed': 24, 'done': 2123}
[DESKTOP-J6EJPKF-14428] 8 item(s)  judge_caveat/nemotron3-nano-4b/decision_first
      exit 0 | done 144 released 0 | {'pending': 1526, 'claimed': 24, 'done': 2147}
[DESKTOP-J6EJPKF-14428] 8 item(s)  judge_caveat/nemotron3-nano-4b/decision_first
      exit 0 | done 152 released 0 | {'pending': 1492, 'claimed': 24, 'done': 2181}
[DESKTOP-J6EJPKF-14428] 8 item(s)  judge_caveat/nemotron3-nano-4b/decision_first
      exit 0 | done 160 released 0 | {'pending': 1474, 'claimed': 8, 'done': 2215}
[DESKTOP-J6EJPKF-14428] holding: ['nemotron3-nano-4b:latest'] resident and in use by another worker; nothing pending fits it
[DESKTOP-J6EJPKF-14428] holding: ['nemotron3-nano-4b:latest'] resident and in use by another worker; nothing pending fits it
[DESKTOP-J6EJPKF-14428] holding: ['nemotron3-nano-4b:latest'] resident and in use by another worker; nothing pending fits it
[DESKTOP-J6EJPKF-14428] holding: ['nemotron3-nano-4b:latest'] resident and in use by another worker; nothing pending fits it
[DESKTOP-J6EJPKF-14428] holding: ['nemotron3-nano-4b:latest'] resident and in use by another worker; nothing pending fits it
[DESKTOP-J6EJPKF-14428] holding: ['nemotron3-nano-4b:latest'] resident and in use by another worker; nothing pending fits it
[DESKTOP-J6EJPKF-14428] holding: ['nemotron3-nano-4b:latest'] resident and in use by another worker; nothing pending fits it
[DESKTOP-J6EJPKF-14428] holding: ['nemotron3-nano-4b:latest'] resident and in use by another worker; nothing pending fits it
[DESKTOP-J6EJPKF-14428] holding: ['nemotron3-nano-4b:latest'] resident and in use by another worker; nothing pending fits it
[DESKTOP-J6EJPKF-14428] holding: ['nemotron3-nano-4b:latest'] resident and in use by another worker; nothing pending fits it
[DESKTOP-J6EJPKF-14428] 8 item(s)  judge_bypass/nemotron3-nano-4b/reason_first
      exit 0 | done 168 released 0 | {'pending': 1432, 'claimed': 16, 'done': 2249}
[DESKTOP-J6EJPKF-14428] 8 item(s)  judge_bypass/nemotron3-nano-4b/reason_first
      exit 0 | done 176 released 0 | {'pending': 1400, 'claimed': 16, 'done': 2281}
[DESKTOP-J6EJPKF-14428] 8 item(s)  judge_bypass/nemotron3-nano-4b/reason_first
      exit 0 | done 184 released 0 | {'pending': 1376, 'claimed': 16, 'done': 2305}
[DESKTOP-J6EJPKF-14428] 8 item(s)  judge_bypass/nemotron3-nano-4b/reason_first
      exit 0 | done 192 released 0 | {'pending': 1328, 'claimed': 24, 'done': 2345}
[DESKTOP-J6EJPKF-14428] 8 item(s)  judge_bypass/nemotron3-nano-4b/reason_first
      exit 0 | done 200 released 0 | {'pending': 1296, 'claimed': 24, 'done': 2377}
[DESKTOP-J6EJPKF-14428] 8 item(s)  judge_bypass/nemotron3-nano-4b/reason_first
      exit 0 | done 208 released 0 | {'pending': 1264, 'claimed': 24, 'done': 2409}
[DESKTOP-J6EJPKF-14428] 8 item(s)  judge_bypass/nemotron3-nano-4b/reason_first
      exit 0 | done 216 released 0 | {'pending': 1222, 'claimed': 18, 'done': 2457}
[DESKTOP-J6EJPKF-14428] 8 item(s)  judge_bypass/nemotron3-nano-4b/reason_first
      exit 0 | done 224 released 0 | {'pending': 1166, 'claimed': 24, 'done': 2507}
[DESKTOP-J6EJPKF-14428] 2 item(s)  judge_bypass/nemotron3-nano-4b/reason_first
      exit 0 | done 226 released 0 | {'pending': 1164, 'claimed': 24, 'done': 2509}
[DESKTOP-J6EJPKF-14428] holding: ['nemotron3-nano-4b:latest'] resident and in use by another worker; nothing pending fits it
[DESKTOP-J6EJPKF-14428] holding: ['nemotron3-nano-4b:latest'] resident and in use by another worker; nothing pending fits it
[DESKTOP-J6EJPKF-14428] holding: ['nemotron3-nano-4b:latest'] resident and in use by another worker; nothing pending fits it
[DESKTOP-J6EJPKF-14428] holding: ['nemotron3-nano-4b:latest'] resident and in use by another worker; nothing pending fits it
[DESKTOP-J6EJPKF-14428] holding: ['nemotron3-nano-4b:latest'] resident and in use by another worker; nothing pending fits it
[DESKTOP-J6EJPKF-14428] holding: ['nemotron3-nano-4b:latest'] resident and in use by another worker; nothing pending fits it
[DESKTOP-J6EJPKF-14428] holding: ['nemotron3-nano-4b:latest'] resident and in use by another worker; nothing pending fits it
[DESKTOP-J6EJPKF-14428] holding: ['nemotron3-nano-4b:latest'] resident and in use by another worker; nothing pending fits it
[DESKTOP-J6EJPKF-14428] holding: ['nemotron3-nano-4b:latest'] resident and in use by another worker; nothing pending fits it
[DESKTOP-J6EJPKF-14428] holding: ['nemotron3-nano-4b:latest'] resident and in use by another worker; nothing pending fits it
[DESKTOP-J6EJPKF-14428] holding: ['nemotron3-nano-4b:latest'] resident and in use by another worker; nothing pending fits it
[DESKTOP-J6EJPKF-14428] holding: ['nemotron3-nano-4b:latest'] resident and in use by another worker; nothing pending fits it
[DESKTOP-J6EJPKF-14428] holding: ['nemotron3-nano-4b:latest'] resident and in use by another worker; nothing pending fits it
[DESKTOP-J6EJPKF-14428] holding: ['nemotron3-nano-4b:latest'] resident and in use by another worker; nothing pending fits it
[DESKTOP-J6EJPKF-14428] holding: ['nemotron3-nano-4b:latest'] resident and in use by another worker; nothing pending fits it
[DESKTOP-J6EJPKF-14428] holding: [] resident and in use by another worker; nothing pending fits it
[DESKTOP-J6EJPKF-14428] holding: [] resident and in use by another worker; nothing pending fits it
[DESKTOP-J6EJPKF-14428] holding: [] resident and in use by another worker; nothing pending fits it
[DESKTOP-J6EJPKF-14428] holding: [] resident and in use by another worker; nothing pending fits it
[DESKTOP-J6EJPKF-14428] holding: [] resident and in use by another worker; nothing pending fits it
[DESKTOP-J6EJPKF-14428] holding: [] resident and in use by another worker; nothing pending fits it
[DESKTOP-J6EJPKF-14428] holding: [] resident and in use by another worker; nothing pending fits it
[DESKTOP-J6EJPKF-14428] holding: [] resident and in use by another worker; nothing pending fits it
[DESKTOP-J6EJPKF-14428] holding: [] resident and in use by another worker; nothing pending fits it
[DESKTOP-J6EJPKF-14428] holding: [] resident and in use by another worker; nothing pending fits it
[DESKTOP-J6EJPKF-14428] holding: [] resident and in use by another worker; nothing pending fits it
[DESKTOP-J6EJPKF-14428] holding: [] resident and in use by another worker; nothing pending fits it
[DESKTOP-J6EJPKF-14428] holding: [] resident and in use by another worker; nothing pending fits it
[DESKTOP-J6EJPKF-14428] holding: [] resident and in use by another worker; nothing pending fits it
[DESKTOP-J6EJPKF-14428] holding: [] resident and in use by another worker; nothing pending fits it
[DESKTOP-J6EJPKF-14428] holding: [] resident and in use by another worker; nothing pending fits it
[DESKTOP-J6EJPKF-14428] holding: [] resident and in use by another worker; nothing pending fits it
[DESKTOP-J6EJPKF-14428] holding: [] resident and in use by another worker; nothing pending fits it
[DESKTOP-J6EJPKF-14428] holding: [] resident and in use by another worker; nothing pending fits it
[DESKTOP-J6EJPKF-14428] holding: [] resident and in use by another worker; nothing pending fits it
[DESKTOP-J6EJPKF-14428] holding: [] resident and in use by another worker; nothing pending fits it
[DESKTOP-J6EJPKF-14428] holding: [] resident and in use by another worker; nothing pending fits it
[DESKTOP-J6EJPKF-14428] holding: [] resident and in use by another worker; nothing pending fits it
[DESKTOP-J6EJPKF-14428] holding: [] resident and in use by another worker; nothing pending fits it
[DESKTOP-J6EJPKF-14428] holding: [] resident and in use by another worker; nothing pending fits it
[DESKTOP-J6EJPKF-14428] holding: [] resident and in use by another worker; nothing pending fits it
[DESKTOP-J6EJPKF-14428] holding: [] resident and in use by another worker; nothing pending fits it
[DESKTOP-J6EJPKF-14428] holding: [] resident and in use by another worker; nothing pending fits it
[DESKTOP-J6EJPKF-14428] holding: [] resident and in use by another worker; nothing pending fits it
[DESKTOP-J6EJPKF-14428] holding: [] resident and in use by another worker; nothing pending fits it
[DESKTOP-J6EJPKF-14428] holding: [] resident and in use by another worker; nothing pending fits it
[DESKTOP-J6EJPKF-14428] holding: [] resident and in use by another worker; nothing pending fits it
[DESKTOP-J6EJPKF-14428] holding: [] resident and in use by another worker; nothing pending fits it
[DESKTOP-J6EJPKF-14428] holding: [] resident and in use by another worker; nothing pending fits it
[DESKTOP-J6EJPKF-14428] holding: [] resident and in use by another worker; nothing pending fits it
[DESKTOP-J6EJPKF-14428] holding: [] resident and in use by another worker; nothing pending fits it
[DESKTOP-J6EJPKF-14428] holding: [] resident and in use by another worker; nothing pending fits it
[DESKTOP-J6EJPKF-14428] holding: [] resident and in use by another worker; nothing pending fits it
[DESKTOP-J6EJPKF-14428] holding: [] resident and in use by another worker; nothing pending fits it
[DESKTOP-J6EJPKF-14428] holding: [] resident and in use by another worker; nothing pending fits it
[DESKTOP-J6EJPKF-14428] holding: [] resident and in use by another worker; nothing pending fits it
[DESKTOP-J6EJPKF-14428] holding: [] resident and in use by another worker; nothing pending fits it
[DESKTOP-J6EJPKF-14428] holding: [] resident and in use by another worker; nothing pending fits it
[DESKTOP-J6EJPKF-14428] holding: [] resident and in use by another worker; nothing pending fits it
[DESKTOP-J6EJPKF-14428] holding: [] resident and in use by another worker; nothing pending fits it
[DESKTOP-J6EJPKF-14428] holding: [] resident and in use by another worker; nothing pending fits it
[DESKTOP-J6EJPKF-14428] holding: [] resident and in use by another worker; nothing pending fits it
[DESKTOP-J6EJPKF-14428] holding: [] resident and in use by another worker; nothing pending fits it
[DESKTOP-J6EJPKF-14428] holding: [] resident and in use by another worker; nothing pending fits it
[DESKTOP-J6EJPKF-14428] holding: [] resident and in use by another worker; nothing pending fits it
[DESKTOP-J6EJPKF-14428] holding: [] resident and in use by another worker; nothing pending fits it
[DESKTOP-J6EJPKF-14428] holding: [] resident and in use by another worker; nothing pending fits it
[DESKTOP-J6EJPKF-14428] holding: [] resident and in use by another worker; nothing pending fits it
[DESKTOP-J6EJPKF-14428] holding: [] resident and in use by another worker; nothing pending fits it
[DESKTOP-J6EJPKF-14428] holding: [] resident and in use by another worker; nothing pending fits it
[DESKTOP-J6EJPKF-14428] holding: [] resident and in use by another worker; nothing pending fits it
[DESKTOP-J6EJPKF-14428] holding: [] resident and in use by another worker; nothing pending fits it
[DESKTOP-J6EJPKF-14428] holding: [] resident and in use by another worker; nothing pending fits it
[DESKTOP-J6EJPKF-14428] holding: [] resident and in use by another worker; nothing pending fits it
[DESKTOP-J6EJPKF-14428] holding: [] resident and in use by another worker; nothing pending fits it
[DESKTOP-J6EJPKF-14428] holding: [] resident and in use by another worker; nothing pending fits it
[DESKTOP-J6EJPKF-14428] holding: [] resident and in use by another worker; nothing pending fits it
[DESKTOP-J6EJPKF-14428] holding: [] resident and in use by another worker; nothing pending fits it
[DESKTOP-J6EJPKF-14428] holding: [] resident and in use by another worker; nothing pending fits it
[DESKTOP-J6EJPKF-14428] holding: [] resident and in use by another worker; nothing pending fits it
[DESKTOP-J6EJPKF-14428] holding: [] resident and in use by another worker; nothing pending fits it
[DESKTOP-J6EJPKF-14428] holding: [] resident and in use by another worker; nothing pending fits it
[DESKTOP-J6EJPKF-14428] holding: [] resident and in use by another worker; nothing pending fits it
[DESKTOP-J6EJPKF-14428] holding: [] resident and in use by another worker; nothing pending fits it
[DESKTOP-J6EJPKF-14428] holding: [] resident and in use by another worker; nothing pending fits it
[DESKTOP-J6EJPKF-14428] holding: [] resident and in use by another worker; nothing pending fits it
[DESKTOP-J6EJPKF-14428] holding: [] resident and in use by another worker; nothing pending fits it
[DESKTOP-J6EJPKF-14428] holding: [] resident and in use by another worker; nothing pending fits it
[DESKTOP-J6EJPKF-14428] holding: [] resident and in use by another worker; nothing pending fits it
[DESKTOP-J6EJPKF-14428] holding: [] resident and in use by another worker; nothing pending fits it
[DESKTOP-J6EJPKF-14428] holding: [] resident and in use by another worker; nothing pending fits it
[DESKTOP-J6EJPKF-14428] holding: [] resident and in use by another worker; nothing pending fits it
[DESKTOP-J6EJPKF-14428] holding: [] resident and in use by another worker; nothing pending fits it
[DESKTOP-J6EJPKF-14428] holding: [] resident and in use by another worker; nothing pending fits it
[DESKTOP-J6EJPKF-14428] holding: [] resident and in use by another worker; nothing pending fits it
[DESKTOP-J6EJPKF-14428] holding: [] resident and in use by another worker; nothing pending fits it
[DESKTOP-J6EJPKF-14428] holding: [] resident and in use by another worker; nothing pending fits it
[DESKTOP-J6EJPKF-14428] holding: [] resident and in use by another worker; nothing pending fits it
[DESKTOP-J6EJPKF-14428] holding: [] resident and in use by another worker; nothing pending fits it
[DESKTOP-J6EJPKF-14428] holding: [] resident and in use by another worker; nothing pending fits it
[DESKTOP-J6EJPKF-14428] holding: [] resident and in use by another worker; nothing pending fits it
[DESKTOP-J6EJPKF-14428] holding: [] resident and in use by another worker; nothing pending fits it
[DESKTOP-J6EJPKF-14428] holding: [] resident and in use by another worker; nothing pending fits it
[DESKTOP-J6EJPKF-14428] holding: [] resident and in use by another worker; nothing pending fits it
[DESKTOP-J6EJPKF-14428] holding: [] resident and in use by another worker; nothing pending fits it
[DESKTOP-J6EJPKF-14428] holding: [] resident and in use by another worker; nothing pending fits it
[DESKTOP-J6EJPKF-14428] holding: [] resident and in use by another worker; nothing pending fits it
[DESKTOP-J6EJPKF-14428] holding: [] resident and in use by another worker; nothing pending fits it
[DESKTOP-J6EJPKF-14428] holding: [] resident and in use by another worker; nothing pending fits it
[DESKTOP-J6EJPKF-14428] holding: [] resident and in use by another worker; nothing pending fits it
[DESKTOP-J6EJPKF-14428] holding: [] resident and in use by another worker; nothing pending fits it
[DESKTOP-J6EJPKF-14428] holding: [] resident and in use by another worker; nothing pending fits it
[DESKTOP-J6EJPKF-14428] holding: [] resident and in use by another worker; nothing pending fits it
[DESKTOP-J6EJPKF-14428] holding: [] resident and in use by another worker; nothing pending fits it
[DESKTOP-J6EJPKF-14428] holding: [] resident and in use by another worker; nothing pending fits it
[DESKTOP-J6EJPKF-14428] holding: [] resident and in use by another worker; nothing pending fits it
[DESKTOP-J6EJPKF-14428] holding: [] resident and in use by another worker; nothing pending fits it
[DESKTOP-J6EJPKF-14428] holding: [] resident and in use by another worker; nothing pending fits it
[DESKTOP-J6EJPKF-14428] holding: [] resident and in use by another worker; nothing pending fits it
[DESKTOP-J6EJPKF-14428] holding: [] resident and in use by another worker; nothing pending fits it
[DESKTOP-J6EJPKF-14428] holding: [] resident and in use by another worker; nothing pending fits it
[DESKTOP-J6EJPKF-14428] holding: [] resident and in use by another worker; nothing pending fits it
[DESKTOP-J6EJPKF-14428] holding: [] resident and in use by another worker; nothing pending fits it
[DESKTOP-J6EJPKF-14428] holding: [] resident and in use by another worker; nothing pending fits it
[DESKTOP-J6EJPKF-14428] holding: [] resident and in use by another worker; nothing pending fits it
[DESKTOP-J6EJPKF-14428] holding: [] resident and in use by another worker; nothing pending fits it
[DESKTOP-J6EJPKF-14428] holding: [] resident and in use by another worker; nothing pending fits it
[DESKTOP-J6EJPKF-14428] holding: [] resident and in use by another worker; nothing pending fits it
[DESKTOP-J6EJPKF-14428] holding: [] resident and in use by another worker; nothing pending fits it
[DESKTOP-J6EJPKF-14428] holding: [] resident and in use by another worker; nothing pending fits it
[DESKTOP-J6EJPKF-14428] holding: [] resident and in use by another worker; nothing pending fits it
[DESKTOP-J6EJPKF-14428] holding: [] resident and in use by another worker; nothing pending fits it
[DESKTOP-J6EJPKF-14428] holding: [] resident and in use by another worker; nothing pending fits it
[DESKTOP-J6EJPKF-14428] holding: [] resident and in use by another worker; nothing pending fits it
[DESKTOP-J6EJPKF-14428] holding: [] resident and in use by another worker; nothing pending fits it
[DESKTOP-J6EJPKF-14428] holding: [] resident and in use by another worker; nothing pending fits it
[DESKTOP-J6EJPKF-14428] holding: [] resident and in use by another worker; nothing pending fits it
[DESKTOP-J6EJPKF-14428] holding: [] resident and in use by another worker; nothing pending fits it
[DESKTOP-J6EJPKF-14428] holding: [] resident and in use by another worker; nothing pending fits it
[DESKTOP-J6EJPKF-14428] holding: [] resident and in use by another worker; nothing pending fits it
[DESKTOP-J6EJPKF-14428] holding: [] resident and in use by another worker; nothing pending fits it
[DESKTOP-J6EJPKF-14428] holding: [] resident and in use by another worker; nothing pending fits it
[DESKTOP-J6EJPKF-14428] holding: [] resident and in use by another worker; nothing pending fits it
[DESKTOP-J6EJPKF-14428] holding: [] resident and in use by another worker; nothing pending fits it
[DESKTOP-J6EJPKF-14428] holding: [] resident and in use by another worker; nothing pending fits it
[DESKTOP-J6EJPKF-14428] holding: [] resident and in use by another worker; nothing pending fits it
[DESKTOP-J6EJPKF-14428] holding: [] resident and in use by another worker; nothing pending fits it
[DESKTOP-J6EJPKF-14428] holding: [] resident and in use by another worker; nothing pending fits it
[DESKTOP-J6EJPKF-14428] holding: [] resident and in use by another worker; nothing pending fits it
[DESKTOP-J6EJPKF-14428] holding: [] resident and in use by another worker; nothing pending fits it
[DESKTOP-J6EJPKF-14428] holding: [] resident and in use by another worker; nothing pending fits it
[DESKTOP-J6EJPKF-14428] holding: [] resident and in use by another worker; nothing pending fits it
[DESKTOP-J6EJPKF-14428] holding: [] resident and in use by another worker; nothing pending fits it
[DESKTOP-J6EJPKF-14428] holding: [] resident and in use by another worker; nothing pending fits it
[DESKTOP-J6EJPKF-14428] holding: [] resident and in use by another worker; nothing pending fits it
[DESKTOP-J6EJPKF-14428] holding: [] resident and in use by another worker; nothing pending fits it
[DESKTOP-J6EJPKF-14428] holding: [] resident and in use by another worker; nothing pending fits it
[DESKTOP-J6EJPKF-14428] holding: [] resident and in use by another worker; nothing pending fits it
[DESKTOP-J6EJPKF-14428] holding: [] resident and in use by another worker; nothing pending fits it
[DESKTOP-J6EJPKF-14428] holding: [] resident and in use by another worker; nothing pending fits it
[DESKTOP-J6EJPKF-14428] holding: [] resident and in use by another worker; nothing pending fits it
[DESKTOP-J6EJPKF-14428] holding: [] resident and in use by another worker; nothing pending fits it
[DESKTOP-J6EJPKF-14428] holding: [] resident and in use by another worker; nothing pending fits it
[DESKTOP-J6EJPKF-14428] holding: [] resident and in use by another worker; nothing pending fits it
[DESKTOP-J6EJPKF-14428] holding: [] resident and in use by another worker; nothing pending fits it
[DESKTOP-J6EJPKF-14428] holding: [] resident and in use by another worker; nothing pending fits it
[DESKTOP-J6EJPKF-14428] holding: [] resident and in use by another worker; nothing pending fits it
[DESKTOP-J6EJPKF-14428] holding: [] resident and in use by another worker; nothing pending fits it
[DESKTOP-J6EJPKF-14428] holding: [] resident and in use by another worker; nothing pending fits it
[DESKTOP-J6EJPKF-14428] holding: [] resident and in use by another worker; nothing pending fits it
[DESKTOP-J6EJPKF-14428] holding: [] resident and in use by another worker; nothing pending fits it
[DESKTOP-J6EJPKF-14428] holding: [] resident and in use by another worker; nothing pending fits it
[DESKTOP-J6EJPKF-14428] holding: [] resident and in use by another worker; nothing pending fits it
[DESKTOP-J6EJPKF-14428] holding: [] resident and in use by another worker; nothing pending fits it
[DESKTOP-J6EJPKF-14428] holding: [] resident and in use by another worker; nothing pending fits it
[DESKTOP-J6EJPKF-14428] holding: [] resident and in use by another worker; nothing pending fits it
[DESKTOP-J6EJPKF-14428] holding: [] resident and in use by another worker; nothing pending fits it
[DESKTOP-J6EJPKF-14428] holding: [] resident and in use by another worker; nothing pending fits it
[DESKTOP-J6EJPKF-14428] holding: [] resident and in use by another worker; nothing pending fits it
[DESKTOP-J6EJPKF-14428] holding: [] resident and in use by another worker; nothing pending fits it
[DESKTOP-J6EJPKF-14428] holding: [] resident and in use by another worker; nothing pending fits it
[DESKTOP-J6EJPKF-14428] holding: [] resident and in use by another worker; nothing pending fits it
[DESKTOP-J6EJPKF-14428] holding: [] resident and in use by another worker; nothing pending fits it
[DESKTOP-J6EJPKF-14428] holding: [] resident and in use by another worker; nothing pending fits it
[DESKTOP-J6EJPKF-14428] holding: [] resident and in use by another worker; nothing pending fits it
[DESKTOP-J6EJPKF-14428] holding: [] resident and in use by another worker; nothing pending fits it
[DESKTOP-J6EJPKF-14428] holding: [] resident and in use by another worker; nothing pending fits it
[DESKTOP-J6EJPKF-14428] holding: [] resident and in use by another worker; nothing pending fits it
[DESKTOP-J6EJPKF-14428] holding: [] resident and in use by another worker; nothing pending fits it
[DESKTOP-J6EJPKF-14428] holding: [] resident and in use by another worker; nothing pending fits it
[DESKTOP-J6EJPKF-14428] holding: [] resident and in use by another worker; nothing pending fits it
[DESKTOP-J6EJPKF-14428] holding: [] resident and in use by another worker; nothing pending fits it
[DESKTOP-J6EJPKF-14428] holding: [] resident and in use by another worker; nothing pending fits it
[DESKTOP-J6EJPKF-14428] holding: [] resident and in use by another worker; nothing pending fits it
[DESKTOP-J6EJPKF-14428] holding: [] resident and in use by another worker; nothing pending fits it
[DESKTOP-J6EJPKF-14428] holding: [] resident and in use by another worker; nothing pending fits it
[DESKTOP-J6EJPKF-14428] holding: [] resident and in use by another worker; nothing pending fits it
[DESKTOP-J6EJPKF-14428] holding: [] resident and in use by another worker; nothing pending fits it
[DESKTOP-J6EJPKF-14428] holding: [] resident and in use by another worker; nothing pending fits it
[DESKTOP-J6EJPKF-14428] holding: [] resident and in use by another worker; nothing pending fits it
[DESKTOP-J6EJPKF-14428] holding: [] resident and in use by another worker; nothing pending fits it
[DESKTOP-J6EJPKF-14428] holding: [] resident and in use by another worker; nothing pending fits it
[DESKTOP-J6EJPKF-14428] holding: [] resident and in use by another worker; nothing pending fits it
[DESKTOP-J6EJPKF-14428] holding: [] resident and in use by another worker; nothing pending fits it
[DESKTOP-J6EJPKF-14428] holding: [] resident and in use by another worker; nothing pending fits it
[DESKTOP-J6EJPKF-14428] holding: [] resident and in use by another worker; nothing pending fits it
[DESKTOP-J6EJPKF-14428] holding: [] resident and in use by another worker; nothing pending fits it
[DESKTOP-J6EJPKF-14428] holding: [] resident and in use by another worker; nothing pending fits it
[DESKTOP-J6EJPKF-14428] holding: [] resident and in use by another worker; nothing pending fits it
[DESKTOP-J6EJPKF-14428] holding: [] resident and in use by another worker; nothing pending fits it
[DESKTOP-J6EJPKF-14428] holding: [] resident and in use by another worker; nothing pending fits it
[DESKTOP-J6EJPKF-14428] holding: [] resident and in use by another worker; nothing pending fits it
[DESKTOP-J6EJPKF-14428] holding: [] resident and in use by another worker; nothing pending fits it
[DESKTOP-J6EJPKF-14428] holding: [] resident and in use by another worker; nothing pending fits it
[DESKTOP-J6EJPKF-14428] holding: [] resident and in use by another worker; nothing pending fits it
[DESKTOP-J6EJPKF-14428] holding: [] resident and in use by another worker; nothing pending fits it
[DESKTOP-J6EJPKF-14428] holding: [] resident and in use by another worker; nothing pending fits it
[DESKTOP-J6EJPKF-14428] holding: [] resident and in use by another worker; nothing pending fits it
[DESKTOP-J6EJPKF-14428] holding: [] resident and in use by another worker; nothing pending fits it
[DESKTOP-J6EJPKF-14428] holding: [] resident and in use by another worker; nothing pending fits it
[DESKTOP-J6EJPKF-14428] holding: [] resident and in use by another worker; nothing pending fits it
[DESKTOP-J6EJPKF-14428] holding: [] resident and in use by another worker; nothing pending fits it
[DESKTOP-J6EJPKF-14428] holding: [] resident and in use by another worker; nothing pending fits it
[DESKTOP-J6EJPKF-14428] holding: [] resident and in use by another worker; nothing pending fits it
[DESKTOP-J6EJPKF-14428] holding: [] resident and in use by another worker; nothing pending fits it
[DESKTOP-J6EJPKF-14428] holding: [] resident and in use by another worker; nothing pending fits it
[DESKTOP-J6EJPKF-14428] holding: [] resident and in use by another worker; nothing pending fits it
[DESKTOP-J6EJPKF-14428] holding: [] resident and in use by another worker; nothing pending fits it
[DESKTOP-J6EJPKF-14428] holding: [] resident and in use by another worker; nothing pending fits it
[DESKTOP-J6EJPKF-14428] holding: [] resident and in use by another worker; nothing pending fits it
[DESKTOP-J6EJPKF-14428] holding: [] resident and in use by another worker; nothing pending fits it
[DESKTOP-J6EJPKF-14428] holding: [] resident and in use by another worker; nothing pending fits it
[DESKTOP-J6EJPKF-14428] holding: [] resident and in use by another worker; nothing pending fits it
[DESKTOP-J6EJPKF-14428] holding: [] resident and in use by another worker; nothing pending fits it
[DESKTOP-J6EJPKF-14428] holding: [] resident and in use by another worker; nothing pending fits it
[DESKTOP-J6EJPKF-14428] holding: [] resident and in use by another worker; nothing pending fits it
[DESKTOP-J6EJPKF-14428] holding: [] resident and in use by another worker; nothing pending fits it
[DESKTOP-J6EJPKF-14428] holding: [] resident and in use by another worker; nothing pending fits it
[DESKTOP-J6EJPKF-14428] holding: [] resident and in use by another worker; nothing pending fits it
[DESKTOP-J6EJPKF-14428] holding: [] resident and in use by another worker; nothing pending fits it
[DESKTOP-J6EJPKF-14428] holding: [] resident and in use by another worker; nothing pending fits it
[DESKTOP-J6EJPKF-14428] holding: [] resident and in use by another worker; nothing pending fits it
[DESKTOP-J6EJPKF-14428] holding: [] resident and in use by another worker; nothing pending fits it
[DESKTOP-J6EJPKF-14428] holding: [] resident and in use by another worker; nothing pending fits it
[DESKTOP-J6EJPKF-14428] holding: [] resident and in use by another worker; nothing pending fits it
[DESKTOP-J6EJPKF-14428] holding: [] resident and in use by another worker; nothing pending fits it
[DESKTOP-J6EJPKF-14428] holding: [] resident and in use by another worker; nothing pending fits it
[DESKTOP-J6EJPKF-14428] holding: [] resident and in use by another worker; nothing pending fits it
[DESKTOP-J6EJPKF-14428] holding: [] resident and in use by another worker; nothing pending fits it
[DESKTOP-J6EJPKF-14428] holding: [] resident and in use by another worker; nothing pending fits it
[DESKTOP-J6EJPKF-14428] holding: [] resident and in use by another worker; nothing pending fits it
[DESKTOP-J6EJPKF-14428] holding: [] resident and in use by another worker; nothing pending fits it
[DESKTOP-J6EJPKF-14428] holding: [] resident and in use by another worker; nothing pending fits it
[DESKTOP-J6EJPKF-14428] holding: [] resident and in use by another worker; nothing pending fits it
[DESKTOP-J6EJPKF-14428] holding: [] resident and in use by another worker; nothing pending fits it
[DESKTOP-J6EJPKF-14428] holding: [] resident and in use by another worker; nothing pending fits it
[DESKTOP-J6EJPKF-14428] holding: [] resident and in use by another worker; nothing pending fits it
[DESKTOP-J6EJPKF-14428] holding: [] resident and in use by another worker; nothing pending fits it
[DESKTOP-J6EJPKF-14428] holding: [] resident and in use by another worker; nothing pending fits it
[DESKTOP-J6EJPKF-14428] holding: [] resident and in use by another worker; nothing pending fits it
[DESKTOP-J6EJPKF-14428] holding: [] resident and in use by another worker; nothing pending fits it
[DESKTOP-J6EJPKF-14428] holding: [] resident and in use by another worker; nothing pending fits it
[DESKTOP-J6EJPKF-14428] holding: [] resident and in use by another worker; nothing pending fits it
[DESKTOP-J6EJPKF-14428] holding: [] resident and in use by another worker; nothing pending fits it
[DESKTOP-J6EJPKF-14428] holding: [] resident and in use by another worker; nothing pending fits it
[DESKTOP-J6EJPKF-14428] holding: [] resident and in use by another worker; nothing pending fits it
[DESKTOP-J6EJPKF-14428] holding: [] resident and in use by another worker; nothing pending fits it
[DESKTOP-J6EJPKF-14428] holding: [] resident and in use by another worker; nothing pending fits it
[DESKTOP-J6EJPKF-14428] holding: [] resident and in use by another worker; nothing pending fits it
[DESKTOP-J6EJPKF-14428] holding: [] resident and in use by another worker; nothing pending fits it
[DESKTOP-J6EJPKF-14428] holding: [] resident and in use by another worker; nothing pending fits it
[DESKTOP-J6EJPKF-14428] holding: [] resident and in use by another worker; nothing pending fits it
[DESKTOP-J6EJPKF-14428] holding: [] resident and in use by another worker; nothing pending fits it
[DESKTOP-J6EJPKF-14428] holding: [] resident and in use by another worker; nothing pending fits it
[DESKTOP-J6EJPKF-14428] holding: [] resident and in use by another worker; nothing pending fits it
[DESKTOP-J6EJPKF-14428] holding: [] resident and in use by another worker; nothing pending fits it
[DESKTOP-J6EJPKF-14428] holding: [] resident and in use by another worker; nothing pending fits it
[DESKTOP-J6EJPKF-14428] holding: [] resident and in use by another worker; nothing pending fits it
[DESKTOP-J6EJPKF-14428] holding: [] resident and in use by another worker; nothing pending fits it
[DESKTOP-J6EJPKF-14428] holding: [] resident and in use by another worker; nothing pending fits it
[DESKTOP-J6EJPKF-14428] holding: [] resident and in use by another worker; nothing pending fits it
[DESKTOP-J6EJPKF-14428] holding: [] resident and in use by another worker; nothing pending fits it
[DESKTOP-J6EJPKF-14428] holding: [] resident and in use by another worker; nothing pending fits it
[DESKTOP-J6EJPKF-14428] holding: [] resident and in use by another worker; nothing pending fits it
[DESKTOP-J6EJPKF-14428] holding: [] resident and in use by another worker; nothing pending fits it
[DESKTOP-J6EJPKF-14428] holding: [] resident and in use by another worker; nothing pending fits it
[DESKTOP-J6EJPKF-14428] holding: [] resident and in use by another worker; nothing pending fits it
[DESKTOP-J6EJPKF-14428] holding: [] resident and in use by another worker; nothing pending fits it
[DESKTOP-J6EJPKF-14428] holding: [] resident and in use by another worker; nothing pending fits it
[DESKTOP-J6EJPKF-14428] holding: [] resident and in use by another worker; nothing pending fits it
[DESKTOP-J6EJPKF-14428] holding: [] resident and in use by another worker; nothing pending fits it
[DESKTOP-J6EJPKF-14428] holding: [] resident and in use by another worker; nothing pending fits it
[DESKTOP-J6EJPKF-14428] holding: [] resident and in use by another worker; nothing pending fits it
[DESKTOP-J6EJPKF-14428] holding: [] resident and in use by another worker; nothing pending fits it
[DESKTOP-J6EJPKF-14428] holding: [] resident and in use by another worker; nothing pending fits it
[DESKTOP-J6EJPKF-14428] holding: [] resident and in use by another worker; nothing pending fits it
[DESKTOP-J6EJPKF-14428] holding: [] resident and in use by another worker; nothing pending fits it
[DESKTOP-J6EJPKF-14428] holding: [] resident and in use by another worker; nothing pending fits it
[DESKTOP-J6EJPKF-14428] holding: [] resident and in use by another worker; nothing pending fits it
[DESKTOP-J6EJPKF-14428] holding: [] resident and in use by another worker; nothing pending fits it
[DESKTOP-J6EJPKF-14428] holding: [] resident and in use by another worker; nothing pending fits it
[DESKTOP-J6EJPKF-14428] holding: [] resident and in use by another worker; nothing pending fits it
[DESKTOP-J6EJPKF-14428] holding: [] resident and in use by another worker; nothing pending fits it
[DESKTOP-J6EJPKF-14428] holding: [] resident and in use by another worker; nothing pending fits it
[DESKTOP-J6EJPKF-14428] holding: [] resident and in use by another worker; nothing pending fits it
[DESKTOP-J6EJPKF-14428] holding: [] resident and in use by another worker; nothing pending fits it
[DESKTOP-J6EJPKF-14428] holding: [] resident and in use by another worker; nothing pending fits it
[DESKTOP-J6EJPKF-14428] holding: [] resident and in use by another worker; nothing pending fits it
[DESKTOP-J6EJPKF-14428] holding: [] resident and in use by another worker; nothing pending fits it
[DESKTOP-J6EJPKF-14428] holding: [] resident and in use by another worker; nothing pending fits it
[DESKTOP-J6EJPKF-14428] holding: [] resident and in use by another worker; nothing pending fits it
[DESKTOP-J6EJPKF-14428] holding: [] resident and in use by another worker; nothing pending fits it
[DESKTOP-J6EJPKF-14428] holding: [] resident and in use by another worker; nothing pending fits it
[DESKTOP-J6EJPKF-14428] holding: [] resident and in use by another worker; nothing pending fits it
[DESKTOP-J6EJPKF-14428] holding: [] resident and in use by another worker; nothing pending fits it
[DESKTOP-J6EJPKF-14428] holding: [] resident and in use by another worker; nothing pending fits it
[DESKTOP-J6EJPKF-14428] holding: [] resident and in use by another worker; nothing pending fits it
[DESKTOP-J6EJPKF-14428] holding: [] resident and in use by another worker; nothing pending fits it
[DESKTOP-J6EJPKF-14428] holding: [] resident and in use by another worker; nothing pending fits it
[DESKTOP-J6EJPKF-14428] holding: [] resident and in use by another worker; nothing pending fits it
[DESKTOP-J6EJPKF-14428] holding: [] resident and in use by another worker; nothing pending fits it
[DESKTOP-J6EJPKF-14428] holding: [] resident and in use by another worker; nothing pending fits it
[DESKTOP-J6EJPKF-14428] holding: [] resident and in use by another worker; nothing pending fits it
[DESKTOP-J6EJPKF-14428] holding: [] resident and in use by another worker; nothing pending fits it
[DESKTOP-J6EJPKF-14428] holding: [] resident and in use by another worker; nothing pending fits it
[DESKTOP-J6EJPKF-14428] holding: [] resident and in use by another worker; nothing pending fits it
[DESKTOP-J6EJPKF-14428] holding: [] resident and in use by another worker; nothing pending fits it
[DESKTOP-J6EJPKF-14428] holding: [] resident and in use by another worker; nothing pending fits it
[DESKTOP-J6EJPKF-14428] holding: [] resident and in use by another worker; nothing pending fits it
[DESKTOP-J6EJPKF-14428] holding: [] resident and in use by another worker; nothing pending fits it
[DESKTOP-J6EJPKF-14428] holding: [] resident and in use by another worker; nothing pending fits it
[DESKTOP-J6EJPKF-14428] holding: [] resident and in use by another worker; nothing pending fits it
[DESKTOP-J6EJPKF-14428] holding: [] resident and in use by another worker; nothing pending fits it
[DESKTOP-J6EJPKF-14428] holding: [] resident and in use by another worker; nothing pending fits it
[DESKTOP-J6EJPKF-14428] holding: [] resident and in use by another worker; nothing pending fits it
[DESKTOP-J6EJPKF-14428] holding: [] resident and in use by another worker; nothing pending fits it
[DESKTOP-J6EJPKF-14428] holding: [] resident and in use by another worker; nothing pending fits it
[DESKTOP-J6EJPKF-14428] holding: [] resident and in use by another worker; nothing pending fits it
[DESKTOP-J6EJPKF-14428] holding: [] resident and in use by another worker; nothing pending fits it
[DESKTOP-J6EJPKF-14428] holding: [] resident and in use by another worker; nothing pending fits it
[DESKTOP-J6EJPKF-14428] holding: [] resident and in use by another worker; nothing pending fits it
[DESKTOP-J6EJPKF-14428] holding: [] resident and in use by another worker; nothing pending fits it
[DESKTOP-J6EJPKF-14428] holding: [] resident and in use by another worker; nothing pending fits it
[DESKTOP-J6EJPKF-14428] holding: [] resident and in use by another worker; nothing pending fits it
[DESKTOP-J6EJPKF-14428] holding: [] resident and in use by another worker; nothing pending fits it
[DESKTOP-J6EJPKF-14428] holding: [] resident and in use by another worker; nothing pending fits it
[DESKTOP-J6EJPKF-14428] holding: [] resident and in use by another worker; nothing pending fits it
[DESKTOP-J6EJPKF-14428] holding: [] resident and in use by another worker; nothing pending fits it
[DESKTOP-J6EJPKF-14428] holding: [] resident and in use by another worker; nothing pending fits it
[DESKTOP-J6EJPKF-14428] holding: [] resident and in use by another worker; nothing pending fits it
[DESKTOP-J6EJPKF-14428] holding: [] resident and in use by another worker; nothing pending fits it
[DESKTOP-J6EJPKF-14428] holding: [] resident and in use by another worker; nothing pending fits it
[DESKTOP-J6EJPKF-14428] holding: [] resident and in use by another worker; nothing pending fits it
[DESKTOP-J6EJPKF-14428] holding: [] resident and in use by another worker; nothing pending fits it
[DESKTOP-J6EJPKF-14428] holding: [] resident and in use by another worker; nothing pending fits it
[DESKTOP-J6EJPKF-14428] holding: [] resident and in use by another worker; nothing pending fits it
[DESKTOP-J6EJPKF-14428] holding: [] resident and in use by another worker; nothing pending fits it
[DESKTOP-J6EJPKF-14428] holding: [] resident and in use by another worker; nothing pending fits it
[DESKTOP-J6EJPKF-14428] holding: [] resident and in use by another worker; nothing pending fits it
[DESKTOP-J6EJPKF-14428] holding: [] resident and in use by another worker; nothing pending fits it
[DESKTOP-J6EJPKF-14428] holding: [] resident and in use by another worker; nothing pending fits it
[DESKTOP-J6EJPKF-14428] holding: [] resident and in use by another worker; nothing pending fits it
[DESKTOP-J6EJPKF-14428] holding: [] resident and in use by another worker; nothing pending fits it
[DESKTOP-J6EJPKF-14428] holding: [] resident and in use by another worker; nothing pending fits it
[DESKTOP-J6EJPKF-14428] holding: [] resident and in use by another worker; nothing pending fits it
[DESKTOP-J6EJPKF-14428] holding: [] resident and in use by another worker; nothing pending fits it
[DESKTOP-J6EJPKF-14428] holding: [] resident and in use by another worker; nothing pending fits it
[DESKTOP-J6EJPKF-14428] holding: [] resident and in use by another worker; nothing pending fits it
[DESKTOP-J6EJPKF-14428] holding: [] resident and in use by another worker; nothing pending fits it
[DESKTOP-J6EJPKF-14428] holding: [] resident and in use by another worker; nothing pending fits it
[DESKTOP-J6EJPKF-14428] holding: [] resident and in use by another worker; nothing pending fits it
[DESKTOP-J6EJPKF-14428] holding: [] resident and in use by another worker; nothing pending fits it
[DESKTOP-J6EJPKF-14428] holding: [] resident and in use by another worker; nothing pending fits it
[DESKTOP-J6EJPKF-14428] holding: [] resident and in use by another worker; nothing pending fits it
[DESKTOP-J6EJPKF-14428] holding: [] resident and in use by another worker; nothing pending fits it
[DESKTOP-J6EJPKF-14428] holding: [] resident and in use by another worker; nothing pending fits it
[DESKTOP-J6EJPKF-14428] holding: [] resident and in use by another worker; nothing pending fits it
[DESKTOP-J6EJPKF-14428] holding: [] resident and in use by another worker; nothing pending fits it
[DESKTOP-J6EJPKF-14428] holding: [] resident and in use by another worker; nothing pending fits it
[DESKTOP-J6EJPKF-14428] holding: [] resident and in use by another worker; nothing pending fits it
[DESKTOP-J6EJPKF-14428] holding: [] resident and in use by another worker; nothing pending fits it
[DESKTOP-J6EJPKF-14428] holding: [] resident and in use by another worker; nothing pending fits it
[DESKTOP-J6EJPKF-14428] holding: [] resident and in use by another worker; nothing pending fits it
[DESKTOP-J6EJPKF-14428] holding: [] resident and in use by another worker; nothing pending fits it
[DESKTOP-J6EJPKF-14428] holding: [] resident and in use by another worker; nothing pending fits it
[DESKTOP-J6EJPKF-14428] holding: [] resident and in use by another worker; nothing pending fits it
[DESKTOP-J6EJPKF-14428] holding: [] resident and in use by another worker; nothing pending fits it
[DESKTOP-J6EJPKF-14428] holding: [] resident and in use by another worker; nothing pending fits it
[DESKTOP-J6EJPKF-14428] holding: [] resident and in use by another worker; nothing pending fits it
[DESKTOP-J6EJPKF-14428] holding: [] resident and in use by another worker; nothing pending fits it
[DESKTOP-J6EJPKF-14428] holding: [] resident and in use by another worker; nothing pending fits it
[DESKTOP-J6EJPKF-14428] holding: [] resident and in use by another worker; nothing pending fits it
[DESKTOP-J6EJPKF-14428] holding: [] resident and in use by another worker; nothing pending fits it
[DESKTOP-J6EJPKF-14428] holding: [] resident and in use by another worker; nothing pending fits it
[DESKTOP-J6EJPKF-14428] holding: [] resident and in use by another worker; nothing pending fits it
[DESKTOP-J6EJPKF-14428] holding: [] resident and in use by another worker; nothing pending fits it
[DESKTOP-J6EJPKF-14428] holding: [] resident and in use by another worker; nothing pending fits it
[DESKTOP-J6EJPKF-14428] holding: [] resident and in use by another worker; nothing pending fits it
[DESKTOP-J6EJPKF-14428] holding: [] resident and in use by another worker; nothing pending fits it
[DESKTOP-J6EJPKF-14428] holding: [] resident and in use by another worker; nothing pending fits it
[DESKTOP-J6EJPKF-14428] holding: [] resident and in use by another worker; nothing pending fits it
[DESKTOP-J6EJPKF-14428] holding: [] resident and in use by another worker; nothing pending fits it
[DESKTOP-J6EJPKF-14428] holding: [] resident and in use by another worker; nothing pending fits it
[DESKTOP-J6EJPKF-14428] holding: [] resident and in use by another worker; nothing pending fits it
[DESKTOP-J6EJPKF-14428] holding: [] resident and in use by another worker; nothing pending fits it
[DESKTOP-J6EJPKF-14428] holding: [] resident and in use by another worker; nothing pending fits it
[DESKTOP-J6EJPKF-14428] holding: [] resident and in use by another worker; nothing pending fits it
[DESKTOP-J6EJPKF-14428] holding: [] resident and in use by another worker; nothing pending fits it
[DESKTOP-J6EJPKF-14428] holding: [] resident and in use by another worker; nothing pending fits it
[DESKTOP-J6EJPKF-14428] holding: [] resident and in use by another worker; nothing pending fits it
[DESKTOP-J6EJPKF-14428] holding: [] resident and in use by another worker; nothing pending fits it
[DESKTOP-J6EJPKF-14428] holding: [] resident and in use by another worker; nothing pending fits it
[DESKTOP-J6EJPKF-14428] holding: [] resident and in use by another worker; nothing pending fits it
[DESKTOP-J6EJPKF-14428] holding: [] resident and in use by another worker; nothing pending fits it
[DESKTOP-J6EJPKF-14428] holding: [] resident and in use by another worker; nothing pending fits it
[DESKTOP-J6EJPKF-14428] holding: [] resident and in use by another worker; nothing pending fits it
[DESKTOP-J6EJPKF-14428] holding: [] resident and in use by another worker; nothing pending fits it
[DESKTOP-J6EJPKF-14428] holding: [] resident and in use by another worker; nothing pending fits it
[DESKTOP-J6EJPKF-14428] holding: [] resident and in use by another worker; nothing pending fits it
[DESKTOP-J6EJPKF-14428] holding: [] resident and in use by another worker; nothing pending fits it
[DESKTOP-J6EJPKF-14428] holding: [] resident and in use by another worker; nothing pending fits it
[DESKTOP-J6EJPKF-14428] holding: [] resident and in use by another worker; nothing pending fits it
[DESKTOP-J6EJPKF-14428] holding: [] resident and in use by another worker; nothing pending fits it
[DESKTOP-J6EJPKF-14428] holding: [] resident and in use by another worker; nothing pending fits it
[DESKTOP-J6EJPKF-14428] holding: [] resident and in use by another worker; nothing pending fits it
[DESKTOP-J6EJPKF-14428] holding: [] resident and in use by another worker; nothing pending fits it
[DESKTOP-J6EJPKF-14428] holding: [] resident and in use by another worker; nothing pending fits it
[DESKTOP-J6EJPKF-14428] holding: [] resident and in use by another worker; nothing pending fits it
[DESKTOP-J6EJPKF-14428] holding: [] resident and in use by another worker; nothing pending fits it
[DESKTOP-J6EJPKF-14428] holding: [] resident and in use by another worker; nothing pending fits it
[DESKTOP-J6EJPKF-14428] holding: [] resident and in use by another worker; nothing pending fits it
[DESKTOP-J6EJPKF-14428] holding: [] resident and in use by another worker; nothing pending fits it
[DESKTOP-J6EJPKF-14428] holding: [] resident and in use by another worker; nothing pending fits it
[DESKTOP-J6EJPKF-14428] holding: [] resident and in use by another worker; nothing pending fits it
[DESKTOP-J6EJPKF-14428] holding: [] resident and in use by another worker; nothing pending fits it
[DESKTOP-J6EJPKF-14428] holding: [] resident and in use by another worker; nothing pending fits it
[DESKTOP-J6EJPKF-14428] holding: [] resident and in use by another worker; nothing pending fits it
[DESKTOP-J6EJPKF-14428] holding: [] resident and in use by another worker; nothing pending fits it
[DESKTOP-J6EJPKF-14428] holding: [] resident and in use by another worker; nothing pending fits it
[DESKTOP-J6EJPKF-14428] holding: [] resident and in use by another worker; nothing pending fits it
[DESKTOP-J6EJPKF-14428] holding: [] resident and in use by another worker; nothing pending fits it
[DESKTOP-J6EJPKF-14428] holding: [] resident and in use by another worker; nothing pending fits it
[DESKTOP-J6EJPKF-14428] holding: [] resident and in use by another worker; nothing pending fits it
[DESKTOP-J6EJPKF-14428] holding: [] resident and in use by another worker; nothing pending fits it
[DESKTOP-J6EJPKF-14428] holding: [] resident and in use by another worker; nothing pending fits it
[DESKTOP-J6EJPKF-14428] holding: [] resident and in use by another worker; nothing pending fits it
[DESKTOP-J6EJPKF-14428] holding: [] resident and in use by another worker; nothing pending fits it
[DESKTOP-J6EJPKF-14428] holding: [] resident and in use by another worker; nothing pending fits it
[DESKTOP-J6EJPKF-14428] holding: [] resident and in use by another worker; nothing pending fits it
[DESKTOP-J6EJPKF-14428] holding: [] resident and in use by another worker; nothing pending fits it
[DESKTOP-J6EJPKF-14428] holding: [] resident and in use by another worker; nothing pending fits it
[DESKTOP-J6EJPKF-14428] holding: [] resident and in use by another worker; nothing pending fits it
[DESKTOP-J6EJPKF-14428] holding: [] resident and in use by another worker; nothing pending fits it
[DESKTOP-J6EJPKF-14428] holding: [] resident and in use by another worker; nothing pending fits it
[DESKTOP-J6EJPKF-14428] holding: [] resident and in use by another worker; nothing pending fits it
[DESKTOP-J6EJPKF-14428] holding: [] resident and in use by another worker; nothing pending fits it
[DESKTOP-J6EJPKF-14428] holding: [] resident and in use by another worker; nothing pending fits it
[DESKTOP-J6EJPKF-14428] holding: [] resident and in use by another worker; nothing pending fits it
[DESKTOP-J6EJPKF-14428] holding: [] resident and in use by another worker; nothing pending fits it
[DESKTOP-J6EJPKF-14428] holding: [] resident and in use by another worker; nothing pending fits it
[DESKTOP-J6EJPKF-14428] holding: [] resident and in use by another worker; nothing pending fits it
[DESKTOP-J6EJPKF-14428] holding: [] resident and in use by another worker; nothing pending fits it
[DESKTOP-J6EJPKF-14428] holding: [] resident and in use by another worker; nothing pending fits it
[DESKTOP-J6EJPKF-14428] holding: [] resident and in use by another worker; nothing pending fits it
[DESKTOP-J6EJPKF-14428] holding: [] resident and in use by another worker; nothing pending fits it
[DESKTOP-J6EJPKF-14428] holding: [] resident and in use by another worker; nothing pending fits it
[DESKTOP-J6EJPKF-14428] holding: [] resident and in use by another worker; nothing pending fits it
[DESKTOP-J6EJPKF-14428] holding: [] resident and in use by another worker; nothing pending fits it
[DESKTOP-J6EJPKF-14428] holding: [] resident and in use by another worker; nothing pending fits it
[DESKTOP-J6EJPKF-14428] holding: [] resident and in use by another worker; nothing pending fits it
[DESKTOP-J6EJPKF-14428] holding: [] resident and in use by another worker; nothing pending fits it
[DESKTOP-J6EJPKF-14428] holding: [] resident and in use by another worker; nothing pending fits it
[DESKTOP-J6EJPKF-14428] holding: [] resident and in use by another worker; nothing pending fits it
[DESKTOP-J6EJPKF-14428] holding: [] resident and in use by another worker; nothing pending fits it
[DESKTOP-J6EJPKF-14428] holding: [] resident and in use by another worker; nothing pending fits it
[DESKTOP-J6EJPKF-14428] holding: [] resident and in use by another worker; nothing pending fits it
[DESKTOP-J6EJPKF-14428] holding: [] resident and in use by another worker; nothing pending fits it
[DESKTOP-J6EJPKF-14428] holding: [] resident and in use by another worker; nothing pending fits it
[DESKTOP-J6EJPKF-14428] holding: [] resident and in use by another worker; nothing pending fits it
[DESKTOP-J6EJPKF-14428] holding: [] resident and in use by another worker; nothing pending fits it
[DESKTOP-J6EJPKF-14428] holding: [] resident and in use by another worker; nothing pending fits it
[DESKTOP-J6EJPKF-14428] holding: [] resident and in use by another worker; nothing pending fits it
[DESKTOP-J6EJPKF-14428] holding: [] resident and in use by another worker; nothing pending fits it
[DESKTOP-J6EJPKF-14428] holding: [] resident and in use by another worker; nothing pending fits it
[DESKTOP-J6EJPKF-14428] holding: [] resident and in use by another worker; nothing pending fits it
[DESKTOP-J6EJPKF-14428] holding: [] resident and in use by another worker; nothing pending fits it
[DESKTOP-J6EJPKF-14428] holding: [] resident and in use by another worker; nothing pending fits it
[DESKTOP-J6EJPKF-14428] holding: [] resident and in use by another worker; nothing pending fits it
[DESKTOP-J6EJPKF-14428] holding: [] resident and in use by another worker; nothing pending fits it
[DESKTOP-J6EJPKF-14428] holding: [] resident and in use by another worker; nothing pending fits it
[DESKTOP-J6EJPKF-14428] holding: [] resident and in use by another worker; nothing pending fits it
[DESKTOP-J6EJPKF-14428] holding: [] resident and in use by another worker; nothing pending fits it
[DESKTOP-J6EJPKF-14428] holding: [] resident and in use by another worker; nothing pending fits it
[DESKTOP-J6EJPKF-14428] holding: [] resident and in use by another worker; nothing pending fits it
[DESKTOP-J6EJPKF-14428] holding: [] resident and in use by another worker; nothing pending fits it
[DESKTOP-J6EJPKF-14428] holding: [] resident and in use by another worker; nothing pending fits it
[DESKTOP-J6EJPKF-14428] holding: [] resident and in use by another worker; nothing pending fits it
[DESKTOP-J6EJPKF-14428] holding: [] resident and in use by another worker; nothing pending fits it
[DESKTOP-J6EJPKF-14428] holding: [] resident and in use by another worker; nothing pending fits it
[DESKTOP-J6EJPKF-14428] holding: [] resident and in use by another worker; nothing pending fits it
[DESKTOP-J6EJPKF-14428] holding: [] resident and in use by another worker; nothing pending fits it
[DESKTOP-J6EJPKF-14428] holding: [] resident and in use by another worker; nothing pending fits it
[DESKTOP-J6EJPKF-14428] holding: [] resident and in use by another worker; nothing pending fits it
[DESKTOP-J6EJPKF-14428] holding: [] resident and in use by another worker; nothing pending fits it
[DESKTOP-J6EJPKF-14428] holding: [] resident and in use by another worker; nothing pending fits it
[DESKTOP-J6EJPKF-14428] holding: [] resident and in use by another worker; nothing pending fits it
[DESKTOP-J6EJPKF-14428] holding: [] resident and in use by another worker; nothing pending fits it
[DESKTOP-J6EJPKF-14428] holding: [] resident and in use by another worker; nothing pending fits it
[DESKTOP-J6EJPKF-14428] holding: [] resident and in use by another worker; nothing pending fits it
[DESKTOP-J6EJPKF-14428] holding: [] resident and in use by another worker; nothing pending fits it
[DESKTOP-J6EJPKF-14428] holding: [] resident and in use by another worker; nothing pending fits it
[DESKTOP-J6EJPKF-14428] holding: [] resident and in use by another worker; nothing pending fits it
[DESKTOP-J6EJPKF-14428] holding: [] resident and in use by another worker; nothing pending fits it
[DESKTOP-J6EJPKF-14428] holding: [] resident and in use by another worker; nothing pending fits it
[DESKTOP-J6EJPKF-14428] holding: [] resident and in use by another worker; nothing pending fits it
