worker DESKTOP-J6EJPKF-13864 | pool C:\Users\Fontenaille\Desktop\Lattice-Kiln\evalkit_pool | backend http://127.0.0.1:11435 | {'pending': 2072, 'claimed': 48, 'done': 1577}
[DESKTOP-J6EJPKF-13864] 8 item(s)  judge_caveat/nemotron3-nano-4b/reason_first
      exit 0 | done 8 released 0 | {'pending': 2040, 'claimed': 56, 'done': 1601}
[DESKTOP-J6EJPKF-13864] 8 item(s)  judge_caveat/nemotron3-nano-4b/reason_first
      exit 0 | done 16 released 0 | {'pending': 2024, 'claimed': 56, 'done': 1617}
[DESKTOP-J6EJPKF-13864] 8 item(s)  judge_caveat/nemotron3-nano-4b/reason_first
      exit 0 | done 24 released 0 | {'pending': 1992, 'claimed': 56, 'done': 1649}
[DESKTOP-J6EJPKF-13864] 8 item(s)  judge_caveat/nemotron3-nano-4b/reason_first
      exit 0 | done 32 released 0 | {'pending': 1960, 'claimed': 56, 'done': 1681}
[DESKTOP-J6EJPKF-13864] 8 item(s)  judge_caveat/nemotron3-nano-4b/reason_first
      exit 0 | done 40 released 0 | {'pending': 1912, 'claimed': 56, 'done': 1729}
[DESKTOP-J6EJPKF-13864] 8 item(s)  judge_caveat/nemotron3-nano-4b/reason_first
      exit 0 | done 48 released 0 | {'pending': 1912, 'claimed': 24, 'done': 1761}
[DESKTOP-J6EJPKF-13864] 8 item(s)  judge_caveat/nemotron3-nano-4b/reason_first
      exit 0 | done 56 released 0 | {'pending': 1880, 'claimed': 24, 'done': 1793}
[DESKTOP-J6EJPKF-13864] 8 item(s)  judge_caveat/nemotron3-nano-4b/reason_first
      exit 0 | done 64 released 0 | {'pending': 1848, 'claimed': 24, 'done': 1825}
[DESKTOP-J6EJPKF-13864] 8 item(s)  judge_caveat/nemotron3-nano-4b/reason_first
      exit 0 | done 72 released 0 | {'pending': 1824, 'claimed': 24, 'done': 1849}
[DESKTOP-J6EJPKF-13864] 8 item(s)  judge_caveat/nemotron3-nano-4b/reason_first
      exit 0 | done 80 released 0 | {'pending': 1792, 'claimed': 24, 'done': 1881}
[DESKTOP-J6EJPKF-13864] 8 item(s)  judge_caveat/nemotron3-nano-4b/reason_first
      exit 0 | done 88 released 0 | {'pending': 1758, 'claimed': 24, 'done': 1915}
[DESKTOP-J6EJPKF-13864] 8 item(s)  judge_caveat/nemotron3-nano-4b/reason_first
      exit 0 | done 96 released 0 | {'pending': 1734, 'claimed': 24, 'done': 1939}
[DESKTOP-J6EJPKF-13864] 8 item(s)  judge_caveat/nemotron3-nano-4b/reason_first
      exit 0 | done 104 released 0 | {'pending': 1702, 'claimed': 24, 'done': 1971}
[DESKTOP-J6EJPKF-13864] 8 item(s)  judge_caveat/nemotron3-nano-4b/reason_first
      exit 0 | done 112 released 0 | {'pending': 1670, 'claimed': 24, 'done': 2003}
[DESKTOP-J6EJPKF-13864] 8 item(s)  judge_caveat/nemotron3-nano-4b/reason_first
      exit 0 | done 120 released 0 | {'pending': 1622, 'claimed': 24, 'done': 2051}
[DESKTOP-J6EJPKF-13864] 8 item(s)  judge_caveat/nemotron3-nano-4b/reason_first
      exit 0 | done 128 released 0 | {'pending': 1606, 'claimed': 24, 'done': 2067}
[DESKTOP-J6EJPKF-13864] 8 item(s)  judge_caveat/nemotron3-nano-4b/reason_first
      exit 0 | done 136 released 0 | {'pending': 1574, 'claimed': 24, 'done': 2099}
[DESKTOP-J6EJPKF-13864] 8 item(s)  judge_caveat/nemotron3-nano-4b/reason_first
      exit 0 | done 144 released 0 | {'pending': 1534, 'claimed': 24, 'done': 2139}
[DESKTOP-J6EJPKF-13864] 8 item(s)  judge_caveat/nemotron3-nano-4b/reason_first
      exit 0 | done 152 released 0 | {'pending': 1500, 'claimed': 24, 'done': 2173}
[DESKTOP-J6EJPKF-13864] 8 item(s)  judge_caveat/nemotron3-nano-4b/reason_first
      exit 0 | done 160 released 0 | {'pending': 1482, 'claimed': 16, 'done': 2199}
[DESKTOP-J6EJPKF-13864] 8 item(s)  judge_caveat/nemotron3-nano-4b/reason_first
      exit 0 | done 168 released 0 | {'pending': 1458, 'claimed': 16, 'done': 2223}
[DESKTOP-J6EJPKF-13864] 2 item(s)  judge_caveat/nemotron3-nano-4b/reason_first
      exit 0 | done 170 released 0 | {'pending': 1456, 'claimed': 16, 'done': 2225}
[DESKTOP-J6EJPKF-13864] 8 item(s)  judge_anchored/nemotron3-nano-4b/reason_first
      exit 0 | done 178 released 0 | {'pending': 1448, 'claimed': 16, 'done': 2233}
[DESKTOP-J6EJPKF-13864] 8 item(s)  judge_anchored/nemotron3-nano-4b/reason_first
      exit 0 | done 186 released 0 | {'pending': 1424, 'claimed': 16, 'done': 2257}
[DESKTOP-J6EJPKF-13864] 8 item(s)  judge_anchored/nemotron3-nano-4b/reason_first
      exit 0 | done 194 released 0 | {'pending': 1416, 'claimed': 16, 'done': 2265}
[DESKTOP-J6EJPKF-13864] 8 item(s)  judge_anchored/nemotron3-nano-4b/reason_first
      exit 0 | done 202 released 0 | {'pending': 1392, 'claimed': 16, 'done': 2289}
[DESKTOP-J6EJPKF-13864] 8 item(s)  judge_anchored/nemotron3-nano-4b/reason_first
      exit 0 | done 210 released 0 | {'pending': 1368, 'claimed': 16, 'done': 2313}
[DESKTOP-J6EJPKF-13864] 8 item(s)  judge_anchored/nemotron3-nano-4b/reason_first
      exit 0 | done 218 released 0 | {'pending': 1360, 'claimed': 16, 'done': 2321}
[DESKTOP-J6EJPKF-13864] 8 item(s)  judge_anchored/nemotron3-nano-4b/reason_first
      exit 0 | done 226 released 0 | {'pending': 1344, 'claimed': 24, 'done': 2329}
[DESKTOP-J6EJPKF-13864] 8 item(s)  judge_anchored/nemotron3-nano-4b/reason_first
      exit 0 | done 234 released 0 | {'pending': 1304, 'claimed': 24, 'done': 2369}
[DESKTOP-J6EJPKF-13864] 8 item(s)  judge_anchored/nemotron3-nano-4b/reason_first
      exit 0 | done 242 released 0 | {'pending': 1280, 'claimed': 24, 'done': 2393}
[DESKTOP-J6EJPKF-13864] 8 item(s)  judge_anchored/nemotron3-nano-4b/reason_first
      exit 0 | done 250 released 0 | {'pending': 1248, 'claimed': 24, 'done': 2425}
[DESKTOP-J6EJPKF-13864] 8 item(s)  judge_anchored/nemotron3-nano-4b/reason_first
      exit 0 | done 258 released 0 | {'pending': 1240, 'claimed': 24, 'done': 2433}
[DESKTOP-J6EJPKF-13864] 5 item(s)  judge_anchored/nemotron3-nano-4b/reason_first
      exit 0 | done 263 released 0 | {'pending': 1214, 'claimed': 21, 'done': 2462}
[DESKTOP-J6EJPKF-13864] 8 item(s)  judge_bypass/nemotron3-nano-4b/reason_first
      exit 0 | done 271 released 0 | {'pending': 1190, 'claimed': 24, 'done': 2483}
[DESKTOP-J6EJPKF-13864] 8 item(s)  judge_bypass/nemotron3-nano-4b/reason_first
      exit 0 | done 279 released 0 | {'pending': 1174, 'claimed': 24, 'done': 2499}
[DESKTOP-J6EJPKF-13864] 8 item(s)  judge_bypass/nemotron3-nano-4b/reason_first
      exit 0 | done 287 released 0 | {'pending': 1164, 'claimed': 0, 'done': 2533}
[DESKTOP-J6EJPKF-13864] holding: ['nemotron3-nano-4b:latest'] resident and in use by another worker; nothing pending fits it
[DESKTOP-J6EJPKF-13864] holding: ['nemotron3-nano-4b:latest'] resident and in use by another worker; nothing pending fits it
[DESKTOP-J6EJPKF-13864] holding: ['nemotron3-nano-4b:latest'] resident and in use by another worker; nothing pending fits it
[DESKTOP-J6EJPKF-13864] holding: ['nemotron3-nano-4b:latest'] resident and in use by another worker; nothing pending fits it
[DESKTOP-J6EJPKF-13864] holding: ['nemotron3-nano-4b:latest'] resident and in use by another worker; nothing pending fits it
[DESKTOP-J6EJPKF-13864] holding: ['nemotron3-nano-4b:latest'] resident and in use by another worker; nothing pending fits it
[DESKTOP-J6EJPKF-13864] holding: ['nemotron3-nano-4b:latest'] resident and in use by another worker; nothing pending fits it
[DESKTOP-J6EJPKF-13864] holding: ['nemotron3-nano-4b:latest'] resident and in use by another worker; nothing pending fits it
[DESKTOP-J6EJPKF-13864] holding: ['nemotron3-nano-4b:latest'] resident and in use by another worker; nothing pending fits it
[DESKTOP-J6EJPKF-13864] holding: ['nemotron3-nano-4b:latest'] resident and in use by another worker; nothing pending fits it
[DESKTOP-J6EJPKF-13864] holding: [] resident and in use by another worker; nothing pending fits it
[DESKTOP-J6EJPKF-13864] holding: [] resident and in use by another worker; nothing pending fits it
[DESKTOP-J6EJPKF-13864] holding: [] resident and in use by another worker; nothing pending fits it
[DESKTOP-J6EJPKF-13864] holding: [] resident and in use by another worker; nothing pending fits it
[DESKTOP-J6EJPKF-13864] holding: [] resident and in use by another worker; nothing pending fits it
[DESKTOP-J6EJPKF-13864] holding: [] resident and in use by another worker; nothing pending fits it
[DESKTOP-J6EJPKF-13864] holding: [] resident and in use by another worker; nothing pending fits it
[DESKTOP-J6EJPKF-13864] holding: [] resident and in use by another worker; nothing pending fits it
[DESKTOP-J6EJPKF-13864] holding: [] resident and in use by another worker; nothing pending fits it
[DESKTOP-J6EJPKF-13864] holding: [] resident and in use by another worker; nothing pending fits it
[DESKTOP-J6EJPKF-13864] holding: [] resident and in use by another worker; nothing pending fits it
[DESKTOP-J6EJPKF-13864] holding: [] resident and in use by another worker; nothing pending fits it
[DESKTOP-J6EJPKF-13864] holding: [] resident and in use by another worker; nothing pending fits it
[DESKTOP-J6EJPKF-13864] holding: [] resident and in use by another worker; nothing pending fits it
[DESKTOP-J6EJPKF-13864] holding: [] resident and in use by another worker; nothing pending fits it
[DESKTOP-J6EJPKF-13864] holding: [] resident and in use by another worker; nothing pending fits it
[DESKTOP-J6EJPKF-13864] holding: [] resident and in use by another worker; nothing pending fits it
[DESKTOP-J6EJPKF-13864] holding: [] resident and in use by another worker; nothing pending fits it
[DESKTOP-J6EJPKF-13864] holding: [] resident and in use by another worker; nothing pending fits it
[DESKTOP-J6EJPKF-13864] holding: [] resident and in use by another worker; nothing pending fits it
[DESKTOP-J6EJPKF-13864] holding: [] resident and in use by another worker; nothing pending fits it
[DESKTOP-J6EJPKF-13864] holding: [] resident and in use by another worker; nothing pending fits it
[DESKTOP-J6EJPKF-13864] holding: [] resident and in use by another worker; nothing pending fits it
[DESKTOP-J6EJPKF-13864] holding: [] resident and in use by another worker; nothing pending fits it
[DESKTOP-J6EJPKF-13864] holding: [] resident and in use by another worker; nothing pending fits it
[DESKTOP-J6EJPKF-13864] holding: [] resident and in use by another worker; nothing pending fits it
[DESKTOP-J6EJPKF-13864] holding: [] resident and in use by another worker; nothing pending fits it
[DESKTOP-J6EJPKF-13864] holding: [] resident and in use by another worker; nothing pending fits it
[DESKTOP-J6EJPKF-13864] holding: [] resident and in use by another worker; nothing pending fits it
[DESKTOP-J6EJPKF-13864] holding: [] resident and in use by another worker; nothing pending fits it
[DESKTOP-J6EJPKF-13864] holding: [] resident and in use by another worker; nothing pending fits it
[DESKTOP-J6EJPKF-13864] holding: [] resident and in use by another worker; nothing pending fits it
[DESKTOP-J6EJPKF-13864] holding: [] resident and in use by another worker; nothing pending fits it
[DESKTOP-J6EJPKF-13864] holding: [] resident and in use by another worker; nothing pending fits it
[DESKTOP-J6EJPKF-13864] holding: [] resident and in use by another worker; nothing pending fits it
[DESKTOP-J6EJPKF-13864] holding: [] resident and in use by another worker; nothing pending fits it
[DESKTOP-J6EJPKF-13864] holding: [] resident and in use by another worker; nothing pending fits it
[DESKTOP-J6EJPKF-13864] holding: [] resident and in use by another worker; nothing pending fits it
[DESKTOP-J6EJPKF-13864] holding: [] resident and in use by another worker; nothing pending fits it
[DESKTOP-J6EJPKF-13864] holding: [] resident and in use by another worker; nothing pending fits it
[DESKTOP-J6EJPKF-13864] holding: [] resident and in use by another worker; nothing pending fits it
[DESKTOP-J6EJPKF-13864] holding: [] resident and in use by another worker; nothing pending fits it
[DESKTOP-J6EJPKF-13864] holding: [] resident and in use by another worker; nothing pending fits it
[DESKTOP-J6EJPKF-13864] holding: [] resident and in use by another worker; nothing pending fits it
[DESKTOP-J6EJPKF-13864] holding: [] resident and in use by another worker; nothing pending fits it
[DESKTOP-J6EJPKF-13864] holding: [] resident and in use by another worker; nothing pending fits it
[DESKTOP-J6EJPKF-13864] holding: [] resident and in use by another worker; nothing pending fits it
[DESKTOP-J6EJPKF-13864] holding: [] resident and in use by another worker; nothing pending fits it
[DESKTOP-J6EJPKF-13864] holding: [] resident and in use by another worker; nothing pending fits it
[DESKTOP-J6EJPKF-13864] holding: [] resident and in use by another worker; nothing pending fits it
[DESKTOP-J6EJPKF-13864] holding: [] resident and in use by another worker; nothing pending fits it
[DESKTOP-J6EJPKF-13864] holding: [] resident and in use by another worker; nothing pending fits it
[DESKTOP-J6EJPKF-13864] holding: [] resident and in use by another worker; nothing pending fits it
[DESKTOP-J6EJPKF-13864] holding: [] resident and in use by another worker; nothing pending fits it
[DESKTOP-J6EJPKF-13864] holding: [] resident and in use by another worker; nothing pending fits it
[DESKTOP-J6EJPKF-13864] holding: [] resident and in use by another worker; nothing pending fits it
[DESKTOP-J6EJPKF-13864] holding: [] resident and in use by another worker; nothing pending fits it
[DESKTOP-J6EJPKF-13864] holding: [] resident and in use by another worker; nothing pending fits it
[DESKTOP-J6EJPKF-13864] holding: [] resident and in use by another worker; nothing pending fits it
[DESKTOP-J6EJPKF-13864] holding: [] resident and in use by another worker; nothing pending fits it
[DESKTOP-J6EJPKF-13864] holding: [] resident and in use by another worker; nothing pending fits it
[DESKTOP-J6EJPKF-13864] holding: [] resident and in use by another worker; nothing pending fits it
[DESKTOP-J6EJPKF-13864] holding: [] resident and in use by another worker; nothing pending fits it
[DESKTOP-J6EJPKF-13864] holding: [] resident and in use by another worker; nothing pending fits it
[DESKTOP-J6EJPKF-13864] holding: [] resident and in use by another worker; nothing pending fits it
[DESKTOP-J6EJPKF-13864] holding: [] resident and in use by another worker; nothing pending fits it
[DESKTOP-J6EJPKF-13864] holding: [] resident and in use by another worker; nothing pending fits it
[DESKTOP-J6EJPKF-13864] holding: [] resident and in use by another worker; nothing pending fits it
[DESKTOP-J6EJPKF-13864] holding: [] resident and in use by another worker; nothing pending fits it
[DESKTOP-J6EJPKF-13864] holding: [] resident and in use by another worker; nothing pending fits it
[DESKTOP-J6EJPKF-13864] holding: [] resident and in use by another worker; nothing pending fits it
[DESKTOP-J6EJPKF-13864] holding: [] resident and in use by another worker; nothing pending fits it
[DESKTOP-J6EJPKF-13864] holding: [] resident and in use by another worker; nothing pending fits it
[DESKTOP-J6EJPKF-13864] holding: [] resident and in use by another worker; nothing pending fits it
[DESKTOP-J6EJPKF-13864] holding: [] resident and in use by another worker; nothing pending fits it
[DESKTOP-J6EJPKF-13864] holding: [] resident and in use by another worker; nothing pending fits it
[DESKTOP-J6EJPKF-13864] holding: [] resident and in use by another worker; nothing pending fits it
[DESKTOP-J6EJPKF-13864] holding: [] resident and in use by another worker; nothing pending fits it
[DESKTOP-J6EJPKF-13864] holding: [] resident and in use by another worker; nothing pending fits it
[DESKTOP-J6EJPKF-13864] holding: [] resident and in use by another worker; nothing pending fits it
[DESKTOP-J6EJPKF-13864] holding: [] resident and in use by another worker; nothing pending fits it
[DESKTOP-J6EJPKF-13864] holding: [] resident and in use by another worker; nothing pending fits it
[DESKTOP-J6EJPKF-13864] holding: [] resident and in use by another worker; nothing pending fits it
[DESKTOP-J6EJPKF-13864] holding: [] resident and in use by another worker; nothing pending fits it
[DESKTOP-J6EJPKF-13864] holding: [] resident and in use by another worker; nothing pending fits it
[DESKTOP-J6EJPKF-13864] holding: [] resident and in use by another worker; nothing pending fits it
[DESKTOP-J6EJPKF-13864] holding: [] resident and in use by another worker; nothing pending fits it
[DESKTOP-J6EJPKF-13864] holding: [] resident and in use by another worker; nothing pending fits it
[DESKTOP-J6EJPKF-13864] holding: [] resident and in use by another worker; nothing pending fits it
[DESKTOP-J6EJPKF-13864] holding: [] resident and in use by another worker; nothing pending fits it
[DESKTOP-J6EJPKF-13864] holding: [] resident and in use by another worker; nothing pending fits it
[DESKTOP-J6EJPKF-13864] holding: [] resident and in use by another worker; nothing pending fits it
[DESKTOP-J6EJPKF-13864] holding: [] resident and in use by another worker; nothing pending fits it
[DESKTOP-J6EJPKF-13864] holding: [] resident and in use by another worker; nothing pending fits it
[DESKTOP-J6EJPKF-13864] holding: [] resident and in use by another worker; nothing pending fits it
[DESKTOP-J6EJPKF-13864] holding: [] resident and in use by another worker; nothing pending fits it
[DESKTOP-J6EJPKF-13864] holding: [] resident and in use by another worker; nothing pending fits it
[DESKTOP-J6EJPKF-13864] holding: [] resident and in use by another worker; nothing pending fits it
[DESKTOP-J6EJPKF-13864] holding: [] resident and in use by another worker; nothing pending fits it
[DESKTOP-J6EJPKF-13864] holding: [] resident and in use by another worker; nothing pending fits it
[DESKTOP-J6EJPKF-13864] holding: [] resident and in use by another worker; nothing pending fits it
[DESKTOP-J6EJPKF-13864] holding: [] resident and in use by another worker; nothing pending fits it
[DESKTOP-J6EJPKF-13864] holding: [] resident and in use by another worker; nothing pending fits it
[DESKTOP-J6EJPKF-13864] holding: [] resident and in use by another worker; nothing pending fits it
[DESKTOP-J6EJPKF-13864] holding: [] resident and in use by another worker; nothing pending fits it
[DESKTOP-J6EJPKF-13864] holding: [] resident and in use by another worker; nothing pending fits it
[DESKTOP-J6EJPKF-13864] holding: [] resident and in use by another worker; nothing pending fits it
[DESKTOP-J6EJPKF-13864] holding: [] resident and in use by another worker; nothing pending fits it
[DESKTOP-J6EJPKF-13864] holding: [] resident and in use by another worker; nothing pending fits it
[DESKTOP-J6EJPKF-13864] holding: [] resident and in use by another worker; nothing pending fits it
[DESKTOP-J6EJPKF-13864] holding: [] resident and in use by another worker; nothing pending fits it
[DESKTOP-J6EJPKF-13864] holding: [] resident and in use by another worker; nothing pending fits it
[DESKTOP-J6EJPKF-13864] holding: [] resident and in use by another worker; nothing pending fits it
[DESKTOP-J6EJPKF-13864] holding: [] resident and in use by another worker; nothing pending fits it
[DESKTOP-J6EJPKF-13864] holding: [] resident and in use by another worker; nothing pending fits it
[DESKTOP-J6EJPKF-13864] holding: [] resident and in use by another worker; nothing pending fits it
[DESKTOP-J6EJPKF-13864] holding: [] resident and in use by another worker; nothing pending fits it
[DESKTOP-J6EJPKF-13864] holding: [] resident and in use by another worker; nothing pending fits it
[DESKTOP-J6EJPKF-13864] holding: [] resident and in use by another worker; nothing pending fits it
[DESKTOP-J6EJPKF-13864] holding: [] resident and in use by another worker; nothing pending fits it
[DESKTOP-J6EJPKF-13864] holding: [] resident and in use by another worker; nothing pending fits it
[DESKTOP-J6EJPKF-13864] holding: [] resident and in use by another worker; nothing pending fits it
[DESKTOP-J6EJPKF-13864] holding: [] resident and in use by another worker; nothing pending fits it
[DESKTOP-J6EJPKF-13864] holding: [] resident and in use by another worker; nothing pending fits it
[DESKTOP-J6EJPKF-13864] holding: [] resident and in use by another worker; nothing pending fits it
[DESKTOP-J6EJPKF-13864] holding: [] resident and in use by another worker; nothing pending fits it
[DESKTOP-J6EJPKF-13864] holding: [] resident and in use by another worker; nothing pending fits it
[DESKTOP-J6EJPKF-13864] holding: [] resident and in use by another worker; nothing pending fits it
[DESKTOP-J6EJPKF-13864] holding: [] resident and in use by another worker; nothing pending fits it
[DESKTOP-J6EJPKF-13864] holding: [] resident and in use by another worker; nothing pending fits it
[DESKTOP-J6EJPKF-13864] holding: [] resident and in use by another worker; nothing pending fits it
[DESKTOP-J6EJPKF-13864] holding: [] resident and in use by another worker; nothing pending fits it
[DESKTOP-J6EJPKF-13864] holding: [] resident and in use by another worker; nothing pending fits it
[DESKTOP-J6EJPKF-13864] holding: [] resident and in use by another worker; nothing pending fits it
[DESKTOP-J6EJPKF-13864] holding: [] resident and in use by another worker; nothing pending fits it
[DESKTOP-J6EJPKF-13864] holding: [] resident and in use by another worker; nothing pending fits it
[DESKTOP-J6EJPKF-13864] holding: [] resident and in use by another worker; nothing pending fits it
[DESKTOP-J6EJPKF-13864] holding: [] resident and in use by another worker; nothing pending fits it
[DESKTOP-J6EJPKF-13864] holding: [] resident and in use by another worker; nothing pending fits it
[DESKTOP-J6EJPKF-13864] holding: [] resident and in use by another worker; nothing pending fits it
[DESKTOP-J6EJPKF-13864] holding: [] resident and in use by another worker; nothing pending fits it
[DESKTOP-J6EJPKF-13864] holding: [] resident and in use by another worker; nothing pending fits it
[DESKTOP-J6EJPKF-13864] holding: [] resident and in use by another worker; nothing pending fits it
[DESKTOP-J6EJPKF-13864] holding: [] resident and in use by another worker; nothing pending fits it
[DESKTOP-J6EJPKF-13864] holding: [] resident and in use by another worker; nothing pending fits it
[DESKTOP-J6EJPKF-13864] holding: [] resident and in use by another worker; nothing pending fits it
[DESKTOP-J6EJPKF-13864] holding: [] resident and in use by another worker; nothing pending fits it
[DESKTOP-J6EJPKF-13864] holding: [] resident and in use by another worker; nothing pending fits it
[DESKTOP-J6EJPKF-13864] holding: [] resident and in use by another worker; nothing pending fits it
[DESKTOP-J6EJPKF-13864] holding: [] resident and in use by another worker; nothing pending fits it
[DESKTOP-J6EJPKF-13864] holding: [] resident and in use by another worker; nothing pending fits it
[DESKTOP-J6EJPKF-13864] holding: [] resident and in use by another worker; nothing pending fits it
[DESKTOP-J6EJPKF-13864] holding: [] resident and in use by another worker; nothing pending fits it
[DESKTOP-J6EJPKF-13864] holding: [] resident and in use by another worker; nothing pending fits it
[DESKTOP-J6EJPKF-13864] holding: [] resident and in use by another worker; nothing pending fits it
[DESKTOP-J6EJPKF-13864] holding: [] resident and in use by another worker; nothing pending fits it
[DESKTOP-J6EJPKF-13864] holding: [] resident and in use by another worker; nothing pending fits it
[DESKTOP-J6EJPKF-13864] holding: [] resident and in use by another worker; nothing pending fits it
[DESKTOP-J6EJPKF-13864] holding: [] resident and in use by another worker; nothing pending fits it
[DESKTOP-J6EJPKF-13864] holding: [] resident and in use by another worker; nothing pending fits it
[DESKTOP-J6EJPKF-13864] holding: [] resident and in use by another worker; nothing pending fits it
[DESKTOP-J6EJPKF-13864] holding: [] resident and in use by another worker; nothing pending fits it
[DESKTOP-J6EJPKF-13864] holding: [] resident and in use by another worker; nothing pending fits it
[DESKTOP-J6EJPKF-13864] holding: [] resident and in use by another worker; nothing pending fits it
[DESKTOP-J6EJPKF-13864] holding: [] resident and in use by another worker; nothing pending fits it
[DESKTOP-J6EJPKF-13864] holding: [] resident and in use by another worker; nothing pending fits it
[DESKTOP-J6EJPKF-13864] holding: [] resident and in use by another worker; nothing pending fits it
[DESKTOP-J6EJPKF-13864] holding: [] resident and in use by another worker; nothing pending fits it
[DESKTOP-J6EJPKF-13864] holding: [] resident and in use by another worker; nothing pending fits it
[DESKTOP-J6EJPKF-13864] holding: [] resident and in use by another worker; nothing pending fits it
[DESKTOP-J6EJPKF-13864] holding: [] resident and in use by another worker; nothing pending fits it
[DESKTOP-J6EJPKF-13864] holding: [] resident and in use by another worker; nothing pending fits it
[DESKTOP-J6EJPKF-13864] holding: [] resident and in use by another worker; nothing pending fits it
[DESKTOP-J6EJPKF-13864] holding: [] resident and in use by another worker; nothing pending fits it
[DESKTOP-J6EJPKF-13864] holding: [] resident and in use by another worker; nothing pending fits it
[DESKTOP-J6EJPKF-13864] holding: [] resident and in use by another worker; nothing pending fits it
[DESKTOP-J6EJPKF-13864] holding: [] resident and in use by another worker; nothing pending fits it
[DESKTOP-J6EJPKF-13864] holding: [] resident and in use by another worker; nothing pending fits it
[DESKTOP-J6EJPKF-13864] holding: [] resident and in use by another worker; nothing pending fits it
[DESKTOP-J6EJPKF-13864] holding: [] resident and in use by another worker; nothing pending fits it
[DESKTOP-J6EJPKF-13864] holding: [] resident and in use by another worker; nothing pending fits it
[DESKTOP-J6EJPKF-13864] holding: [] resident and in use by another worker; nothing pending fits it
[DESKTOP-J6EJPKF-13864] holding: [] resident and in use by another worker; nothing pending fits it
[DESKTOP-J6EJPKF-13864] holding: [] resident and in use by another worker; nothing pending fits it
[DESKTOP-J6EJPKF-13864] holding: [] resident and in use by another worker; nothing pending fits it
[DESKTOP-J6EJPKF-13864] holding: [] resident and in use by another worker; nothing pending fits it
[DESKTOP-J6EJPKF-13864] holding: [] resident and in use by another worker; nothing pending fits it
[DESKTOP-J6EJPKF-13864] holding: [] resident and in use by another worker; nothing pending fits it
[DESKTOP-J6EJPKF-13864] holding: [] resident and in use by another worker; nothing pending fits it
[DESKTOP-J6EJPKF-13864] holding: [] resident and in use by another worker; nothing pending fits it
[DESKTOP-J6EJPKF-13864] holding: [] resident and in use by another worker; nothing pending fits it
[DESKTOP-J6EJPKF-13864] holding: [] resident and in use by another worker; nothing pending fits it
[DESKTOP-J6EJPKF-13864] holding: [] resident and in use by another worker; nothing pending fits it
[DESKTOP-J6EJPKF-13864] holding: [] resident and in use by another worker; nothing pending fits it
[DESKTOP-J6EJPKF-13864] holding: [] resident and in use by another worker; nothing pending fits it
[DESKTOP-J6EJPKF-13864] holding: [] resident and in use by another worker; nothing pending fits it
[DESKTOP-J6EJPKF-13864] holding: [] resident and in use by another worker; nothing pending fits it
[DESKTOP-J6EJPKF-13864] holding: [] resident and in use by another worker; nothing pending fits it
[DESKTOP-J6EJPKF-13864] holding: [] resident and in use by another worker; nothing pending fits it
[DESKTOP-J6EJPKF-13864] holding: [] resident and in use by another worker; nothing pending fits it
[DESKTOP-J6EJPKF-13864] holding: [] resident and in use by another worker; nothing pending fits it
[DESKTOP-J6EJPKF-13864] holding: [] resident and in use by another worker; nothing pending fits it
[DESKTOP-J6EJPKF-13864] holding: [] resident and in use by another worker; nothing pending fits it
[DESKTOP-J6EJPKF-13864] holding: [] resident and in use by another worker; nothing pending fits it
[DESKTOP-J6EJPKF-13864] holding: [] resident and in use by another worker; nothing pending fits it
[DESKTOP-J6EJPKF-13864] holding: [] resident and in use by another worker; nothing pending fits it
[DESKTOP-J6EJPKF-13864] holding: [] resident and in use by another worker; nothing pending fits it
[DESKTOP-J6EJPKF-13864] holding: [] resident and in use by another worker; nothing pending fits it
[DESKTOP-J6EJPKF-13864] holding: [] resident and in use by another worker; nothing pending fits it
[DESKTOP-J6EJPKF-13864] holding: [] resident and in use by another worker; nothing pending fits it
[DESKTOP-J6EJPKF-13864] holding: [] resident and in use by another worker; nothing pending fits it
[DESKTOP-J6EJPKF-13864] holding: [] resident and in use by another worker; nothing pending fits it
[DESKTOP-J6EJPKF-13864] holding: [] resident and in use by another worker; nothing pending fits it
[DESKTOP-J6EJPKF-13864] holding: [] resident and in use by another worker; nothing pending fits it
[DESKTOP-J6EJPKF-13864] holding: [] resident and in use by another worker; nothing pending fits it
[DESKTOP-J6EJPKF-13864] holding: [] resident and in use by another worker; nothing pending fits it
[DESKTOP-J6EJPKF-13864] holding: [] resident and in use by another worker; nothing pending fits it
[DESKTOP-J6EJPKF-13864] holding: [] resident and in use by another worker; nothing pending fits it
[DESKTOP-J6EJPKF-13864] holding: [] resident and in use by another worker; nothing pending fits it
[DESKTOP-J6EJPKF-13864] holding: [] resident and in use by another worker; nothing pending fits it
[DESKTOP-J6EJPKF-13864] holding: [] resident and in use by another worker; nothing pending fits it
[DESKTOP-J6EJPKF-13864] holding: [] resident and in use by another worker; nothing pending fits it
[DESKTOP-J6EJPKF-13864] holding: [] resident and in use by another worker; nothing pending fits it
[DESKTOP-J6EJPKF-13864] holding: [] resident and in use by another worker; nothing pending fits it
[DESKTOP-J6EJPKF-13864] holding: [] resident and in use by another worker; nothing pending fits it
[DESKTOP-J6EJPKF-13864] holding: [] resident and in use by another worker; nothing pending fits it
[DESKTOP-J6EJPKF-13864] holding: [] resident and in use by another worker; nothing pending fits it
[DESKTOP-J6EJPKF-13864] holding: [] resident and in use by another worker; nothing pending fits it
[DESKTOP-J6EJPKF-13864] holding: [] resident and in use by another worker; nothing pending fits it
[DESKTOP-J6EJPKF-13864] holding: [] resident and in use by another worker; nothing pending fits it
[DESKTOP-J6EJPKF-13864] holding: [] resident and in use by another worker; nothing pending fits it
[DESKTOP-J6EJPKF-13864] holding: [] resident and in use by another worker; nothing pending fits it
[DESKTOP-J6EJPKF-13864] holding: [] resident and in use by another worker; nothing pending fits it
[DESKTOP-J6EJPKF-13864] holding: [] resident and in use by another worker; nothing pending fits it
[DESKTOP-J6EJPKF-13864] holding: [] resident and in use by another worker; nothing pending fits it
[DESKTOP-J6EJPKF-13864] holding: [] resident and in use by another worker; nothing pending fits it
[DESKTOP-J6EJPKF-13864] holding: [] resident and in use by another worker; nothing pending fits it
[DESKTOP-J6EJPKF-13864] holding: [] resident and in use by another worker; nothing pending fits it
[DESKTOP-J6EJPKF-13864] holding: [] resident and in use by another worker; nothing pending fits it
[DESKTOP-J6EJPKF-13864] holding: [] resident and in use by another worker; nothing pending fits it
[DESKTOP-J6EJPKF-13864] holding: [] resident and in use by another worker; nothing pending fits it
[DESKTOP-J6EJPKF-13864] holding: [] resident and in use by another worker; nothing pending fits it
[DESKTOP-J6EJPKF-13864] holding: [] resident and in use by another worker; nothing pending fits it
[DESKTOP-J6EJPKF-13864] holding: [] resident and in use by another worker; nothing pending fits it
[DESKTOP-J6EJPKF-13864] holding: [] resident and in use by another worker; nothing pending fits it
[DESKTOP-J6EJPKF-13864] holding: [] resident and in use by another worker; nothing pending fits it
[DESKTOP-J6EJPKF-13864] holding: [] resident and in use by another worker; nothing pending fits it
[DESKTOP-J6EJPKF-13864] holding: [] resident and in use by another worker; nothing pending fits it
[DESKTOP-J6EJPKF-13864] holding: [] resident and in use by another worker; nothing pending fits it
[DESKTOP-J6EJPKF-13864] holding: [] resident and in use by another worker; nothing pending fits it
[DESKTOP-J6EJPKF-13864] holding: [] resident and in use by another worker; nothing pending fits it
[DESKTOP-J6EJPKF-13864] holding: [] resident and in use by another worker; nothing pending fits it
[DESKTOP-J6EJPKF-13864] holding: [] resident and in use by another worker; nothing pending fits it
[DESKTOP-J6EJPKF-13864] holding: [] resident and in use by another worker; nothing pending fits it
[DESKTOP-J6EJPKF-13864] holding: [] resident and in use by another worker; nothing pending fits it
[DESKTOP-J6EJPKF-13864] holding: [] resident and in use by another worker; nothing pending fits it
[DESKTOP-J6EJPKF-13864] holding: [] resident and in use by another worker; nothing pending fits it
[DESKTOP-J6EJPKF-13864] holding: [] resident and in use by another worker; nothing pending fits it
[DESKTOP-J6EJPKF-13864] holding: [] resident and in use by another worker; nothing pending fits it
[DESKTOP-J6EJPKF-13864] holding: [] resident and in use by another worker; nothing pending fits it
[DESKTOP-J6EJPKF-13864] holding: [] resident and in use by another worker; nothing pending fits it
[DESKTOP-J6EJPKF-13864] holding: [] resident and in use by another worker; nothing pending fits it
[DESKTOP-J6EJPKF-13864] holding: [] resident and in use by another worker; nothing pending fits it
[DESKTOP-J6EJPKF-13864] holding: [] resident and in use by another worker; nothing pending fits it
[DESKTOP-J6EJPKF-13864] holding: [] resident and in use by another worker; nothing pending fits it
[DESKTOP-J6EJPKF-13864] holding: [] resident and in use by another worker; nothing pending fits it
[DESKTOP-J6EJPKF-13864] holding: [] resident and in use by another worker; nothing pending fits it
[DESKTOP-J6EJPKF-13864] holding: [] resident and in use by another worker; nothing pending fits it
[DESKTOP-J6EJPKF-13864] holding: [] resident and in use by another worker; nothing pending fits it
[DESKTOP-J6EJPKF-13864] holding: [] resident and in use by another worker; nothing pending fits it
[DESKTOP-J6EJPKF-13864] holding: [] resident and in use by another worker; nothing pending fits it
[DESKTOP-J6EJPKF-13864] holding: [] resident and in use by another worker; nothing pending fits it
[DESKTOP-J6EJPKF-13864] holding: [] resident and in use by another worker; nothing pending fits it
[DESKTOP-J6EJPKF-13864] holding: [] resident and in use by another worker; nothing pending fits it
[DESKTOP-J6EJPKF-13864] holding: [] resident and in use by another worker; nothing pending fits it
[DESKTOP-J6EJPKF-13864] holding: [] resident and in use by another worker; nothing pending fits it
[DESKTOP-J6EJPKF-13864] holding: [] resident and in use by another worker; nothing pending fits it
[DESKTOP-J6EJPKF-13864] holding: [] resident and in use by another worker; nothing pending fits it
[DESKTOP-J6EJPKF-13864] holding: [] resident and in use by another worker; nothing pending fits it
[DESKTOP-J6EJPKF-13864] holding: [] resident and in use by another worker; nothing pending fits it
[DESKTOP-J6EJPKF-13864] holding: [] resident and in use by another worker; nothing pending fits it
[DESKTOP-J6EJPKF-13864] holding: [] resident and in use by another worker; nothing pending fits it
[DESKTOP-J6EJPKF-13864] holding: [] resident and in use by another worker; nothing pending fits it
[DESKTOP-J6EJPKF-13864] holding: [] resident and in use by another worker; nothing pending fits it
[DESKTOP-J6EJPKF-13864] holding: [] resident and in use by another worker; nothing pending fits it
[DESKTOP-J6EJPKF-13864] holding: [] resident and in use by another worker; nothing pending fits it
[DESKTOP-J6EJPKF-13864] holding: [] resident and in use by another worker; nothing pending fits it
[DESKTOP-J6EJPKF-13864] holding: [] resident and in use by another worker; nothing pending fits it
[DESKTOP-J6EJPKF-13864] holding: [] resident and in use by another worker; nothing pending fits it
[DESKTOP-J6EJPKF-13864] holding: [] resident and in use by another worker; nothing pending fits it
[DESKTOP-J6EJPKF-13864] holding: [] resident and in use by another worker; nothing pending fits it
[DESKTOP-J6EJPKF-13864] holding: [] resident and in use by another worker; nothing pending fits it
[DESKTOP-J6EJPKF-13864] holding: [] resident and in use by another worker; nothing pending fits it
[DESKTOP-J6EJPKF-13864] holding: [] resident and in use by another worker; nothing pending fits it
[DESKTOP-J6EJPKF-13864] holding: [] resident and in use by another worker; nothing pending fits it
[DESKTOP-J6EJPKF-13864] holding: [] resident and in use by another worker; nothing pending fits it
[DESKTOP-J6EJPKF-13864] holding: [] resident and in use by another worker; nothing pending fits it
[DESKTOP-J6EJPKF-13864] holding: [] resident and in use by another worker; nothing pending fits it
[DESKTOP-J6EJPKF-13864] holding: [] resident and in use by another worker; nothing pending fits it
[DESKTOP-J6EJPKF-13864] holding: [] resident and in use by another worker; nothing pending fits it
[DESKTOP-J6EJPKF-13864] holding: [] resident and in use by another worker; nothing pending fits it
[DESKTOP-J6EJPKF-13864] holding: [] resident and in use by another worker; nothing pending fits it
[DESKTOP-J6EJPKF-13864] holding: [] resident and in use by another worker; nothing pending fits it
[DESKTOP-J6EJPKF-13864] holding: [] resident and in use by another worker; nothing pending fits it
[DESKTOP-J6EJPKF-13864] holding: [] resident and in use by another worker; nothing pending fits it
[DESKTOP-J6EJPKF-13864] holding: [] resident and in use by another worker; nothing pending fits it
[DESKTOP-J6EJPKF-13864] holding: [] resident and in use by another worker; nothing pending fits it
[DESKTOP-J6EJPKF-13864] holding: [] resident and in use by another worker; nothing pending fits it
[DESKTOP-J6EJPKF-13864] holding: [] resident and in use by another worker; nothing pending fits it
[DESKTOP-J6EJPKF-13864] holding: [] resident and in use by another worker; nothing pending fits it
[DESKTOP-J6EJPKF-13864] holding: [] resident and in use by another worker; nothing pending fits it
[DESKTOP-J6EJPKF-13864] holding: [] resident and in use by another worker; nothing pending fits it
[DESKTOP-J6EJPKF-13864] holding: [] resident and in use by another worker; nothing pending fits it
[DESKTOP-J6EJPKF-13864] holding: [] resident and in use by another worker; nothing pending fits it
[DESKTOP-J6EJPKF-13864] holding: [] resident and in use by another worker; nothing pending fits it
[DESKTOP-J6EJPKF-13864] holding: [] resident and in use by another worker; nothing pending fits it
[DESKTOP-J6EJPKF-13864] holding: [] resident and in use by another worker; nothing pending fits it
[DESKTOP-J6EJPKF-13864] holding: [] resident and in use by another worker; nothing pending fits it
[DESKTOP-J6EJPKF-13864] holding: [] resident and in use by another worker; nothing pending fits it
[DESKTOP-J6EJPKF-13864] holding: [] resident and in use by another worker; nothing pending fits it
[DESKTOP-J6EJPKF-13864] holding: [] resident and in use by another worker; nothing pending fits it
[DESKTOP-J6EJPKF-13864] holding: [] resident and in use by another worker; nothing pending fits it
[DESKTOP-J6EJPKF-13864] holding: [] resident and in use by another worker; nothing pending fits it
[DESKTOP-J6EJPKF-13864] holding: [] resident and in use by another worker; nothing pending fits it
[DESKTOP-J6EJPKF-13864] holding: [] resident and in use by another worker; nothing pending fits it
[DESKTOP-J6EJPKF-13864] holding: [] resident and in use by another worker; nothing pending fits it
[DESKTOP-J6EJPKF-13864] holding: [] resident and in use by another worker; nothing pending fits it
[DESKTOP-J6EJPKF-13864] holding: [] resident and in use by another worker; nothing pending fits it
[DESKTOP-J6EJPKF-13864] holding: [] resident and in use by another worker; nothing pending fits it
[DESKTOP-J6EJPKF-13864] holding: [] resident and in use by another worker; nothing pending fits it
[DESKTOP-J6EJPKF-13864] holding: [] resident and in use by another worker; nothing pending fits it
[DESKTOP-J6EJPKF-13864] holding: [] resident and in use by another worker; nothing pending fits it
[DESKTOP-J6EJPKF-13864] holding: [] resident and in use by another worker; nothing pending fits it
[DESKTOP-J6EJPKF-13864] holding: [] resident and in use by another worker; nothing pending fits it
[DESKTOP-J6EJPKF-13864] holding: [] resident and in use by another worker; nothing pending fits it
[DESKTOP-J6EJPKF-13864] holding: [] resident and in use by another worker; nothing pending fits it
[DESKTOP-J6EJPKF-13864] holding: [] resident and in use by another worker; nothing pending fits it
[DESKTOP-J6EJPKF-13864] holding: [] resident and in use by another worker; nothing pending fits it
[DESKTOP-J6EJPKF-13864] holding: [] resident and in use by another worker; nothing pending fits it
[DESKTOP-J6EJPKF-13864] holding: [] resident and in use by another worker; nothing pending fits it
[DESKTOP-J6EJPKF-13864] holding: [] resident and in use by another worker; nothing pending fits it
[DESKTOP-J6EJPKF-13864] holding: [] resident and in use by another worker; nothing pending fits it
[DESKTOP-J6EJPKF-13864] holding: [] resident and in use by another worker; nothing pending fits it
[DESKTOP-J6EJPKF-13864] holding: [] resident and in use by another worker; nothing pending fits it
[DESKTOP-J6EJPKF-13864] holding: [] resident and in use by another worker; nothing pending fits it
[DESKTOP-J6EJPKF-13864] holding: [] resident and in use by another worker; nothing pending fits it
[DESKTOP-J6EJPKF-13864] holding: [] resident and in use by another worker; nothing pending fits it
[DESKTOP-J6EJPKF-13864] holding: [] resident and in use by another worker; nothing pending fits it
[DESKTOP-J6EJPKF-13864] holding: [] resident and in use by another worker; nothing pending fits it
[DESKTOP-J6EJPKF-13864] holding: [] resident and in use by another worker; nothing pending fits it
[DESKTOP-J6EJPKF-13864] holding: [] resident and in use by another worker; nothing pending fits it
[DESKTOP-J6EJPKF-13864] holding: [] resident and in use by another worker; nothing pending fits it
[DESKTOP-J6EJPKF-13864] holding: [] resident and in use by another worker; nothing pending fits it
[DESKTOP-J6EJPKF-13864] holding: [] resident and in use by another worker; nothing pending fits it
[DESKTOP-J6EJPKF-13864] holding: [] resident and in use by another worker; nothing pending fits it
[DESKTOP-J6EJPKF-13864] holding: [] resident and in use by another worker; nothing pending fits it
[DESKTOP-J6EJPKF-13864] holding: [] resident and in use by another worker; nothing pending fits it
[DESKTOP-J6EJPKF-13864] holding: [] resident and in use by another worker; nothing pending fits it
[DESKTOP-J6EJPKF-13864] holding: [] resident and in use by another worker; nothing pending fits it
[DESKTOP-J6EJPKF-13864] holding: [] resident and in use by another worker; nothing pending fits it
[DESKTOP-J6EJPKF-13864] holding: [] resident and in use by another worker; nothing pending fits it
[DESKTOP-J6EJPKF-13864] holding: [] resident and in use by another worker; nothing pending fits it
[DESKTOP-J6EJPKF-13864] holding: [] resident and in use by another worker; nothing pending fits it
[DESKTOP-J6EJPKF-13864] holding: [] resident and in use by another worker; nothing pending fits it
[DESKTOP-J6EJPKF-13864] holding: [] resident and in use by another worker; nothing pending fits it
[DESKTOP-J6EJPKF-13864] holding: [] resident and in use by another worker; nothing pending fits it
[DESKTOP-J6EJPKF-13864] holding: [] resident and in use by another worker; nothing pending fits it
[DESKTOP-J6EJPKF-13864] holding: [] resident and in use by another worker; nothing pending fits it
[DESKTOP-J6EJPKF-13864] holding: [] resident and in use by another worker; nothing pending fits it
[DESKTOP-J6EJPKF-13864] holding: [] resident and in use by another worker; nothing pending fits it
[DESKTOP-J6EJPKF-13864] holding: [] resident and in use by another worker; nothing pending fits it
[DESKTOP-J6EJPKF-13864] holding: [] resident and in use by another worker; nothing pending fits it
[DESKTOP-J6EJPKF-13864] holding: [] resident and in use by another worker; nothing pending fits it
[DESKTOP-J6EJPKF-13864] holding: [] resident and in use by another worker; nothing pending fits it
[DESKTOP-J6EJPKF-13864] holding: [] resident and in use by another worker; nothing pending fits it
[DESKTOP-J6EJPKF-13864] holding: [] resident and in use by another worker; nothing pending fits it
[DESKTOP-J6EJPKF-13864] holding: [] resident and in use by another worker; nothing pending fits it
[DESKTOP-J6EJPKF-13864] holding: [] resident and in use by another worker; nothing pending fits it
[DESKTOP-J6EJPKF-13864] holding: [] resident and in use by another worker; nothing pending fits it
[DESKTOP-J6EJPKF-13864] holding: [] resident and in use by another worker; nothing pending fits it
[DESKTOP-J6EJPKF-13864] holding: [] resident and in use by another worker; nothing pending fits it
[DESKTOP-J6EJPKF-13864] holding: [] resident and in use by another worker; nothing pending fits it
[DESKTOP-J6EJPKF-13864] holding: [] resident and in use by another worker; nothing pending fits it
[DESKTOP-J6EJPKF-13864] holding: [] resident and in use by another worker; nothing pending fits it
[DESKTOP-J6EJPKF-13864] holding: [] resident and in use by another worker; nothing pending fits it
[DESKTOP-J6EJPKF-13864] holding: [] resident and in use by another worker; nothing pending fits it
[DESKTOP-J6EJPKF-13864] holding: [] resident and in use by another worker; nothing pending fits it
[DESKTOP-J6EJPKF-13864] holding: [] resident and in use by another worker; nothing pending fits it
[DESKTOP-J6EJPKF-13864] holding: [] resident and in use by another worker; nothing pending fits it
[DESKTOP-J6EJPKF-13864] holding: [] resident and in use by another worker; nothing pending fits it
[DESKTOP-J6EJPKF-13864] holding: [] resident and in use by another worker; nothing pending fits it
[DESKTOP-J6EJPKF-13864] holding: [] resident and in use by another worker; nothing pending fits it
[DESKTOP-J6EJPKF-13864] holding: [] resident and in use by another worker; nothing pending fits it
[DESKTOP-J6EJPKF-13864] holding: [] resident and in use by another worker; nothing pending fits it
[DESKTOP-J6EJPKF-13864] holding: [] resident and in use by another worker; nothing pending fits it
[DESKTOP-J6EJPKF-13864] holding: [] resident and in use by another worker; nothing pending fits it
[DESKTOP-J6EJPKF-13864] holding: [] resident and in use by another worker; nothing pending fits it
[DESKTOP-J6EJPKF-13864] holding: [] resident and in use by another worker; nothing pending fits it
[DESKTOP-J6EJPKF-13864] holding: [] resident and in use by another worker; nothing pending fits it
[DESKTOP-J6EJPKF-13864] holding: [] resident and in use by another worker; nothing pending fits it
[DESKTOP-J6EJPKF-13864] holding: [] resident and in use by another worker; nothing pending fits it
[DESKTOP-J6EJPKF-13864] holding: [] resident and in use by another worker; nothing pending fits it
[DESKTOP-J6EJPKF-13864] holding: [] resident and in use by another worker; nothing pending fits it
[DESKTOP-J6EJPKF-13864] holding: [] resident and in use by another worker; nothing pending fits it
[DESKTOP-J6EJPKF-13864] holding: [] resident and in use by another worker; nothing pending fits it
[DESKTOP-J6EJPKF-13864] holding: [] resident and in use by another worker; nothing pending fits it
[DESKTOP-J6EJPKF-13864] holding: [] resident and in use by another worker; nothing pending fits it
[DESKTOP-J6EJPKF-13864] holding: [] resident and in use by another worker; nothing pending fits it
[DESKTOP-J6EJPKF-13864] holding: [] resident and in use by another worker; nothing pending fits it
[DESKTOP-J6EJPKF-13864] holding: [] resident and in use by another worker; nothing pending fits it
[DESKTOP-J6EJPKF-13864] holding: [] resident and in use by another worker; nothing pending fits it
[DESKTOP-J6EJPKF-13864] holding: [] resident and in use by another worker; nothing pending fits it
[DESKTOP-J6EJPKF-13864] holding: [] resident and in use by another worker; nothing pending fits it
[DESKTOP-J6EJPKF-13864] holding: [] resident and in use by another worker; nothing pending fits it
[DESKTOP-J6EJPKF-13864] holding: [] resident and in use by another worker; nothing pending fits it
[DESKTOP-J6EJPKF-13864] holding: [] resident and in use by another worker; nothing pending fits it
[DESKTOP-J6EJPKF-13864] holding: [] resident and in use by another worker; nothing pending fits it
[DESKTOP-J6EJPKF-13864] holding: [] resident and in use by another worker; nothing pending fits it
[DESKTOP-J6EJPKF-13864] holding: [] resident and in use by another worker; nothing pending fits it
[DESKTOP-J6EJPKF-13864] holding: [] resident and in use by another worker; nothing pending fits it
[DESKTOP-J6EJPKF-13864] holding: [] resident and in use by another worker; nothing pending fits it
[DESKTOP-J6EJPKF-13864] holding: [] resident and in use by another worker; nothing pending fits it
[DESKTOP-J6EJPKF-13864] holding: [] resident and in use by another worker; nothing pending fits it
[DESKTOP-J6EJPKF-13864] holding: [] resident and in use by another worker; nothing pending fits it
[DESKTOP-J6EJPKF-13864] holding: [] resident and in use by another worker; nothing pending fits it
[DESKTOP-J6EJPKF-13864] holding: [] resident and in use by another worker; nothing pending fits it
[DESKTOP-J6EJPKF-13864] holding: [] resident and in use by another worker; nothing pending fits it
[DESKTOP-J6EJPKF-13864] holding: [] resident and in use by another worker; nothing pending fits it
[DESKTOP-J6EJPKF-13864] holding: [] resident and in use by another worker; nothing pending fits it
[DESKTOP-J6EJPKF-13864] holding: [] resident and in use by another worker; nothing pending fits it
[DESKTOP-J6EJPKF-13864] holding: [] resident and in use by another worker; nothing pending fits it
[DESKTOP-J6EJPKF-13864] holding: [] resident and in use by another worker; nothing pending fits it
[DESKTOP-J6EJPKF-13864] holding: [] resident and in use by another worker; nothing pending fits it
[DESKTOP-J6EJPKF-13864] holding: [] resident and in use by another worker; nothing pending fits it
[DESKTOP-J6EJPKF-13864] holding: [] resident and in use by another worker; nothing pending fits it
[DESKTOP-J6EJPKF-13864] holding: [] resident and in use by another worker; nothing pending fits it
[DESKTOP-J6EJPKF-13864] holding: [] resident and in use by another worker; nothing pending fits it
[DESKTOP-J6EJPKF-13864] holding: [] resident and in use by another worker; nothing pending fits it
[DESKTOP-J6EJPKF-13864] holding: [] resident and in use by another worker; nothing pending fits it
[DESKTOP-J6EJPKF-13864] holding: [] resident and in use by another worker; nothing pending fits it
[DESKTOP-J6EJPKF-13864] holding: [] resident and in use by another worker; nothing pending fits it
[DESKTOP-J6EJPKF-13864] holding: [] resident and in use by another worker; nothing pending fits it
[DESKTOP-J6EJPKF-13864] holding: [] resident and in use by another worker; nothing pending fits it
[DESKTOP-J6EJPKF-13864] holding: [] resident and in use by another worker; nothing pending fits it
[DESKTOP-J6EJPKF-13864] holding: [] resident and in use by another worker; nothing pending fits it
[DESKTOP-J6EJPKF-13864] holding: [] resident and in use by another worker; nothing pending fits it
[DESKTOP-J6EJPKF-13864] holding: [] resident and in use by another worker; nothing pending fits it
[DESKTOP-J6EJPKF-13864] holding: [] resident and in use by another worker; nothing pending fits it
[DESKTOP-J6EJPKF-13864] holding: [] resident and in use by another worker; nothing pending fits it
[DESKTOP-J6EJPKF-13864] holding: [] resident and in use by another worker; nothing pending fits it
[DESKTOP-J6EJPKF-13864] holding: [] resident and in use by another worker; nothing pending fits it
[DESKTOP-J6EJPKF-13864] holding: [] resident and in use by another worker; nothing pending fits it
[DESKTOP-J6EJPKF-13864] holding: [] resident and in use by another worker; nothing pending fits it
[DESKTOP-J6EJPKF-13864] holding: [] resident and in use by another worker; nothing pending fits it
[DESKTOP-J6EJPKF-13864] holding: [] resident and in use by another worker; nothing pending fits it
[DESKTOP-J6EJPKF-13864] holding: [] resident and in use by another worker; nothing pending fits it
[DESKTOP-J6EJPKF-13864] holding: [] resident and in use by another worker; nothing pending fits it
[DESKTOP-J6EJPKF-13864] holding: [] resident and in use by another worker; nothing pending fits it
[DESKTOP-J6EJPKF-13864] holding: [] resident and in use by another worker; nothing pending fits it
[DESKTOP-J6EJPKF-13864] holding: [] resident and in use by another worker; nothing pending fits it
[DESKTOP-J6EJPKF-13864] holding: [] resident and in use by another worker; nothing pending fits it
[DESKTOP-J6EJPKF-13864] holding: [] resident and in use by another worker; nothing pending fits it
[DESKTOP-J6EJPKF-13864] holding: [] resident and in use by another worker; nothing pending fits it
[DESKTOP-J6EJPKF-13864] holding: [] resident and in use by another worker; nothing pending fits it
[DESKTOP-J6EJPKF-13864] holding: [] resident and in use by another worker; nothing pending fits it
[DESKTOP-J6EJPKF-13864] holding: [] resident and in use by another worker; nothing pending fits it
[DESKTOP-J6EJPKF-13864] holding: [] resident and in use by another worker; nothing pending fits it
[DESKTOP-J6EJPKF-13864] holding: [] resident and in use by another worker; nothing pending fits it
[DESKTOP-J6EJPKF-13864] holding: [] resident and in use by another worker; nothing pending fits it
[DESKTOP-J6EJPKF-13864] holding: [] resident and in use by another worker; nothing pending fits it
[DESKTOP-J6EJPKF-13864] holding: [] resident and in use by another worker; nothing pending fits it
[DESKTOP-J6EJPKF-13864] holding: [] resident and in use by another worker; nothing pending fits it
[DESKTOP-J6EJPKF-13864] holding: [] resident and in use by another worker; nothing pending fits it
[DESKTOP-J6EJPKF-13864] holding: [] resident and in use by another worker; nothing pending fits it
[DESKTOP-J6EJPKF-13864] holding: [] resident and in use by another worker; nothing pending fits it
[DESKTOP-J6EJPKF-13864] holding: [] resident and in use by another worker; nothing pending fits it
[DESKTOP-J6EJPKF-13864] holding: [] resident and in use by another worker; nothing pending fits it
[DESKTOP-J6EJPKF-13864] holding: [] resident and in use by another worker; nothing pending fits it
[DESKTOP-J6EJPKF-13864] holding: [] resident and in use by another worker; nothing pending fits it
[DESKTOP-J6EJPKF-13864] holding: [] resident and in use by another worker; nothing pending fits it
[DESKTOP-J6EJPKF-13864] holding: [] resident and in use by another worker; nothing pending fits it
[DESKTOP-J6EJPKF-13864] holding: [] resident and in use by another worker; nothing pending fits it
[DESKTOP-J6EJPKF-13864] holding: [] resident and in use by another worker; nothing pending fits it
[DESKTOP-J6EJPKF-13864] holding: [] resident and in use by another worker; nothing pending fits it
[DESKTOP-J6EJPKF-13864] holding: [] resident and in use by another worker; nothing pending fits it
[DESKTOP-J6EJPKF-13864] holding: [] resident and in use by another worker; nothing pending fits it
[DESKTOP-J6EJPKF-13864] holding: [] resident and in use by another worker; nothing pending fits it
[DESKTOP-J6EJPKF-13864] holding: [] resident and in use by another worker; nothing pending fits it
[DESKTOP-J6EJPKF-13864] holding: [] resident and in use by another worker; nothing pending fits it
[DESKTOP-J6EJPKF-13864] holding: [] resident and in use by another worker; nothing pending fits it
[DESKTOP-J6EJPKF-13864] holding: [] resident and in use by another worker; nothing pending fits it
[DESKTOP-J6EJPKF-13864] holding: [] resident and in use by another worker; nothing pending fits it
[DESKTOP-J6EJPKF-13864] holding: [] resident and in use by another worker; nothing pending fits it
[DESKTOP-J6EJPKF-13864] holding: [] resident and in use by another worker; nothing pending fits it
[DESKTOP-J6EJPKF-13864] holding: [] resident and in use by another worker; nothing pending fits it
[DESKTOP-J6EJPKF-13864] holding: [] resident and in use by another worker; nothing pending fits it
