worker DESKTOP-J6EJPKF-19264 | pool C:\Users\Fontenaille\Desktop\Lattice-Kiln\evalkit_pool | backend http://127.0.0.1:11435 | {'pending': 2064, 'claimed': 56, 'done': 1577}
[DESKTOP-J6EJPKF-19264] 8 item(s)  judge_anchored/nemotron3-nano-4b/decision_first
      exit 0 | done 8 released 0 | {'pending': 2048, 'claimed': 56, 'done': 1593}
[DESKTOP-J6EJPKF-19264] 8 item(s)  judge_anchored/nemotron3-nano-4b/decision_first
      exit 0 | done 16 released 0 | {'pending': 2000, 'claimed': 56, 'done': 1641}
[DESKTOP-J6EJPKF-19264] 8 item(s)  judge_anchored/nemotron3-nano-4b/decision_first
      exit 0 | done 24 released 0 | {'pending': 1984, 'claimed': 56, 'done': 1657}
[DESKTOP-J6EJPKF-19264] 8 item(s)  judge_anchored/nemotron3-nano-4b/decision_first
      exit 0 | done 32 released 0 | {'pending': 1936, 'claimed': 56, 'done': 1705}
[DESKTOP-J6EJPKF-19264] 8 item(s)  judge_anchored/nemotron3-nano-4b/decision_first
      exit 0 | done 40 released 0 | {'pending': 1904, 'claimed': 56, 'done': 1737}
[DESKTOP-J6EJPKF-19264] 8 item(s)  judge_anchored/nemotron3-nano-4b/decision_first
      exit 0 | done 48 released 0 | {'pending': 1920, 'claimed': 24, 'done': 1753}
[DESKTOP-J6EJPKF-19264] 8 item(s)  judge_anchored/nemotron3-nano-4b/decision_first
      exit 0 | done 56 released 0 | {'pending': 1888, 'claimed': 24, 'done': 1785}
[DESKTOP-J6EJPKF-19264] 8 item(s)  judge_anchored/nemotron3-nano-4b/decision_first
      exit 0 | done 64 released 0 | {'pending': 1856, 'claimed': 24, 'done': 1817}
[DESKTOP-J6EJPKF-19264] 8 item(s)  judge_anchored/nemotron3-nano-4b/decision_first
      exit 0 | done 72 released 0 | {'pending': 1832, 'claimed': 24, 'done': 1841}
[DESKTOP-J6EJPKF-19264] 8 item(s)  judge_anchored/nemotron3-nano-4b/decision_first
      exit 0 | done 80 released 0 | {'pending': 1800, 'claimed': 24, 'done': 1873}
[DESKTOP-J6EJPKF-19264] 8 item(s)  judge_anchored/nemotron3-nano-4b/decision_first
      exit 0 | done 88 released 0 | {'pending': 1766, 'claimed': 24, 'done': 1907}
[DESKTOP-J6EJPKF-19264] 8 item(s)  judge_bypass/nemotron3-nano-4b/decision_first
      exit 0 | done 96 released 0 | {'pending': 1730, 'claimed': 20, 'done': 1947}
[DESKTOP-J6EJPKF-19264] 8 item(s)  judge_bypass/nemotron3-nano-4b/decision_first
      exit 0 | done 104 released 0 | {'pending': 1694, 'claimed': 24, 'done': 1979}
[DESKTOP-J6EJPKF-19264] 8 item(s)  judge_bypass/nemotron3-nano-4b/decision_first
      exit 0 | done 112 released 0 | {'pending': 1662, 'claimed': 24, 'done': 2011}
[DESKTOP-J6EJPKF-19264] 8 item(s)  judge_bypass/nemotron3-nano-4b/decision_first
      exit 0 | done 120 released 0 | {'pending': 1630, 'claimed': 24, 'done': 2043}
[DESKTOP-J6EJPKF-19264] 8 item(s)  judge_bypass/nemotron3-nano-4b/decision_first
      exit 0 | done 128 released 0 | {'pending': 1598, 'claimed': 24, 'done': 2075}
[DESKTOP-J6EJPKF-19264] 8 item(s)  judge_bypass/nemotron3-nano-4b/decision_first
      exit 0 | done 136 released 0 | {'pending': 1558, 'claimed': 24, 'done': 2115}
[DESKTOP-J6EJPKF-19264] 8 item(s)  judge_bypass/nemotron3-nano-4b/decision_first
      exit 0 | done 144 released 0 | {'pending': 1518, 'claimed': 24, 'done': 2155}
[DESKTOP-J6EJPKF-19264] 8 item(s)  judge_bypass/nemotron3-nano-4b/decision_first
      exit 0 | done 152 released 0 | {'pending': 1484, 'claimed': 24, 'done': 2189}
[DESKTOP-J6EJPKF-19264] 2 item(s)  judge_caveat/nemotron3-nano-4b/decision_first
      exit 0 | done 154 released 0 | {'pending': 1482, 'claimed': 24, 'done': 2191}
[DESKTOP-J6EJPKF-19264] holding: ['nemotron3-nano-4b:latest'] resident and in use by another worker; nothing pending fits it
[DESKTOP-J6EJPKF-19264] holding: ['nemotron3-nano-4b:latest'] resident and in use by another worker; nothing pending fits it
[DESKTOP-J6EJPKF-19264] holding: ['nemotron3-nano-4b:latest'] resident and in use by another worker; nothing pending fits it
[DESKTOP-J6EJPKF-19264] holding: ['nemotron3-nano-4b:latest'] resident and in use by another worker; nothing pending fits it
[DESKTOP-J6EJPKF-19264] holding: ['nemotron3-nano-4b:latest'] resident and in use by another worker; nothing pending fits it
[DESKTOP-J6EJPKF-19264] holding: ['nemotron3-nano-4b:latest'] resident and in use by another worker; nothing pending fits it
[DESKTOP-J6EJPKF-19264] holding: ['nemotron3-nano-4b:latest'] resident and in use by another worker; nothing pending fits it
[DESKTOP-J6EJPKF-19264] holding: ['nemotron3-nano-4b:latest'] resident and in use by another worker; nothing pending fits it
[DESKTOP-J6EJPKF-19264] holding: ['nemotron3-nano-4b:latest'] resident and in use by another worker; nothing pending fits it
[DESKTOP-J6EJPKF-19264] holding: ['nemotron3-nano-4b:latest'] resident and in use by another worker; nothing pending fits it
[DESKTOP-J6EJPKF-19264] holding: ['nemotron3-nano-4b:latest'] resident and in use by another worker; nothing pending fits it
[DESKTOP-J6EJPKF-19264] holding: ['nemotron3-nano-4b:latest'] resident and in use by another worker; nothing pending fits it
[DESKTOP-J6EJPKF-19264] holding: ['nemotron3-nano-4b:latest'] resident and in use by another worker; nothing pending fits it
[DESKTOP-J6EJPKF-19264] holding: ['nemotron3-nano-4b:latest'] resident and in use by another worker; nothing pending fits it
[DESKTOP-J6EJPKF-19264] holding: ['nemotron3-nano-4b:latest'] resident and in use by another worker; nothing pending fits it
[DESKTOP-J6EJPKF-19264] holding: ['nemotron3-nano-4b:latest'] resident and in use by another worker; nothing pending fits it
[DESKTOP-J6EJPKF-19264] holding: ['nemotron3-nano-4b:latest'] resident and in use by another worker; nothing pending fits it
[DESKTOP-J6EJPKF-19264] holding: ['nemotron3-nano-4b:latest'] resident and in use by another worker; nothing pending fits it
[DESKTOP-J6EJPKF-19264] holding: ['nemotron3-nano-4b:latest'] resident and in use by another worker; nothing pending fits it
[DESKTOP-J6EJPKF-19264] holding: ['nemotron3-nano-4b:latest'] resident and in use by another worker; nothing pending fits it
[DESKTOP-J6EJPKF-19264] holding: ['nemotron3-nano-4b:latest'] resident and in use by another worker; nothing pending fits it
[DESKTOP-J6EJPKF-19264] holding: ['nemotron3-nano-4b:latest'] resident and in use by another worker; nothing pending fits it
[DESKTOP-J6EJPKF-19264] holding: ['nemotron3-nano-4b:latest'] resident and in use by another worker; nothing pending fits it
[DESKTOP-J6EJPKF-19264] holding: ['nemotron3-nano-4b:latest'] resident and in use by another worker; nothing pending fits it
[DESKTOP-J6EJPKF-19264] holding: ['nemotron3-nano-4b:latest'] resident and in use by another worker; nothing pending fits it
[DESKTOP-J6EJPKF-19264] holding: ['nemotron3-nano-4b:latest'] resident and in use by another worker; nothing pending fits it
[DESKTOP-J6EJPKF-19264] holding: ['nemotron3-nano-4b:latest'] resident and in use by another worker; nothing pending fits it
[DESKTOP-J6EJPKF-19264] holding: ['nemotron3-nano-4b:latest'] resident and in use by another worker; nothing pending fits it
[DESKTOP-J6EJPKF-19264] holding: ['nemotron3-nano-4b:latest'] resident and in use by another worker; nothing pending fits it
[DESKTOP-J6EJPKF-19264] holding: ['nemotron3-nano-4b:latest'] resident and in use by another worker; nothing pending fits it
[DESKTOP-J6EJPKF-19264] holding: ['nemotron3-nano-4b:latest'] resident and in use by another worker; nothing pending fits it
[DESKTOP-J6EJPKF-19264] holding: ['nemotron3-nano-4b:latest'] resident and in use by another worker; nothing pending fits it
[DESKTOP-J6EJPKF-19264] holding: ['nemotron3-nano-4b:latest'] resident and in use by another worker; nothing pending fits it
[DESKTOP-J6EJPKF-19264] holding: ['nemotron3-nano-4b:latest'] resident and in use by another worker; nothing pending fits it
[DESKTOP-J6EJPKF-19264] holding: ['nemotron3-nano-4b:latest'] resident and in use by another worker; nothing pending fits it
[DESKTOP-J6EJPKF-19264] holding: ['nemotron3-nano-4b:latest'] resident and in use by another worker; nothing pending fits it
[DESKTOP-J6EJPKF-19264] holding: ['nemotron3-nano-4b:latest'] resident and in use by another worker; nothing pending fits it
[DESKTOP-J6EJPKF-19264] holding: ['nemotron3-nano-4b:latest'] resident and in use by another worker; nothing pending fits it
[DESKTOP-J6EJPKF-19264] holding: ['nemotron3-nano-4b:latest'] resident and in use by another worker; nothing pending fits it
[DESKTOP-J6EJPKF-19264] holding: ['nemotron3-nano-4b:latest'] resident and in use by another worker; nothing pending fits it
[DESKTOP-J6EJPKF-19264] holding: ['nemotron3-nano-4b:latest'] resident and in use by another worker; nothing pending fits it
[DESKTOP-J6EJPKF-19264] holding: ['nemotron3-nano-4b:latest'] resident and in use by another worker; nothing pending fits it
[DESKTOP-J6EJPKF-19264] holding: ['nemotron3-nano-4b:latest'] resident and in use by another worker; nothing pending fits it
[DESKTOP-J6EJPKF-19264] holding: ['nemotron3-nano-4b:latest'] resident and in use by another worker; nothing pending fits it
[DESKTOP-J6EJPKF-19264] holding: ['nemotron3-nano-4b:latest'] resident and in use by another worker; nothing pending fits it
[DESKTOP-J6EJPKF-19264] holding: ['nemotron3-nano-4b:latest'] resident and in use by another worker; nothing pending fits it
[DESKTOP-J6EJPKF-19264] holding: ['nemotron3-nano-4b:latest'] resident and in use by another worker; nothing pending fits it
[DESKTOP-J6EJPKF-19264] holding: ['nemotron3-nano-4b:latest'] resident and in use by another worker; nothing pending fits it
[DESKTOP-J6EJPKF-19264] holding: ['nemotron3-nano-4b:latest'] resident and in use by another worker; nothing pending fits it
[DESKTOP-J6EJPKF-19264] holding: ['nemotron3-nano-4b:latest'] resident and in use by another worker; nothing pending fits it
[DESKTOP-J6EJPKF-19264] holding: ['nemotron3-nano-4b:latest'] resident and in use by another worker; nothing pending fits it
[DESKTOP-J6EJPKF-19264] holding: ['nemotron3-nano-4b:latest'] resident and in use by another worker; nothing pending fits it
[DESKTOP-J6EJPKF-19264] holding: ['nemotron3-nano-4b:latest'] resident and in use by another worker; nothing pending fits it
[DESKTOP-J6EJPKF-19264] holding: ['nemotron3-nano-4b:latest'] resident and in use by another worker; nothing pending fits it
[DESKTOP-J6EJPKF-19264] holding: ['nemotron3-nano-4b:latest'] resident and in use by another worker; nothing pending fits it
[DESKTOP-J6EJPKF-19264] holding: ['nemotron3-nano-4b:latest'] resident and in use by another worker; nothing pending fits it
[DESKTOP-J6EJPKF-19264] holding: ['nemotron3-nano-4b:latest'] resident and in use by another worker; nothing pending fits it
[DESKTOP-J6EJPKF-19264] holding: ['nemotron3-nano-4b:latest'] resident and in use by another worker; nothing pending fits it
[DESKTOP-J6EJPKF-19264] holding: ['nemotron3-nano-4b:latest'] resident and in use by another worker; nothing pending fits it
[DESKTOP-J6EJPKF-19264] holding: ['nemotron3-nano-4b:latest'] resident and in use by another worker; nothing pending fits it
[DESKTOP-J6EJPKF-19264] holding: ['nemotron3-nano-4b:latest'] resident and in use by another worker; nothing pending fits it
[DESKTOP-J6EJPKF-19264] holding: ['nemotron3-nano-4b:latest'] resident and in use by another worker; nothing pending fits it
[DESKTOP-J6EJPKF-19264] holding: ['nemotron3-nano-4b:latest'] resident and in use by another worker; nothing pending fits it
[DESKTOP-J6EJPKF-19264] holding: ['nemotron3-nano-4b:latest'] resident and in use by another worker; nothing pending fits it
[DESKTOP-J6EJPKF-19264] holding: ['nemotron3-nano-4b:latest'] resident and in use by another worker; nothing pending fits it
[DESKTOP-J6EJPKF-19264] holding: ['nemotron3-nano-4b:latest'] resident and in use by another worker; nothing pending fits it
[DESKTOP-J6EJPKF-19264] holding: ['nemotron3-nano-4b:latest'] resident and in use by another worker; nothing pending fits it
[DESKTOP-J6EJPKF-19264] holding: ['nemotron3-nano-4b:latest'] resident and in use by another worker; nothing pending fits it
[DESKTOP-J6EJPKF-19264] holding: ['nemotron3-nano-4b:latest'] resident and in use by another worker; nothing pending fits it
[DESKTOP-J6EJPKF-19264] holding: ['nemotron3-nano-4b:latest'] resident and in use by another worker; nothing pending fits it
[DESKTOP-J6EJPKF-19264] holding: ['nemotron3-nano-4b:latest'] resident and in use by another worker; nothing pending fits it
[DESKTOP-J6EJPKF-19264] holding: ['nemotron3-nano-4b:latest'] resident and in use by another worker; nothing pending fits it
[DESKTOP-J6EJPKF-19264] holding: ['nemotron3-nano-4b:latest'] resident and in use by another worker; nothing pending fits it
[DESKTOP-J6EJPKF-19264] holding: ['nemotron3-nano-4b:latest'] resident and in use by another worker; nothing pending fits it
[DESKTOP-J6EJPKF-19264] holding: ['nemotron3-nano-4b:latest'] resident and in use by another worker; nothing pending fits it
[DESKTOP-J6EJPKF-19264] holding: ['nemotron3-nano-4b:latest'] resident and in use by another worker; nothing pending fits it
[DESKTOP-J6EJPKF-19264] holding: ['nemotron3-nano-4b:latest'] resident and in use by another worker; nothing pending fits it
[DESKTOP-J6EJPKF-19264] holding: ['nemotron3-nano-4b:latest'] resident and in use by another worker; nothing pending fits it
[DESKTOP-J6EJPKF-19264] holding: ['nemotron3-nano-4b:latest'] resident and in use by another worker; nothing pending fits it
[DESKTOP-J6EJPKF-19264] holding: ['nemotron3-nano-4b:latest'] resident and in use by another worker; nothing pending fits it
[DESKTOP-J6EJPKF-19264] holding: ['nemotron3-nano-4b:latest'] resident and in use by another worker; nothing pending fits it
[DESKTOP-J6EJPKF-19264] holding: ['nemotron3-nano-4b:latest'] resident and in use by another worker; nothing pending fits it
[DESKTOP-J6EJPKF-19264] holding: ['nemotron3-nano-4b:latest'] resident and in use by another worker; nothing pending fits it
[DESKTOP-J6EJPKF-19264] holding: ['nemotron3-nano-4b:latest'] resident and in use by another worker; nothing pending fits it
[DESKTOP-J6EJPKF-19264] holding: ['nemotron3-nano-4b:latest'] resident and in use by another worker; nothing pending fits it
[DESKTOP-J6EJPKF-19264] holding: ['nemotron3-nano-4b:latest'] resident and in use by another worker; nothing pending fits it
[DESKTOP-J6EJPKF-19264] holding: ['nemotron3-nano-4b:latest'] resident and in use by another worker; nothing pending fits it
[DESKTOP-J6EJPKF-19264] holding: ['nemotron3-nano-4b:latest'] resident and in use by another worker; nothing pending fits it
[DESKTOP-J6EJPKF-19264] holding: ['nemotron3-nano-4b:latest'] resident and in use by another worker; nothing pending fits it
[DESKTOP-J6EJPKF-19264] holding: ['nemotron3-nano-4b:latest'] resident and in use by another worker; nothing pending fits it
[DESKTOP-J6EJPKF-19264] holding: ['nemotron3-nano-4b:latest'] resident and in use by another worker; nothing pending fits it
[DESKTOP-J6EJPKF-19264] holding: ['nemotron3-nano-4b:latest'] resident and in use by another worker; nothing pending fits it
[DESKTOP-J6EJPKF-19264] holding: ['nemotron3-nano-4b:latest'] resident and in use by another worker; nothing pending fits it
[DESKTOP-J6EJPKF-19264] holding: ['nemotron3-nano-4b:latest'] resident and in use by another worker; nothing pending fits it
[DESKTOP-J6EJPKF-19264] holding: ['nemotron3-nano-4b:latest'] resident and in use by another worker; nothing pending fits it
[DESKTOP-J6EJPKF-19264] holding: ['nemotron3-nano-4b:latest'] resident and in use by another worker; nothing pending fits it
[DESKTOP-J6EJPKF-19264] holding: ['nemotron3-nano-4b:latest'] resident and in use by another worker; nothing pending fits it
[DESKTOP-J6EJPKF-19264] holding: ['nemotron3-nano-4b:latest'] resident and in use by another worker; nothing pending fits it
[DESKTOP-J6EJPKF-19264] holding: ['nemotron3-nano-4b:latest'] resident and in use by another worker; nothing pending fits it
[DESKTOP-J6EJPKF-19264] holding: ['nemotron3-nano-4b:latest'] resident and in use by another worker; nothing pending fits it
[DESKTOP-J6EJPKF-19264] holding: ['nemotron3-nano-4b:latest'] resident and in use by another worker; nothing pending fits it
[DESKTOP-J6EJPKF-19264] holding: ['nemotron3-nano-4b:latest'] resident and in use by another worker; nothing pending fits it
[DESKTOP-J6EJPKF-19264] holding: ['nemotron3-nano-4b:latest'] resident and in use by another worker; nothing pending fits it
[DESKTOP-J6EJPKF-19264] holding: ['nemotron3-nano-4b:latest'] resident and in use by another worker; nothing pending fits it
[DESKTOP-J6EJPKF-19264] holding: ['nemotron3-nano-4b:latest'] resident and in use by another worker; nothing pending fits it
[DESKTOP-J6EJPKF-19264] holding: ['nemotron3-nano-4b:latest'] resident and in use by another worker; nothing pending fits it
[DESKTOP-J6EJPKF-19264] holding: ['nemotron3-nano-4b:latest'] resident and in use by another worker; nothing pending fits it
[DESKTOP-J6EJPKF-19264] holding: ['nemotron3-nano-4b:latest'] resident and in use by another worker; nothing pending fits it
[DESKTOP-J6EJPKF-19264] holding: ['nemotron3-nano-4b:latest'] resident and in use by another worker; nothing pending fits it
[DESKTOP-J6EJPKF-19264] holding: ['nemotron3-nano-4b:latest'] resident and in use by another worker; nothing pending fits it
[DESKTOP-J6EJPKF-19264] holding: ['nemotron3-nano-4b:latest'] resident and in use by another worker; nothing pending fits it
[DESKTOP-J6EJPKF-19264] holding: ['nemotron3-nano-4b:latest'] resident and in use by another worker; nothing pending fits it
[DESKTOP-J6EJPKF-19264] holding: ['nemotron3-nano-4b:latest'] resident and in use by another worker; nothing pending fits it
[DESKTOP-J6EJPKF-19264] holding: ['nemotron3-nano-4b:latest'] resident and in use by another worker; nothing pending fits it
[DESKTOP-J6EJPKF-19264] holding: ['nemotron3-nano-4b:latest'] resident and in use by another worker; nothing pending fits it
[DESKTOP-J6EJPKF-19264] holding: ['nemotron3-nano-4b:latest'] resident and in use by another worker; nothing pending fits it
[DESKTOP-J6EJPKF-19264] holding: ['nemotron3-nano-4b:latest'] resident and in use by another worker; nothing pending fits it
[DESKTOP-J6EJPKF-19264] holding: ['nemotron3-nano-4b:latest'] resident and in use by another worker; nothing pending fits it
[DESKTOP-J6EJPKF-19264] holding: ['nemotron3-nano-4b:latest'] resident and in use by another worker; nothing pending fits it
[DESKTOP-J6EJPKF-19264] holding: ['nemotron3-nano-4b:latest'] resident and in use by another worker; nothing pending fits it
[DESKTOP-J6EJPKF-19264] holding: ['nemotron3-nano-4b:latest'] resident and in use by another worker; nothing pending fits it
[DESKTOP-J6EJPKF-19264] holding: ['nemotron3-nano-4b:latest'] resident and in use by another worker; nothing pending fits it
[DESKTOP-J6EJPKF-19264] holding: ['nemotron3-nano-4b:latest'] resident and in use by another worker; nothing pending fits it
[DESKTOP-J6EJPKF-19264] holding: ['nemotron3-nano-4b:latest'] resident and in use by another worker; nothing pending fits it
[DESKTOP-J6EJPKF-19264] holding: ['nemotron3-nano-4b:latest'] resident and in use by another worker; nothing pending fits it
[DESKTOP-J6EJPKF-19264] holding: ['nemotron3-nano-4b:latest'] resident and in use by another worker; nothing pending fits it
[DESKTOP-J6EJPKF-19264] holding: ['nemotron3-nano-4b:latest'] resident and in use by another worker; nothing pending fits it
[DESKTOP-J6EJPKF-19264] holding: ['nemotron3-nano-4b:latest'] resident and in use by another worker; nothing pending fits it
[DESKTOP-J6EJPKF-19264] holding: ['nemotron3-nano-4b:latest'] resident and in use by another worker; nothing pending fits it
[DESKTOP-J6EJPKF-19264] holding: ['nemotron3-nano-4b:latest'] resident and in use by another worker; nothing pending fits it
[DESKTOP-J6EJPKF-19264] 8 item(s)  judge_bypass/nemotron3-nano-4b/reason_first
      exit 0 | done 162 released 0 | {'pending': 1312, 'claimed': 24, 'done': 2361}
[DESKTOP-J6EJPKF-19264] 8 item(s)  judge_bypass/nemotron3-nano-4b/reason_first
      exit 0 | done 170 released 0 | {'pending': 1288, 'claimed': 24, 'done': 2385}
[DESKTOP-J6EJPKF-19264] 8 item(s)  judge_bypass/nemotron3-nano-4b/reason_first
      exit 0 | done 178 released 0 | {'pending': 1256, 'claimed': 24, 'done': 2417}
[DESKTOP-J6EJPKF-19264] 8 item(s)  judge_bypass/nemotron3-nano-4b/reason_first
      exit 0 | done 186 released 0 | {'pending': 1230, 'claimed': 18, 'done': 2449}
[DESKTOP-J6EJPKF-19264] 8 item(s)  judge_bypass/nemotron3-nano-4b/reason_first
      exit 0 | done 194 released 0 | {'pending': 1206, 'claimed': 21, 'done': 2470}
[DESKTOP-J6EJPKF-19264] 8 item(s)  judge_bypass/nemotron3-nano-4b/reason_first
      exit 0 | done 202 released 0 | {'pending': 1182, 'claimed': 24, 'done': 2491}
[DESKTOP-J6EJPKF-19264] 8 item(s)  judge_bypass/nemotron3-nano-4b/reason_first
      exit 0 | done 210 released 0 | {'pending': 1164, 'claimed': 8, 'done': 2525}
[DESKTOP-J6EJPKF-19264] holding: ['nemotron3-nano-4b:latest'] resident and in use by another worker; nothing pending fits it
[DESKTOP-J6EJPKF-19264] holding: ['nemotron3-nano-4b:latest'] resident and in use by another worker; nothing pending fits it
[DESKTOP-J6EJPKF-19264] holding: ['nemotron3-nano-4b:latest'] resident and in use by another worker; nothing pending fits it
[DESKTOP-J6EJPKF-19264] holding: ['nemotron3-nano-4b:latest'] resident and in use by another worker; nothing pending fits it
[DESKTOP-J6EJPKF-19264] holding: ['nemotron3-nano-4b:latest'] resident and in use by another worker; nothing pending fits it
[DESKTOP-J6EJPKF-19264] holding: ['nemotron3-nano-4b:latest'] resident and in use by another worker; nothing pending fits it
[DESKTOP-J6EJPKF-19264] holding: ['nemotron3-nano-4b:latest'] resident and in use by another worker; nothing pending fits it
[DESKTOP-J6EJPKF-19264] holding: ['nemotron3-nano-4b:latest'] resident and in use by another worker; nothing pending fits it
[DESKTOP-J6EJPKF-19264] holding: ['nemotron3-nano-4b:latest'] resident and in use by another worker; nothing pending fits it
[DESKTOP-J6EJPKF-19264] holding: ['nemotron3-nano-4b:latest'] resident and in use by another worker; nothing pending fits it
[DESKTOP-J6EJPKF-19264] holding: ['nemotron3-nano-4b:latest'] resident and in use by another worker; nothing pending fits it
[DESKTOP-J6EJPKF-19264] holding: [] resident and in use by another worker; nothing pending fits it
[DESKTOP-J6EJPKF-19264] holding: [] resident and in use by another worker; nothing pending fits it
[DESKTOP-J6EJPKF-19264] holding: [] resident and in use by another worker; nothing pending fits it
[DESKTOP-J6EJPKF-19264] holding: [] resident and in use by another worker; nothing pending fits it
[DESKTOP-J6EJPKF-19264] holding: [] resident and in use by another worker; nothing pending fits it
[DESKTOP-J6EJPKF-19264] holding: [] resident and in use by another worker; nothing pending fits it
[DESKTOP-J6EJPKF-19264] holding: [] resident and in use by another worker; nothing pending fits it
[DESKTOP-J6EJPKF-19264] holding: [] resident and in use by another worker; nothing pending fits it
[DESKTOP-J6EJPKF-19264] holding: [] resident and in use by another worker; nothing pending fits it
[DESKTOP-J6EJPKF-19264] holding: [] resident and in use by another worker; nothing pending fits it
[DESKTOP-J6EJPKF-19264] holding: [] resident and in use by another worker; nothing pending fits it
[DESKTOP-J6EJPKF-19264] holding: [] resident and in use by another worker; nothing pending fits it
[DESKTOP-J6EJPKF-19264] holding: [] resident and in use by another worker; nothing pending fits it
[DESKTOP-J6EJPKF-19264] holding: [] resident and in use by another worker; nothing pending fits it
[DESKTOP-J6EJPKF-19264] holding: [] resident and in use by another worker; nothing pending fits it
[DESKTOP-J6EJPKF-19264] holding: [] resident and in use by another worker; nothing pending fits it
[DESKTOP-J6EJPKF-19264] holding: [] resident and in use by another worker; nothing pending fits it
[DESKTOP-J6EJPKF-19264] holding: [] resident and in use by another worker; nothing pending fits it
[DESKTOP-J6EJPKF-19264] holding: [] resident and in use by another worker; nothing pending fits it
[DESKTOP-J6EJPKF-19264] holding: [] resident and in use by another worker; nothing pending fits it
[DESKTOP-J6EJPKF-19264] holding: [] resident and in use by another worker; nothing pending fits it
[DESKTOP-J6EJPKF-19264] holding: [] resident and in use by another worker; nothing pending fits it
[DESKTOP-J6EJPKF-19264] holding: [] resident and in use by another worker; nothing pending fits it
[DESKTOP-J6EJPKF-19264] holding: [] resident and in use by another worker; nothing pending fits it
[DESKTOP-J6EJPKF-19264] holding: [] resident and in use by another worker; nothing pending fits it
[DESKTOP-J6EJPKF-19264] holding: [] resident and in use by another worker; nothing pending fits it
[DESKTOP-J6EJPKF-19264] holding: [] resident and in use by another worker; nothing pending fits it
[DESKTOP-J6EJPKF-19264] holding: [] resident and in use by another worker; nothing pending fits it
[DESKTOP-J6EJPKF-19264] holding: [] resident and in use by another worker; nothing pending fits it
[DESKTOP-J6EJPKF-19264] holding: [] resident and in use by another worker; nothing pending fits it
[DESKTOP-J6EJPKF-19264] holding: [] resident and in use by another worker; nothing pending fits it
[DESKTOP-J6EJPKF-19264] holding: [] resident and in use by another worker; nothing pending fits it
[DESKTOP-J6EJPKF-19264] holding: [] resident and in use by another worker; nothing pending fits it
[DESKTOP-J6EJPKF-19264] holding: [] resident and in use by another worker; nothing pending fits it
[DESKTOP-J6EJPKF-19264] holding: [] resident and in use by another worker; nothing pending fits it
[DESKTOP-J6EJPKF-19264] holding: [] resident and in use by another worker; nothing pending fits it
[DESKTOP-J6EJPKF-19264] holding: [] resident and in use by another worker; nothing pending fits it
[DESKTOP-J6EJPKF-19264] holding: [] resident and in use by another worker; nothing pending fits it
[DESKTOP-J6EJPKF-19264] holding: [] resident and in use by another worker; nothing pending fits it
[DESKTOP-J6EJPKF-19264] holding: [] resident and in use by another worker; nothing pending fits it
[DESKTOP-J6EJPKF-19264] holding: [] resident and in use by another worker; nothing pending fits it
[DESKTOP-J6EJPKF-19264] holding: [] resident and in use by another worker; nothing pending fits it
[DESKTOP-J6EJPKF-19264] holding: [] resident and in use by another worker; nothing pending fits it
[DESKTOP-J6EJPKF-19264] holding: [] resident and in use by another worker; nothing pending fits it
[DESKTOP-J6EJPKF-19264] holding: [] resident and in use by another worker; nothing pending fits it
[DESKTOP-J6EJPKF-19264] holding: [] resident and in use by another worker; nothing pending fits it
[DESKTOP-J6EJPKF-19264] holding: [] resident and in use by another worker; nothing pending fits it
[DESKTOP-J6EJPKF-19264] holding: [] resident and in use by another worker; nothing pending fits it
[DESKTOP-J6EJPKF-19264] holding: [] resident and in use by another worker; nothing pending fits it
[DESKTOP-J6EJPKF-19264] holding: [] resident and in use by another worker; nothing pending fits it
[DESKTOP-J6EJPKF-19264] holding: [] resident and in use by another worker; nothing pending fits it
[DESKTOP-J6EJPKF-19264] holding: [] resident and in use by another worker; nothing pending fits it
[DESKTOP-J6EJPKF-19264] holding: [] resident and in use by another worker; nothing pending fits it
[DESKTOP-J6EJPKF-19264] holding: [] resident and in use by another worker; nothing pending fits it
[DESKTOP-J6EJPKF-19264] holding: [] resident and in use by another worker; nothing pending fits it
[DESKTOP-J6EJPKF-19264] holding: [] resident and in use by another worker; nothing pending fits it
[DESKTOP-J6EJPKF-19264] holding: [] resident and in use by another worker; nothing pending fits it
[DESKTOP-J6EJPKF-19264] holding: [] resident and in use by another worker; nothing pending fits it
[DESKTOP-J6EJPKF-19264] holding: [] resident and in use by another worker; nothing pending fits it
[DESKTOP-J6EJPKF-19264] holding: [] resident and in use by another worker; nothing pending fits it
[DESKTOP-J6EJPKF-19264] holding: [] resident and in use by another worker; nothing pending fits it
[DESKTOP-J6EJPKF-19264] holding: [] resident and in use by another worker; nothing pending fits it
[DESKTOP-J6EJPKF-19264] holding: [] resident and in use by another worker; nothing pending fits it
[DESKTOP-J6EJPKF-19264] holding: [] resident and in use by another worker; nothing pending fits it
[DESKTOP-J6EJPKF-19264] holding: [] resident and in use by another worker; nothing pending fits it
[DESKTOP-J6EJPKF-19264] holding: [] resident and in use by another worker; nothing pending fits it
[DESKTOP-J6EJPKF-19264] holding: [] resident and in use by another worker; nothing pending fits it
[DESKTOP-J6EJPKF-19264] holding: [] resident and in use by another worker; nothing pending fits it
[DESKTOP-J6EJPKF-19264] holding: [] resident and in use by another worker; nothing pending fits it
[DESKTOP-J6EJPKF-19264] holding: [] resident and in use by another worker; nothing pending fits it
[DESKTOP-J6EJPKF-19264] holding: [] resident and in use by another worker; nothing pending fits it
[DESKTOP-J6EJPKF-19264] holding: [] resident and in use by another worker; nothing pending fits it
[DESKTOP-J6EJPKF-19264] holding: [] resident and in use by another worker; nothing pending fits it
[DESKTOP-J6EJPKF-19264] holding: [] resident and in use by another worker; nothing pending fits it
[DESKTOP-J6EJPKF-19264] holding: [] resident and in use by another worker; nothing pending fits it
[DESKTOP-J6EJPKF-19264] holding: [] resident and in use by another worker; nothing pending fits it
[DESKTOP-J6EJPKF-19264] holding: [] resident and in use by another worker; nothing pending fits it
[DESKTOP-J6EJPKF-19264] holding: [] resident and in use by another worker; nothing pending fits it
[DESKTOP-J6EJPKF-19264] holding: [] resident and in use by another worker; nothing pending fits it
[DESKTOP-J6EJPKF-19264] holding: [] resident and in use by another worker; nothing pending fits it
[DESKTOP-J6EJPKF-19264] holding: [] resident and in use by another worker; nothing pending fits it
[DESKTOP-J6EJPKF-19264] holding: [] resident and in use by another worker; nothing pending fits it
[DESKTOP-J6EJPKF-19264] holding: [] resident and in use by another worker; nothing pending fits it
[DESKTOP-J6EJPKF-19264] holding: [] resident and in use by another worker; nothing pending fits it
[DESKTOP-J6EJPKF-19264] holding: [] resident and in use by another worker; nothing pending fits it
[DESKTOP-J6EJPKF-19264] holding: [] resident and in use by another worker; nothing pending fits it
[DESKTOP-J6EJPKF-19264] holding: [] resident and in use by another worker; nothing pending fits it
[DESKTOP-J6EJPKF-19264] holding: [] resident and in use by another worker; nothing pending fits it
[DESKTOP-J6EJPKF-19264] holding: [] resident and in use by another worker; nothing pending fits it
[DESKTOP-J6EJPKF-19264] holding: [] resident and in use by another worker; nothing pending fits it
[DESKTOP-J6EJPKF-19264] holding: [] resident and in use by another worker; nothing pending fits it
[DESKTOP-J6EJPKF-19264] holding: [] resident and in use by another worker; nothing pending fits it
[DESKTOP-J6EJPKF-19264] holding: [] resident and in use by another worker; nothing pending fits it
[DESKTOP-J6EJPKF-19264] holding: [] resident and in use by another worker; nothing pending fits it
[DESKTOP-J6EJPKF-19264] holding: [] resident and in use by another worker; nothing pending fits it
[DESKTOP-J6EJPKF-19264] holding: [] resident and in use by another worker; nothing pending fits it
[DESKTOP-J6EJPKF-19264] holding: [] resident and in use by another worker; nothing pending fits it
[DESKTOP-J6EJPKF-19264] holding: [] resident and in use by another worker; nothing pending fits it
[DESKTOP-J6EJPKF-19264] holding: [] resident and in use by another worker; nothing pending fits it
[DESKTOP-J6EJPKF-19264] holding: [] resident and in use by another worker; nothing pending fits it
[DESKTOP-J6EJPKF-19264] holding: [] resident and in use by another worker; nothing pending fits it
[DESKTOP-J6EJPKF-19264] holding: [] resident and in use by another worker; nothing pending fits it
[DESKTOP-J6EJPKF-19264] holding: [] resident and in use by another worker; nothing pending fits it
[DESKTOP-J6EJPKF-19264] holding: [] resident and in use by another worker; nothing pending fits it
[DESKTOP-J6EJPKF-19264] holding: [] resident and in use by another worker; nothing pending fits it
[DESKTOP-J6EJPKF-19264] holding: [] resident and in use by another worker; nothing pending fits it
[DESKTOP-J6EJPKF-19264] holding: [] resident and in use by another worker; nothing pending fits it
[DESKTOP-J6EJPKF-19264] holding: [] resident and in use by another worker; nothing pending fits it
[DESKTOP-J6EJPKF-19264] holding: [] resident and in use by another worker; nothing pending fits it
[DESKTOP-J6EJPKF-19264] holding: [] resident and in use by another worker; nothing pending fits it
[DESKTOP-J6EJPKF-19264] holding: [] resident and in use by another worker; nothing pending fits it
[DESKTOP-J6EJPKF-19264] holding: [] resident and in use by another worker; nothing pending fits it
[DESKTOP-J6EJPKF-19264] holding: [] resident and in use by another worker; nothing pending fits it
[DESKTOP-J6EJPKF-19264] holding: [] resident and in use by another worker; nothing pending fits it
[DESKTOP-J6EJPKF-19264] holding: [] resident and in use by another worker; nothing pending fits it
[DESKTOP-J6EJPKF-19264] holding: [] resident and in use by another worker; nothing pending fits it
[DESKTOP-J6EJPKF-19264] holding: [] resident and in use by another worker; nothing pending fits it
[DESKTOP-J6EJPKF-19264] holding: [] resident and in use by another worker; nothing pending fits it
[DESKTOP-J6EJPKF-19264] holding: [] resident and in use by another worker; nothing pending fits it
[DESKTOP-J6EJPKF-19264] holding: [] resident and in use by another worker; nothing pending fits it
[DESKTOP-J6EJPKF-19264] holding: [] resident and in use by another worker; nothing pending fits it
[DESKTOP-J6EJPKF-19264] holding: [] resident and in use by another worker; nothing pending fits it
[DESKTOP-J6EJPKF-19264] holding: [] resident and in use by another worker; nothing pending fits it
[DESKTOP-J6EJPKF-19264] holding: [] resident and in use by another worker; nothing pending fits it
[DESKTOP-J6EJPKF-19264] holding: [] resident and in use by another worker; nothing pending fits it
[DESKTOP-J6EJPKF-19264] holding: [] resident and in use by another worker; nothing pending fits it
[DESKTOP-J6EJPKF-19264] holding: [] resident and in use by another worker; nothing pending fits it
[DESKTOP-J6EJPKF-19264] holding: [] resident and in use by another worker; nothing pending fits it
[DESKTOP-J6EJPKF-19264] holding: [] resident and in use by another worker; nothing pending fits it
[DESKTOP-J6EJPKF-19264] holding: [] resident and in use by another worker; nothing pending fits it
[DESKTOP-J6EJPKF-19264] holding: [] resident and in use by another worker; nothing pending fits it
[DESKTOP-J6EJPKF-19264] holding: [] resident and in use by another worker; nothing pending fits it
[DESKTOP-J6EJPKF-19264] holding: [] resident and in use by another worker; nothing pending fits it
[DESKTOP-J6EJPKF-19264] holding: [] resident and in use by another worker; nothing pending fits it
[DESKTOP-J6EJPKF-19264] holding: [] resident and in use by another worker; nothing pending fits it
[DESKTOP-J6EJPKF-19264] holding: [] resident and in use by another worker; nothing pending fits it
[DESKTOP-J6EJPKF-19264] holding: [] resident and in use by another worker; nothing pending fits it
[DESKTOP-J6EJPKF-19264] holding: [] resident and in use by another worker; nothing pending fits it
[DESKTOP-J6EJPKF-19264] holding: [] resident and in use by another worker; nothing pending fits it
[DESKTOP-J6EJPKF-19264] holding: [] resident and in use by another worker; nothing pending fits it
[DESKTOP-J6EJPKF-19264] holding: [] resident and in use by another worker; nothing pending fits it
[DESKTOP-J6EJPKF-19264] holding: [] resident and in use by another worker; nothing pending fits it
[DESKTOP-J6EJPKF-19264] holding: [] resident and in use by another worker; nothing pending fits it
[DESKTOP-J6EJPKF-19264] holding: [] resident and in use by another worker; nothing pending fits it
[DESKTOP-J6EJPKF-19264] holding: [] resident and in use by another worker; nothing pending fits it
[DESKTOP-J6EJPKF-19264] holding: [] resident and in use by another worker; nothing pending fits it
[DESKTOP-J6EJPKF-19264] holding: [] resident and in use by another worker; nothing pending fits it
[DESKTOP-J6EJPKF-19264] holding: [] resident and in use by another worker; nothing pending fits it
[DESKTOP-J6EJPKF-19264] holding: [] resident and in use by another worker; nothing pending fits it
[DESKTOP-J6EJPKF-19264] holding: [] resident and in use by another worker; nothing pending fits it
[DESKTOP-J6EJPKF-19264] holding: [] resident and in use by another worker; nothing pending fits it
[DESKTOP-J6EJPKF-19264] holding: [] resident and in use by another worker; nothing pending fits it
[DESKTOP-J6EJPKF-19264] holding: [] resident and in use by another worker; nothing pending fits it
[DESKTOP-J6EJPKF-19264] holding: [] resident and in use by another worker; nothing pending fits it
[DESKTOP-J6EJPKF-19264] holding: [] resident and in use by another worker; nothing pending fits it
[DESKTOP-J6EJPKF-19264] holding: [] resident and in use by another worker; nothing pending fits it
[DESKTOP-J6EJPKF-19264] holding: [] resident and in use by another worker; nothing pending fits it
[DESKTOP-J6EJPKF-19264] holding: [] resident and in use by another worker; nothing pending fits it
[DESKTOP-J6EJPKF-19264] holding: [] resident and in use by another worker; nothing pending fits it
[DESKTOP-J6EJPKF-19264] holding: [] resident and in use by another worker; nothing pending fits it
[DESKTOP-J6EJPKF-19264] holding: [] resident and in use by another worker; nothing pending fits it
[DESKTOP-J6EJPKF-19264] holding: [] resident and in use by another worker; nothing pending fits it
[DESKTOP-J6EJPKF-19264] holding: [] resident and in use by another worker; nothing pending fits it
[DESKTOP-J6EJPKF-19264] holding: [] resident and in use by another worker; nothing pending fits it
[DESKTOP-J6EJPKF-19264] holding: [] resident and in use by another worker; nothing pending fits it
[DESKTOP-J6EJPKF-19264] holding: [] resident and in use by another worker; nothing pending fits it
[DESKTOP-J6EJPKF-19264] holding: [] resident and in use by another worker; nothing pending fits it
[DESKTOP-J6EJPKF-19264] holding: [] resident and in use by another worker; nothing pending fits it
[DESKTOP-J6EJPKF-19264] holding: [] resident and in use by another worker; nothing pending fits it
[DESKTOP-J6EJPKF-19264] holding: [] resident and in use by another worker; nothing pending fits it
[DESKTOP-J6EJPKF-19264] holding: [] resident and in use by another worker; nothing pending fits it
[DESKTOP-J6EJPKF-19264] holding: [] resident and in use by another worker; nothing pending fits it
[DESKTOP-J6EJPKF-19264] holding: [] resident and in use by another worker; nothing pending fits it
[DESKTOP-J6EJPKF-19264] holding: [] resident and in use by another worker; nothing pending fits it
[DESKTOP-J6EJPKF-19264] holding: [] resident and in use by another worker; nothing pending fits it
[DESKTOP-J6EJPKF-19264] holding: [] resident and in use by another worker; nothing pending fits it
[DESKTOP-J6EJPKF-19264] holding: [] resident and in use by another worker; nothing pending fits it
[DESKTOP-J6EJPKF-19264] holding: [] resident and in use by another worker; nothing pending fits it
[DESKTOP-J6EJPKF-19264] holding: [] resident and in use by another worker; nothing pending fits it
[DESKTOP-J6EJPKF-19264] holding: [] resident and in use by another worker; nothing pending fits it
[DESKTOP-J6EJPKF-19264] holding: [] resident and in use by another worker; nothing pending fits it
[DESKTOP-J6EJPKF-19264] holding: [] resident and in use by another worker; nothing pending fits it
[DESKTOP-J6EJPKF-19264] holding: [] resident and in use by another worker; nothing pending fits it
[DESKTOP-J6EJPKF-19264] holding: [] resident and in use by another worker; nothing pending fits it
[DESKTOP-J6EJPKF-19264] holding: [] resident and in use by another worker; nothing pending fits it
[DESKTOP-J6EJPKF-19264] holding: [] resident and in use by another worker; nothing pending fits it
[DESKTOP-J6EJPKF-19264] holding: [] resident and in use by another worker; nothing pending fits it
[DESKTOP-J6EJPKF-19264] holding: [] resident and in use by another worker; nothing pending fits it
[DESKTOP-J6EJPKF-19264] holding: [] resident and in use by another worker; nothing pending fits it
[DESKTOP-J6EJPKF-19264] holding: [] resident and in use by another worker; nothing pending fits it
[DESKTOP-J6EJPKF-19264] holding: [] resident and in use by another worker; nothing pending fits it
[DESKTOP-J6EJPKF-19264] holding: [] resident and in use by another worker; nothing pending fits it
[DESKTOP-J6EJPKF-19264] holding: [] resident and in use by another worker; nothing pending fits it
[DESKTOP-J6EJPKF-19264] holding: [] resident and in use by another worker; nothing pending fits it
[DESKTOP-J6EJPKF-19264] holding: [] resident and in use by another worker; nothing pending fits it
[DESKTOP-J6EJPKF-19264] holding: [] resident and in use by another worker; nothing pending fits it
[DESKTOP-J6EJPKF-19264] holding: [] resident and in use by another worker; nothing pending fits it
[DESKTOP-J6EJPKF-19264] holding: [] resident and in use by another worker; nothing pending fits it
[DESKTOP-J6EJPKF-19264] holding: [] resident and in use by another worker; nothing pending fits it
[DESKTOP-J6EJPKF-19264] holding: [] resident and in use by another worker; nothing pending fits it
[DESKTOP-J6EJPKF-19264] holding: [] resident and in use by another worker; nothing pending fits it
[DESKTOP-J6EJPKF-19264] holding: [] resident and in use by another worker; nothing pending fits it
[DESKTOP-J6EJPKF-19264] holding: [] resident and in use by another worker; nothing pending fits it
[DESKTOP-J6EJPKF-19264] holding: [] resident and in use by another worker; nothing pending fits it
[DESKTOP-J6EJPKF-19264] holding: [] resident and in use by another worker; nothing pending fits it
[DESKTOP-J6EJPKF-19264] holding: [] resident and in use by another worker; nothing pending fits it
[DESKTOP-J6EJPKF-19264] holding: [] resident and in use by another worker; nothing pending fits it
[DESKTOP-J6EJPKF-19264] holding: [] resident and in use by another worker; nothing pending fits it
[DESKTOP-J6EJPKF-19264] holding: [] resident and in use by another worker; nothing pending fits it
[DESKTOP-J6EJPKF-19264] holding: [] resident and in use by another worker; nothing pending fits it
[DESKTOP-J6EJPKF-19264] holding: [] resident and in use by another worker; nothing pending fits it
[DESKTOP-J6EJPKF-19264] holding: [] resident and in use by another worker; nothing pending fits it
[DESKTOP-J6EJPKF-19264] holding: [] resident and in use by another worker; nothing pending fits it
[DESKTOP-J6EJPKF-19264] holding: [] resident and in use by another worker; nothing pending fits it
[DESKTOP-J6EJPKF-19264] holding: [] resident and in use by another worker; nothing pending fits it
[DESKTOP-J6EJPKF-19264] holding: [] resident and in use by another worker; nothing pending fits it
[DESKTOP-J6EJPKF-19264] holding: [] resident and in use by another worker; nothing pending fits it
[DESKTOP-J6EJPKF-19264] holding: [] resident and in use by another worker; nothing pending fits it
[DESKTOP-J6EJPKF-19264] holding: [] resident and in use by another worker; nothing pending fits it
[DESKTOP-J6EJPKF-19264] holding: [] resident and in use by another worker; nothing pending fits it
[DESKTOP-J6EJPKF-19264] holding: [] resident and in use by another worker; nothing pending fits it
[DESKTOP-J6EJPKF-19264] holding: [] resident and in use by another worker; nothing pending fits it
[DESKTOP-J6EJPKF-19264] holding: [] resident and in use by another worker; nothing pending fits it
[DESKTOP-J6EJPKF-19264] holding: [] resident and in use by another worker; nothing pending fits it
[DESKTOP-J6EJPKF-19264] holding: [] resident and in use by another worker; nothing pending fits it
[DESKTOP-J6EJPKF-19264] holding: [] resident and in use by another worker; nothing pending fits it
[DESKTOP-J6EJPKF-19264] holding: [] resident and in use by another worker; nothing pending fits it
[DESKTOP-J6EJPKF-19264] holding: [] resident and in use by another worker; nothing pending fits it
[DESKTOP-J6EJPKF-19264] holding: [] resident and in use by another worker; nothing pending fits it
[DESKTOP-J6EJPKF-19264] holding: [] resident and in use by another worker; nothing pending fits it
[DESKTOP-J6EJPKF-19264] holding: [] resident and in use by another worker; nothing pending fits it
[DESKTOP-J6EJPKF-19264] holding: [] resident and in use by another worker; nothing pending fits it
[DESKTOP-J6EJPKF-19264] holding: [] resident and in use by another worker; nothing pending fits it
[DESKTOP-J6EJPKF-19264] holding: [] resident and in use by another worker; nothing pending fits it
[DESKTOP-J6EJPKF-19264] holding: [] resident and in use by another worker; nothing pending fits it
[DESKTOP-J6EJPKF-19264] holding: [] resident and in use by another worker; nothing pending fits it
[DESKTOP-J6EJPKF-19264] holding: [] resident and in use by another worker; nothing pending fits it
[DESKTOP-J6EJPKF-19264] holding: [] resident and in use by another worker; nothing pending fits it
[DESKTOP-J6EJPKF-19264] holding: [] resident and in use by another worker; nothing pending fits it
[DESKTOP-J6EJPKF-19264] holding: [] resident and in use by another worker; nothing pending fits it
[DESKTOP-J6EJPKF-19264] holding: [] resident and in use by another worker; nothing pending fits it
[DESKTOP-J6EJPKF-19264] holding: [] resident and in use by another worker; nothing pending fits it
[DESKTOP-J6EJPKF-19264] holding: [] resident and in use by another worker; nothing pending fits it
[DESKTOP-J6EJPKF-19264] holding: [] resident and in use by another worker; nothing pending fits it
[DESKTOP-J6EJPKF-19264] holding: [] resident and in use by another worker; nothing pending fits it
[DESKTOP-J6EJPKF-19264] holding: [] resident and in use by another worker; nothing pending fits it
[DESKTOP-J6EJPKF-19264] holding: [] resident and in use by another worker; nothing pending fits it
[DESKTOP-J6EJPKF-19264] holding: [] resident and in use by another worker; nothing pending fits it
[DESKTOP-J6EJPKF-19264] holding: [] resident and in use by another worker; nothing pending fits it
[DESKTOP-J6EJPKF-19264] holding: [] resident and in use by another worker; nothing pending fits it
[DESKTOP-J6EJPKF-19264] holding: [] resident and in use by another worker; nothing pending fits it
[DESKTOP-J6EJPKF-19264] holding: [] resident and in use by another worker; nothing pending fits it
[DESKTOP-J6EJPKF-19264] holding: [] resident and in use by another worker; nothing pending fits it
[DESKTOP-J6EJPKF-19264] holding: [] resident and in use by another worker; nothing pending fits it
[DESKTOP-J6EJPKF-19264] holding: [] resident and in use by another worker; nothing pending fits it
[DESKTOP-J6EJPKF-19264] holding: [] resident and in use by another worker; nothing pending fits it
[DESKTOP-J6EJPKF-19264] holding: [] resident and in use by another worker; nothing pending fits it
[DESKTOP-J6EJPKF-19264] holding: [] resident and in use by another worker; nothing pending fits it
[DESKTOP-J6EJPKF-19264] holding: [] resident and in use by another worker; nothing pending fits it
[DESKTOP-J6EJPKF-19264] holding: [] resident and in use by another worker; nothing pending fits it
[DESKTOP-J6EJPKF-19264] holding: [] resident and in use by another worker; nothing pending fits it
[DESKTOP-J6EJPKF-19264] holding: [] resident and in use by another worker; nothing pending fits it
[DESKTOP-J6EJPKF-19264] holding: [] resident and in use by another worker; nothing pending fits it
[DESKTOP-J6EJPKF-19264] holding: [] resident and in use by another worker; nothing pending fits it
[DESKTOP-J6EJPKF-19264] holding: [] resident and in use by another worker; nothing pending fits it
[DESKTOP-J6EJPKF-19264] holding: [] resident and in use by another worker; nothing pending fits it
[DESKTOP-J6EJPKF-19264] holding: [] resident and in use by another worker; nothing pending fits it
[DESKTOP-J6EJPKF-19264] holding: [] resident and in use by another worker; nothing pending fits it
[DESKTOP-J6EJPKF-19264] holding: [] resident and in use by another worker; nothing pending fits it
[DESKTOP-J6EJPKF-19264] holding: [] resident and in use by another worker; nothing pending fits it
[DESKTOP-J6EJPKF-19264] holding: [] resident and in use by another worker; nothing pending fits it
[DESKTOP-J6EJPKF-19264] holding: [] resident and in use by another worker; nothing pending fits it
[DESKTOP-J6EJPKF-19264] holding: [] resident and in use by another worker; nothing pending fits it
[DESKTOP-J6EJPKF-19264] holding: [] resident and in use by another worker; nothing pending fits it
[DESKTOP-J6EJPKF-19264] holding: [] resident and in use by another worker; nothing pending fits it
[DESKTOP-J6EJPKF-19264] holding: [] resident and in use by another worker; nothing pending fits it
[DESKTOP-J6EJPKF-19264] holding: [] resident and in use by another worker; nothing pending fits it
[DESKTOP-J6EJPKF-19264] holding: [] resident and in use by another worker; nothing pending fits it
[DESKTOP-J6EJPKF-19264] holding: [] resident and in use by another worker; nothing pending fits it
[DESKTOP-J6EJPKF-19264] holding: [] resident and in use by another worker; nothing pending fits it
[DESKTOP-J6EJPKF-19264] holding: [] resident and in use by another worker; nothing pending fits it
[DESKTOP-J6EJPKF-19264] holding: [] resident and in use by another worker; nothing pending fits it
[DESKTOP-J6EJPKF-19264] holding: [] resident and in use by another worker; nothing pending fits it
[DESKTOP-J6EJPKF-19264] holding: [] resident and in use by another worker; nothing pending fits it
[DESKTOP-J6EJPKF-19264] holding: [] resident and in use by another worker; nothing pending fits it
[DESKTOP-J6EJPKF-19264] holding: [] resident and in use by another worker; nothing pending fits it
[DESKTOP-J6EJPKF-19264] holding: [] resident and in use by another worker; nothing pending fits it
[DESKTOP-J6EJPKF-19264] holding: [] resident and in use by another worker; nothing pending fits it
[DESKTOP-J6EJPKF-19264] holding: [] resident and in use by another worker; nothing pending fits it
[DESKTOP-J6EJPKF-19264] holding: [] resident and in use by another worker; nothing pending fits it
[DESKTOP-J6EJPKF-19264] holding: [] resident and in use by another worker; nothing pending fits it
[DESKTOP-J6EJPKF-19264] holding: [] resident and in use by another worker; nothing pending fits it
[DESKTOP-J6EJPKF-19264] holding: [] resident and in use by another worker; nothing pending fits it
[DESKTOP-J6EJPKF-19264] holding: [] resident and in use by another worker; nothing pending fits it
[DESKTOP-J6EJPKF-19264] holding: [] resident and in use by another worker; nothing pending fits it
[DESKTOP-J6EJPKF-19264] holding: [] resident and in use by another worker; nothing pending fits it
[DESKTOP-J6EJPKF-19264] holding: [] resident and in use by another worker; nothing pending fits it
[DESKTOP-J6EJPKF-19264] holding: [] resident and in use by another worker; nothing pending fits it
[DESKTOP-J6EJPKF-19264] holding: [] resident and in use by another worker; nothing pending fits it
[DESKTOP-J6EJPKF-19264] holding: [] resident and in use by another worker; nothing pending fits it
[DESKTOP-J6EJPKF-19264] holding: [] resident and in use by another worker; nothing pending fits it
[DESKTOP-J6EJPKF-19264] holding: [] resident and in use by another worker; nothing pending fits it
[DESKTOP-J6EJPKF-19264] holding: [] resident and in use by another worker; nothing pending fits it
[DESKTOP-J6EJPKF-19264] holding: [] resident and in use by another worker; nothing pending fits it
[DESKTOP-J6EJPKF-19264] holding: [] resident and in use by another worker; nothing pending fits it
[DESKTOP-J6EJPKF-19264] holding: [] resident and in use by another worker; nothing pending fits it
[DESKTOP-J6EJPKF-19264] holding: [] resident and in use by another worker; nothing pending fits it
[DESKTOP-J6EJPKF-19264] holding: [] resident and in use by another worker; nothing pending fits it
[DESKTOP-J6EJPKF-19264] holding: [] resident and in use by another worker; nothing pending fits it
[DESKTOP-J6EJPKF-19264] holding: [] resident and in use by another worker; nothing pending fits it
[DESKTOP-J6EJPKF-19264] holding: [] resident and in use by another worker; nothing pending fits it
[DESKTOP-J6EJPKF-19264] holding: [] resident and in use by another worker; nothing pending fits it
[DESKTOP-J6EJPKF-19264] holding: [] resident and in use by another worker; nothing pending fits it
[DESKTOP-J6EJPKF-19264] holding: [] resident and in use by another worker; nothing pending fits it
[DESKTOP-J6EJPKF-19264] holding: [] resident and in use by another worker; nothing pending fits it
[DESKTOP-J6EJPKF-19264] holding: [] resident and in use by another worker; nothing pending fits it
[DESKTOP-J6EJPKF-19264] holding: [] resident and in use by another worker; nothing pending fits it
[DESKTOP-J6EJPKF-19264] holding: [] resident and in use by another worker; nothing pending fits it
[DESKTOP-J6EJPKF-19264] holding: [] resident and in use by another worker; nothing pending fits it
[DESKTOP-J6EJPKF-19264] holding: [] resident and in use by another worker; nothing pending fits it
[DESKTOP-J6EJPKF-19264] holding: [] resident and in use by another worker; nothing pending fits it
[DESKTOP-J6EJPKF-19264] holding: [] resident and in use by another worker; nothing pending fits it
[DESKTOP-J6EJPKF-19264] holding: [] resident and in use by another worker; nothing pending fits it
[DESKTOP-J6EJPKF-19264] holding: [] resident and in use by another worker; nothing pending fits it
[DESKTOP-J6EJPKF-19264] holding: [] resident and in use by another worker; nothing pending fits it
[DESKTOP-J6EJPKF-19264] holding: [] resident and in use by another worker; nothing pending fits it
[DESKTOP-J6EJPKF-19264] holding: [] resident and in use by another worker; nothing pending fits it
[DESKTOP-J6EJPKF-19264] holding: [] resident and in use by another worker; nothing pending fits it
[DESKTOP-J6EJPKF-19264] holding: [] resident and in use by another worker; nothing pending fits it
[DESKTOP-J6EJPKF-19264] holding: [] resident and in use by another worker; nothing pending fits it
[DESKTOP-J6EJPKF-19264] holding: [] resident and in use by another worker; nothing pending fits it
[DESKTOP-J6EJPKF-19264] holding: [] resident and in use by another worker; nothing pending fits it
[DESKTOP-J6EJPKF-19264] holding: [] resident and in use by another worker; nothing pending fits it
[DESKTOP-J6EJPKF-19264] holding: [] resident and in use by another worker; nothing pending fits it
[DESKTOP-J6EJPKF-19264] holding: [] resident and in use by another worker; nothing pending fits it
[DESKTOP-J6EJPKF-19264] holding: [] resident and in use by another worker; nothing pending fits it
[DESKTOP-J6EJPKF-19264] holding: [] resident and in use by another worker; nothing pending fits it
[DESKTOP-J6EJPKF-19264] holding: [] resident and in use by another worker; nothing pending fits it
[DESKTOP-J6EJPKF-19264] holding: [] resident and in use by another worker; nothing pending fits it
[DESKTOP-J6EJPKF-19264] holding: [] resident and in use by another worker; nothing pending fits it
[DESKTOP-J6EJPKF-19264] holding: [] resident and in use by another worker; nothing pending fits it
[DESKTOP-J6EJPKF-19264] holding: [] resident and in use by another worker; nothing pending fits it
[DESKTOP-J6EJPKF-19264] holding: [] resident and in use by another worker; nothing pending fits it
[DESKTOP-J6EJPKF-19264] holding: [] resident and in use by another worker; nothing pending fits it
[DESKTOP-J6EJPKF-19264] holding: [] resident and in use by another worker; nothing pending fits it
[DESKTOP-J6EJPKF-19264] holding: [] resident and in use by another worker; nothing pending fits it
[DESKTOP-J6EJPKF-19264] holding: [] resident and in use by another worker; nothing pending fits it
[DESKTOP-J6EJPKF-19264] holding: [] resident and in use by another worker; nothing pending fits it
[DESKTOP-J6EJPKF-19264] holding: [] resident and in use by another worker; nothing pending fits it
[DESKTOP-J6EJPKF-19264] holding: [] resident and in use by another worker; nothing pending fits it
[DESKTOP-J6EJPKF-19264] holding: [] resident and in use by another worker; nothing pending fits it
[DESKTOP-J6EJPKF-19264] holding: [] resident and in use by another worker; nothing pending fits it
[DESKTOP-J6EJPKF-19264] holding: [] resident and in use by another worker; nothing pending fits it
[DESKTOP-J6EJPKF-19264] holding: [] resident and in use by another worker; nothing pending fits it
[DESKTOP-J6EJPKF-19264] holding: [] resident and in use by another worker; nothing pending fits it
[DESKTOP-J6EJPKF-19264] holding: [] resident and in use by another worker; nothing pending fits it
[DESKTOP-J6EJPKF-19264] holding: [] resident and in use by another worker; nothing pending fits it
[DESKTOP-J6EJPKF-19264] holding: [] resident and in use by another worker; nothing pending fits it
[DESKTOP-J6EJPKF-19264] holding: [] resident and in use by another worker; nothing pending fits it
[DESKTOP-J6EJPKF-19264] holding: [] resident and in use by another worker; nothing pending fits it
[DESKTOP-J6EJPKF-19264] holding: [] resident and in use by another worker; nothing pending fits it
[DESKTOP-J6EJPKF-19264] holding: [] resident and in use by another worker; nothing pending fits it
[DESKTOP-J6EJPKF-19264] holding: [] resident and in use by another worker; nothing pending fits it
[DESKTOP-J6EJPKF-19264] holding: [] resident and in use by another worker; nothing pending fits it
[DESKTOP-J6EJPKF-19264] holding: [] resident and in use by another worker; nothing pending fits it
[DESKTOP-J6EJPKF-19264] holding: [] resident and in use by another worker; nothing pending fits it
[DESKTOP-J6EJPKF-19264] holding: [] resident and in use by another worker; nothing pending fits it
[DESKTOP-J6EJPKF-19264] holding: [] resident and in use by another worker; nothing pending fits it
[DESKTOP-J6EJPKF-19264] holding: [] resident and in use by another worker; nothing pending fits it
[DESKTOP-J6EJPKF-19264] holding: [] resident and in use by another worker; nothing pending fits it
[DESKTOP-J6EJPKF-19264] holding: [] resident and in use by another worker; nothing pending fits it
[DESKTOP-J6EJPKF-19264] holding: [] resident and in use by another worker; nothing pending fits it
[DESKTOP-J6EJPKF-19264] holding: [] resident and in use by another worker; nothing pending fits it
[DESKTOP-J6EJPKF-19264] holding: [] resident and in use by another worker; nothing pending fits it
[DESKTOP-J6EJPKF-19264] holding: [] resident and in use by another worker; nothing pending fits it
[DESKTOP-J6EJPKF-19264] holding: [] resident and in use by another worker; nothing pending fits it
[DESKTOP-J6EJPKF-19264] holding: [] resident and in use by another worker; nothing pending fits it
[DESKTOP-J6EJPKF-19264] holding: [] resident and in use by another worker; nothing pending fits it
[DESKTOP-J6EJPKF-19264] holding: [] resident and in use by another worker; nothing pending fits it
[DESKTOP-J6EJPKF-19264] holding: [] resident and in use by another worker; nothing pending fits it
[DESKTOP-J6EJPKF-19264] holding: [] resident and in use by another worker; nothing pending fits it
[DESKTOP-J6EJPKF-19264] holding: [] resident and in use by another worker; nothing pending fits it
[DESKTOP-J6EJPKF-19264] holding: [] resident and in use by another worker; nothing pending fits it
[DESKTOP-J6EJPKF-19264] holding: [] resident and in use by another worker; nothing pending fits it
[DESKTOP-J6EJPKF-19264] holding: [] resident and in use by another worker; nothing pending fits it
[DESKTOP-J6EJPKF-19264] holding: [] resident and in use by another worker; nothing pending fits it
[DESKTOP-J6EJPKF-19264] holding: [] resident and in use by another worker; nothing pending fits it
[DESKTOP-J6EJPKF-19264] holding: [] resident and in use by another worker; nothing pending fits it
[DESKTOP-J6EJPKF-19264] holding: [] resident and in use by another worker; nothing pending fits it
[DESKTOP-J6EJPKF-19264] holding: [] resident and in use by another worker; nothing pending fits it
[DESKTOP-J6EJPKF-19264] holding: [] resident and in use by another worker; nothing pending fits it
[DESKTOP-J6EJPKF-19264] holding: [] resident and in use by another worker; nothing pending fits it
[DESKTOP-J6EJPKF-19264] holding: [] resident and in use by another worker; nothing pending fits it
[DESKTOP-J6EJPKF-19264] holding: [] resident and in use by another worker; nothing pending fits it
[DESKTOP-J6EJPKF-19264] holding: [] resident and in use by another worker; nothing pending fits it
[DESKTOP-J6EJPKF-19264] holding: [] resident and in use by another worker; nothing pending fits it
[DESKTOP-J6EJPKF-19264] holding: [] resident and in use by another worker; nothing pending fits it
[DESKTOP-J6EJPKF-19264] holding: [] resident and in use by another worker; nothing pending fits it
[DESKTOP-J6EJPKF-19264] holding: [] resident and in use by another worker; nothing pending fits it
[DESKTOP-J6EJPKF-19264] holding: [] resident and in use by another worker; nothing pending fits it
[DESKTOP-J6EJPKF-19264] holding: [] resident and in use by another worker; nothing pending fits it
[DESKTOP-J6EJPKF-19264] holding: [] resident and in use by another worker; nothing pending fits it
[DESKTOP-J6EJPKF-19264] holding: [] resident and in use by another worker; nothing pending fits it
[DESKTOP-J6EJPKF-19264] holding: [] resident and in use by another worker; nothing pending fits it
[DESKTOP-J6EJPKF-19264] holding: [] resident and in use by another worker; nothing pending fits it
[DESKTOP-J6EJPKF-19264] holding: [] resident and in use by another worker; nothing pending fits it
[DESKTOP-J6EJPKF-19264] holding: [] resident and in use by another worker; nothing pending fits it
[DESKTOP-J6EJPKF-19264] holding: [] resident and in use by another worker; nothing pending fits it
[DESKTOP-J6EJPKF-19264] holding: [] resident and in use by another worker; nothing pending fits it
[DESKTOP-J6EJPKF-19264] holding: [] resident and in use by another worker; nothing pending fits it
[DESKTOP-J6EJPKF-19264] holding: [] resident and in use by another worker; nothing pending fits it
[DESKTOP-J6EJPKF-19264] holding: [] resident and in use by another worker; nothing pending fits it
[DESKTOP-J6EJPKF-19264] holding: [] resident and in use by another worker; nothing pending fits it
[DESKTOP-J6EJPKF-19264] holding: [] resident and in use by another worker; nothing pending fits it
[DESKTOP-J6EJPKF-19264] holding: [] resident and in use by another worker; nothing pending fits it
[DESKTOP-J6EJPKF-19264] holding: [] resident and in use by another worker; nothing pending fits it
[DESKTOP-J6EJPKF-19264] holding: [] resident and in use by another worker; nothing pending fits it
[DESKTOP-J6EJPKF-19264] holding: [] resident and in use by another worker; nothing pending fits it
[DESKTOP-J6EJPKF-19264] holding: [] resident and in use by another worker; nothing pending fits it
[DESKTOP-J6EJPKF-19264] holding: [] resident and in use by another worker; nothing pending fits it
[DESKTOP-J6EJPKF-19264] holding: [] resident and in use by another worker; nothing pending fits it
[DESKTOP-J6EJPKF-19264] holding: [] resident and in use by another worker; nothing pending fits it
[DESKTOP-J6EJPKF-19264] holding: [] resident and in use by another worker; nothing pending fits it
[DESKTOP-J6EJPKF-19264] holding: [] resident and in use by another worker; nothing pending fits it
[DESKTOP-J6EJPKF-19264] holding: [] resident and in use by another worker; nothing pending fits it
[DESKTOP-J6EJPKF-19264] holding: [] resident and in use by another worker; nothing pending fits it
[DESKTOP-J6EJPKF-19264] holding: [] resident and in use by another worker; nothing pending fits it
[DESKTOP-J6EJPKF-19264] holding: [] resident and in use by another worker; nothing pending fits it
[DESKTOP-J6EJPKF-19264] holding: [] resident and in use by another worker; nothing pending fits it
[DESKTOP-J6EJPKF-19264] holding: [] resident and in use by another worker; nothing pending fits it
[DESKTOP-J6EJPKF-19264] holding: [] resident and in use by another worker; nothing pending fits it
[DESKTOP-J6EJPKF-19264] holding: [] resident and in use by another worker; nothing pending fits it
[DESKTOP-J6EJPKF-19264] holding: [] resident and in use by another worker; nothing pending fits it
[DESKTOP-J6EJPKF-19264] holding: [] resident and in use by another worker; nothing pending fits it
[DESKTOP-J6EJPKF-19264] holding: [] resident and in use by another worker; nothing pending fits it
[DESKTOP-J6EJPKF-19264] holding: [] resident and in use by another worker; nothing pending fits it
[DESKTOP-J6EJPKF-19264] holding: [] resident and in use by another worker; nothing pending fits it
[DESKTOP-J6EJPKF-19264] holding: [] resident and in use by another worker; nothing pending fits it
[DESKTOP-J6EJPKF-19264] holding: [] resident and in use by another worker; nothing pending fits it
[DESKTOP-J6EJPKF-19264] holding: [] resident and in use by another worker; nothing pending fits it
[DESKTOP-J6EJPKF-19264] holding: [] resident and in use by another worker; nothing pending fits it
[DESKTOP-J6EJPKF-19264] holding: [] resident and in use by another worker; nothing pending fits it
[DESKTOP-J6EJPKF-19264] holding: [] resident and in use by another worker; nothing pending fits it
[DESKTOP-J6EJPKF-19264] holding: [] resident and in use by another worker; nothing pending fits it
[DESKTOP-J6EJPKF-19264] holding: [] resident and in use by another worker; nothing pending fits it
[DESKTOP-J6EJPKF-19264] holding: [] resident and in use by another worker; nothing pending fits it
[DESKTOP-J6EJPKF-19264] holding: [] resident and in use by another worker; nothing pending fits it
[DESKTOP-J6EJPKF-19264] holding: [] resident and in use by another worker; nothing pending fits it
[DESKTOP-J6EJPKF-19264] holding: [] resident and in use by another worker; nothing pending fits it
[DESKTOP-J6EJPKF-19264] holding: [] resident and in use by another worker; nothing pending fits it
[DESKTOP-J6EJPKF-19264] holding: [] resident and in use by another worker; nothing pending fits it
[DESKTOP-J6EJPKF-19264] holding: [] resident and in use by another worker; nothing pending fits it
[DESKTOP-J6EJPKF-19264] holding: [] resident and in use by another worker; nothing pending fits it
[DESKTOP-J6EJPKF-19264] holding: [] resident and in use by another worker; nothing pending fits it
[DESKTOP-J6EJPKF-19264] holding: [] resident and in use by another worker; nothing pending fits it
[DESKTOP-J6EJPKF-19264] holding: [] resident and in use by another worker; nothing pending fits it
[DESKTOP-J6EJPKF-19264] holding: [] resident and in use by another worker; nothing pending fits it
[DESKTOP-J6EJPKF-19264] holding: [] resident and in use by another worker; nothing pending fits it
[DESKTOP-J6EJPKF-19264] holding: [] resident and in use by another worker; nothing pending fits it
[DESKTOP-J6EJPKF-19264] holding: [] resident and in use by another worker; nothing pending fits it
[DESKTOP-J6EJPKF-19264] holding: [] resident and in use by another worker; nothing pending fits it
[DESKTOP-J6EJPKF-19264] holding: [] resident and in use by another worker; nothing pending fits it
[DESKTOP-J6EJPKF-19264] holding: [] resident and in use by another worker; nothing pending fits it
[DESKTOP-J6EJPKF-19264] holding: [] resident and in use by another worker; nothing pending fits it
[DESKTOP-J6EJPKF-19264] holding: [] resident and in use by another worker; nothing pending fits it
[DESKTOP-J6EJPKF-19264] holding: [] resident and in use by another worker; nothing pending fits it
[DESKTOP-J6EJPKF-19264] holding: [] resident and in use by another worker; nothing pending fits it
[DESKTOP-J6EJPKF-19264] holding: [] resident and in use by another worker; nothing pending fits it
[DESKTOP-J6EJPKF-19264] holding: [] resident and in use by another worker; nothing pending fits it
[DESKTOP-J6EJPKF-19264] holding: [] resident and in use by another worker; nothing pending fits it
[DESKTOP-J6EJPKF-19264] holding: [] resident and in use by another worker; nothing pending fits it
[DESKTOP-J6EJPKF-19264] holding: [] resident and in use by another worker; nothing pending fits it
[DESKTOP-J6EJPKF-19264] holding: [] resident and in use by another worker; nothing pending fits it
[DESKTOP-J6EJPKF-19264] holding: [] resident and in use by another worker; nothing pending fits it
[DESKTOP-J6EJPKF-19264] holding: [] resident and in use by another worker; nothing pending fits it
[DESKTOP-J6EJPKF-19264] holding: [] resident and in use by another worker; nothing pending fits it
[DESKTOP-J6EJPKF-19264] holding: [] resident and in use by another worker; nothing pending fits it
[DESKTOP-J6EJPKF-19264] holding: [] resident and in use by another worker; nothing pending fits it
[DESKTOP-J6EJPKF-19264] holding: [] resident and in use by another worker; nothing pending fits it
[DESKTOP-J6EJPKF-19264] holding: [] resident and in use by another worker; nothing pending fits it
[DESKTOP-J6EJPKF-19264] holding: [] resident and in use by another worker; nothing pending fits it
[DESKTOP-J6EJPKF-19264] holding: [] resident and in use by another worker; nothing pending fits it
[DESKTOP-J6EJPKF-19264] holding: [] resident and in use by another worker; nothing pending fits it
[DESKTOP-J6EJPKF-19264] holding: [] resident and in use by another worker; nothing pending fits it
[DESKTOP-J6EJPKF-19264] holding: [] resident and in use by another worker; nothing pending fits it
[DESKTOP-J6EJPKF-19264] holding: [] resident and in use by another worker; nothing pending fits it
[DESKTOP-J6EJPKF-19264] holding: [] resident and in use by another worker; nothing pending fits it
[DESKTOP-J6EJPKF-19264] holding: [] resident and in use by another worker; nothing pending fits it
[DESKTOP-J6EJPKF-19264] holding: [] resident and in use by another worker; nothing pending fits it
[DESKTOP-J6EJPKF-19264] holding: [] resident and in use by another worker; nothing pending fits it
[DESKTOP-J6EJPKF-19264] holding: [] resident and in use by another worker; nothing pending fits it
[DESKTOP-J6EJPKF-19264] holding: [] resident and in use by another worker; nothing pending fits it
[DESKTOP-J6EJPKF-19264] holding: [] resident and in use by another worker; nothing pending fits it
[DESKTOP-J6EJPKF-19264] holding: [] resident and in use by another worker; nothing pending fits it
[DESKTOP-J6EJPKF-19264] holding: [] resident and in use by another worker; nothing pending fits it
[DESKTOP-J6EJPKF-19264] holding: [] resident and in use by another worker; nothing pending fits it
[DESKTOP-J6EJPKF-19264] holding: [] resident and in use by another worker; nothing pending fits it
