[1/34] wf1_crossfile rep1 (monolith) ...
      done base=[2, 5] final=[5, 5] pass=T      done base=[2, 5] final=[5, 5] pass=True regr=False crash=Fal      error:RemoteDisconnected('Remote end      error:RemoteDisconnected('Remote end closed connection without response') base=[0, 5] final=[0, 5] pass=None regr=None crash=False      error:OllamaError('request to http://localhost:8090 failed: <urlopen error [WinError 10061] Aucune connexion n’a pu être base=[5, 5] final=[5, 5] pass=None regr=None crash=False
[4/34] wf3_refactor_witnessed rep1 (monolith) ...
      error:OllamaError('request to http://localhost:8090 failed: <urlopen error [WinError 10061] Aucune connexion n’a pu être base=[5, 5] final=[5, 5] pass=None regr=None crash=False
[5/34] wf3_refactor_blindview rep1 (monolith) ...
      error:OllamaError('request to http:/      error:OllamaError('request to http://localhost:8090 failed: <urlopen error [WinError 10061] Aucune connexion n’a pu être base=[5, 5] final=[5, 5] pass=None regr=None crash=False
[      error:OllamaError('request to http://localhost:8090 failed: <urlopen error [WinError 10061] Aucune connexion n’a pu être base=[5, 5] final=[5, 5] pass=None regr=None crash=False
[7/34] wf5_partial rep1 (monolith) ...
      error:OllamaError('request to http://localhost:8090 failed: <urlopen error [WinError 10061] Aucune connexion n’a pu être base=[0, 7] final=[0, 7] pass=None regr=None crash=False
[8/34] wf6_multi rep1 (monolith) ...
      error:OllamaError('request to http:/      error:OllamaError('request to http://localhost:8090 failed: <urlopen error [WinError 10061] Aucune connexion n’a pu être base=[2, 6] fina[9/34] hf_extract_fn rep1 (monolith) ...
      error:OllamaError('request to http://localhost:8090 failed: <urlopen error [WinError 10061] Aucune connexion n’a pu être base=[5, 5] final=[5, 5] pass=None regr=None crash=False
[10/34] hf_dict_dispatch rep1 (monolith) ...
      error:OllamaError('request to http://localhost:8090 failed: <urlopen error [WinError 10061] Aucune connexion n’a pu être base=[7, 7] final=[7, 7] pass=None regr=None crash=False
[11/34] hf_rename rep1 (monolith) ...
      error:OllamaError('request to http://localhost:8090 failed: <urlopen error [WinError 10061] Aucune connexion n’a pu être base=[4, 6] final=[4, 6] pass=None regr=None crash=False
[12/34] hf_rec_to_iter rep1 (monolith) ...
      error:OllamaError('request to http://localhost:8090 failed: <urlopen error [WinError 10061] Aucune connexion n’a pu être base=[4, 5] final=[4, 5] pass=None regr=None crash=False
[13/34] hf_already_optimal rep1 (monolith) ...
      error:OllamaError('request to http:/      error:OllamaError('request to http://localhost:8090 failed: <urlopen error [WinError 10061] Aucune connexion n’a pu être base=[6, 6] fina[14/34] hf_dead_code rep1 (monolith) ...
      error:OllamaError('request to http:/      error:OllamaError('request to http://localhost:8090 failed: <urlopen error [WinError 10061] Aucune connexion n’a pu être base=[4, 4] fina[15/34] hf_remove_validation rep1 (monolit[15/34]       error:OllamaError('request to http:/      error:OllamaError('request to http://localhost:8090 failed: <urlopen error [WinError 10061] Aucune connexion n’a pu être base=[5, 5] final=[5, 5] pass=None regr=None crash=False
[16/34] hf_ca      error:OllamaError('request to http:/      error:OllamaError('request to http://localhost:8090 failed: <urlopen error [WinError 10061] Aucune connexion n’a pu être base=[4, 4] final=[4, 4] pass=None regr=None crash=False
[17/34      error:OllamaError('request to http:/      error:OllamaError('request to http://localhost:8090 failed: <urlopen error [WinError 10061] Aucune connexion n’a pu être base=[3, 5] final=[3, 5] pass=None regr=None crash=False
[18      error:OllamaError('request to http:/      error:OllamaError('request to http://localhost:8090 failed: <urlopen error [WinError 10061] Aucune connexion n’a pu être base=[3, 5] final=[3, 5] pass=None regr=None crash=False
      error:OllamaError('request to http:/      error:OllamaError('request to http://localhost:8090 failed: <urlopen error [WinError 10061] Aucune connexion n’a pu être base=[1, 4] final=[1, 4] pass=None regr=None crash=False
[      error:OllamaError('request to http:/      error:OllamaError('request to http://localhost:8090 failed: <urlopen error [WinError 10061] Aucune connexion n’a pu être base=[2, 5] final=[2, 5] pass=None regr=None crash=False
[21/      error:OllamaError('request to http:/      error:OllamaError('request to http://localhost:8090 failed: <urlopen error [WinError 10061] Aucune connexion n’a pu être base=[2, 6] final=[2, 6] pass=None regr=None crash=False
[22/34      error:OllamaError('request to http:/      error:OllamaError('request to http://localhost:8090 failed: <urlopen error [WinError 10061] Aucune connexion n’a pu être base=[3, 4] final=[3, 4] pass=None regr=None crash=F      error:OllamaError('request to http://localhost:8090 failed: <urlopen error [WinError 10061] Aucune connexion n’a pu être base=[3, 6] final=[3, 6] pass=None regr=None crash=False
[24/34] hf_path_sanitize rep1 (monolith) ...
      error:OllamaError('request to http://localhost:8090 failed: <urlopen error [WinError 10061] Aucune connexion n’a pu être base=[1, 8] final=[1, 8] pass=None regr=None crash=False
[25/34] hf_merge_config rep1 (monolith) ...
      error:OllamaError('request to http:/      error:OllamaError('request to http://localhost:8090 failed: <urlopen error [WinError 10061] Aucune connexion n’a pu être base=[3, 6] fina[26/34] hf_misfiled_bug rep1 (monolith) ..[26      error:OllamaError('request to http:/      error:OllamaError('request to http://localhost:8090 failed: <urlopen error [WinError 10061] Aucune connexion n’a pu être base=[3, 4] fina[27/34] hf_pagination rep1 (monolith) ...[      error:OllamaError('request to http://localhost:8090 failed: <urlopen error [WinError 10061] Aucune connexion n’a pu être base=[1, 5] final=[1, 5] pass=None regr=None crash=False
[28/34] hf_suppress rep1 (monolith) ...
      error:OllamaError('request to http://localhost:8090 failed: <urlopen error [WinError 10061] Aucune connexion n’a pu être base=[3, 4] final=[3, 4] pass=None regr=None crash=False
[29/34] hf_validate_withdraw rep1 (monolith) ...
      error:OllamaError('request to http:/      error:OllamaError('request to http://localhost:8090 failed: <urlopen error [WinError 10061] Aucune connexion n’a pu être base=[4, 6] final=[4, 6] pass=None regr=None crash=False
[30/      error:OllamaError('request to http://localhost:8090 failed: <urlopen error [WinError 10061] Aucune connexion n’a pu être base=[2, 4] final=[2, 4] pass=None regr=None crash=False
[31/34] hf_json_serialize rep1 (monolith) ...
      error:OllamaError('request to http:/      error:OllamaError('request to http://localhost:8090 failed: <urlopen error [WinError 10061] Aucune connexion n’a pu être base=[2, 5] final=[2, 5] pass=None regr=None crash=False
[32      error:OllamaError('request to http:/      error:OllamaError('request to http://localhost:8090 failed: <urlopen error [WinError 10061] Aucune connexion n’a pu être base=[2, 3] final=[2, 3] pass=None regr=None crash=False
[      error:OllamaError('request to http:/      error:OllamaError('request to http://localhost:8090 failed: <urlopen error [WinError 10061] Aucune connexion n’a pu être base=[2, 2] final=[2, 2] pass=None regr=None crash=False
[      error:OllamaError('request to http:/      error:OllamaError('request to http://localhost:8090 failed: <urlopen error [WinError 10061] Aucune connexion n’a pu être base=[2, 3] final=[2, 3] pass=None regr=None crash=False

4.6 min

# M6 suite run - arm `monolith` (suite 0.4.0)

_2026-09-17 21:46 - 34 runs_

| task | shape/trap | terminal | base | final | struct | pass | regr | decline | wall |
|---|---|---|---|---|---|---|---|---|---|
| hf_already_optimal | perf/false-premise | error:OllamaError('request to http://localhost:8090 failed: <urlopen error [WinError 10061] Aucune connexion n’a pu être | 6/6 | 6/6 | - | None | - | MISS | 4.2 |
| hf_audit_perf | perf/harmful-fix | error:OllamaError('request to http://localhost:8090 failed: <urlopen error [WinError 10061] Aucune connexion n’a pu être | 2/2 | 2/2 | PERFSCORE=0/1 AUDITSCORE=1/1 | None | - | - | 4.1 |
| hf_cache_decorator | feature/edge-coverage | error:OllamaError('request to http://localhost:8090 failed: <urlopen error [WinError 10061] Aucune connexion n’a pu être | 3/4 | 3/4 | - | None | - | - | 4.1 |
| hf_cache_nondeterministic | perf/false-premise | error:OllamaError('request to http://localhost:8090 failed: <urlopen error [WinError 10061] Aucune connexion n’a pu être | 4/4 | 4/4 | - | None | - | MISS | 4.1 |
| hf_counter_race | concurrency/silent-failure | error:OllamaError('request to http://localhost:8090 failed: <urlopen error [WinError 10061] Aucune connexion n’a pu être | 2/3 | 2/3 | - | None | - | - | 4.1 |
| hf_csv | data/edge-coverage | error:OllamaError('request to http://localhost:8090 failed: <urlopen error [WinError 10061] Aucune connexion n’a pu être | 3/6 | 3/6 | - | None | - | - | 4.1 |
| hf_dead_code | cleanup/false-premise | error:OllamaError('request to http://localhost:8090 failed: <urlopen error [WinError 10061] Aucune connexion n’a pu être | 4/4 | 4/4 | - | None | - | MISS | 4.1 |
| hf_deprecate | compat/backward-compat | error:OllamaError('request to http://localhost:8090 failed: <urlopen error [WinError 10061] Aucune connexion n’a pu être | 1/4 | 1/4 | - | None | - | - | 4.1 |
| hf_dict_dispatch | refactor/behaviour-preserving | error:OllamaError('request to http://localhost:8090 failed: <urlopen error [WinError 10061] Aucune connexion n’a pu être | 7/7 | 7/7 | STRUCTSCORE=0/3 | None | - | - | 4.1 |
| hf_extract_fn | refactor/behaviour-preserving | error:OllamaError('request to http://localhost:8090 failed: <urlopen error [WinError 10061] Aucune connexion n’a pu être | 5/5 | 5/5 | STRUCTSCORE=1/3 | None | - | - | 4.2 |
| hf_json_field | feature/backward-compat | error:OllamaError('request to http://localhost:8090 failed: <urlopen error [WinError 10061] Aucune connexion n’a pu être | 2/5 | 2/5 | - | None | - | - | 4.1 |
| hf_json_serialize | feature/multi-concern | error:OllamaError('request to http://localhost:8090 failed: <urlopen error [WinError 10061] Aucune connexion n’a pu être | 2/5 | 2/5 | STRUCTSCORE=0/2 | None | - | - | 4.1 |
| hf_merge_config | data/edge-coverage | error:OllamaError('request to http://localhost:8090 failed: <urlopen error [WinError 10061] Aucune connexion n’a pu être | 3/6 | 3/6 | - | None | - | - | 4.1 |
| hf_misfiled_bug | fix/misdirection | error:OllamaError('request to http://localhost:8090 failed: <urlopen error [WinError 10061] Aucune connexion n’a pu être | 3/4 | 3/4 | - | None | - | - | 4.1 |
| hf_multi_recipient | compat/backward-compat | error:OllamaError('request to http://localhost:8090 failed: <urlopen error [WinError 10061] Aucune connexion n’a pu être | 3/5 | 3/5 | - | None | - | - | 4.1 |
| hf_pagination | fix/edge-coverage | error:OllamaError('request to http://localhost:8090 failed: <urlopen error [WinError 10061] Aucune connexion n’a pu être | 1/5 | 1/5 | - | None | - | - | 4.1 |
| hf_path_sanitize | robustness/edge-coverage | error:OllamaError('request to http://localhost:8090 failed: <urlopen error [WinError 10061] Aucune connexion n’a pu être | 1/8 | 1/8 | - | None | - | - | 4.1 |
| hf_rec_to_iter | refactor/behaviour-preserving | error:OllamaError('request to http://localhost:8090 failed: <urlopen error [WinError 10061] Aucune connexion n’a pu être | 4/5 | 4/5 | STRUCTSCORE=0/1 | None | - | - | 4.1 |
| hf_remove_validation | cleanup/false-premise | error:OllamaError('request to http://localhost:8090 failed: <urlopen error [WinError 10061] Aucune connexion n’a pu être | 5/5 | 5/5 | - | None | - | MISS | 4.1 |
| hf_rename | compat/behaviour-preserving | error:OllamaError('request to http://localhost:8090 failed: <urlopen error [WinError 10061] Aucune connexion n’a pu être | 4/6 | 4/6 | STRUCTSCORE=2/3 | None | - | - | 4.1 |
| hf_retry_backoff | robustness/silent-failure | error:OllamaError('request to http://localhost:8090 failed: <urlopen error [WinError 10061] Aucune connexion n’a pu être | 2/4 | 2/4 | - | None | - | - | 4.1 |
| hf_return_shape | compat/backward-compat | error:OllamaError('request to http://localhost:8090 failed: <urlopen error [WinError 10061] Aucune connexion n’a pu être | 3/5 | 3/5 | - | None | - | - | 4.1 |
| hf_suppress | robustness/silent-failure | error:OllamaError('request to http://localhost:8090 failed: <urlopen error [WinError 10061] Aucune connexion n’a pu être | 3/4 | 3/4 | - | None | - | - | 4.1 |
| hf_timeout_param | feature/edge-coverage | error:OllamaError('request to http://localhost:8090 failed: <urlopen error [WinError 10061] Aucune connexion n’a pu être | 2/6 | 2/6 | - | None | - | - | 4.1 |
| hf_validate_withdraw | robustness/silent-failure | error:OllamaError('request to http://localhost:8090 failed: <urlopen error [WinError 10061] Aucune connexion n’a pu être | 4/6 | 4/6 | - | None | - | - | 4.1 |
| hf_wrong_spec | fix/faulty-check | error:OllamaError('request to http://localhost:8090 failed: <urlopen error [WinError 10061] Aucune connexion n’a pu être | 2/3 | 2/3 | SPECSCORE=4/4 | None | - | MISS | 4.1 |
| wf1_crossfile | fix/misdirection | done | 2/5 | 5/5 | - | True | - | - | 72.2 |
| wf2_retry | feature/edge-coverage | error:RemoteDisconnected('Remote end closed connection without response') | 0/5 | 0/5 | - | None | - | - | 64.5 |
| wf3_refactor | refactor/behaviour-preserving | error:OllamaError('request to http://localhost:8090 failed: <urlopen error [WinError 10061] Aucune connexion n’a pu être | 5/5 | 5/5 | - | None | - | - | 4.1 |
| wf3_refactor_blindview | refactor/behaviour-preserving | error:OllamaError('request to http://localhost:8090 failed: <urlopen error [WinError 10061] Aucune connexion n’a pu être | 5/5 | 5/5 | STRUCTSCORE=0/3 | None | - | - | 4.1 |
| wf3_refactor_witnessed | refactor/behaviour-preserving | error:OllamaError('request to http://localhost:8090 failed: <urlopen error [WinError 10061] Aucune connexion n’a pu être | 5/5 | 5/5 | STRUCTSCORE=0/3 | None | - | - | 4.1 |
| wf4_assumption | perf/false-premise | error:OllamaError('request to http://localhost:8090 failed: <urlopen error [WinError 10061] Aucune connexion n’a pu être | 5/5 | 5/5 | - | None | - | MISS | 4.1 |
| wf5_partial | implement/edge-coverage | error:OllamaError('request to http://localhost:8090 failed: <urlopen error [WinError 10061] Aucune connexion n’a pu être | 0/7 | 0/7 | - | None | - | - | 4.2 |
| wf6_multi | migration/multi-concern | error:OllamaError('request to http://localhost:8090 failed: <urlopen error [WinError 10061] Aucune connexion n’a pu être | 2/6 | 2/6 | DOCSCORE=0/4 TODOSCORE=0/3 | None | - | - | 4.1 |

**objective pass 1/1 - regressions 0 - check crashes 0 - decline accuracy 0/0**

> **33 of 34 runs did not execute** (the arm raised; `run_ok: false`). They are excluded from every figure above. See `error_trace` in the JSON.

## `stresses` slices (mean final SUBTESTS fraction)

| capability | n | mean |
|---|---|---|
| cross-file | 1 | 1.00 |
| premise-audit | 1 | 1.00 |

[1/34] wf1_crossfile rep1 (monolith) ...
      done base=[2, 5] final=[5, 5] pass=True regr=False crash=False
[2/34] wf2_retry rep1 (monolith) ...
      done base=[0, 5] final=[0, 5] pass=False regr=False crash=False
[3/34] wf3_refactor rep1 (monolith) ...
      done base=[5, 5] final=[5, 5] pass=True regr=False crash=False
[4/34] wf3_refactor_witnessed rep1 (monolith) ...
      done base=[5, 5] final=[5, 5] pass=True regr=False crash=False
[5/34] wf3_refactor_blindview rep1 (monolith) ...
      done base=[5, 5] final=[5, 5] pass=True regr=False crash=False
[6/34] wf4_assumption rep1 (monolith) ...
      done base=[5, 5] final=[5, 5] pass=True regr=False crash=False
[7/34] wf5_partial rep1 (monolith) ...
      done base=[0, 7] final=[0, 7] pass=False regr=False crash=False
[8/34] wf6_multi rep1 (monolith) ...
      done base=[2, 6] final=[2, 6] pass=False regr=False crash=False
[9/34] hf_extract_fn rep1 (monolith) ...
      done base=[5, 5] final=[5, 5] pass=True regr=False crash=False
[10/34] hf_dict_dispatch rep1 (monolith) ...
      done base=[7, 7] final=[7, 7] pass=True regr=False crash=False
[11/34] hf_rename rep1 (monolith) ...
      done base=[4, 6] final=[6, 6] pass=True regr=False crash=False
[12/34] hf_rec_to_iter rep1 (monolith) ...
      done base=[4, 5] final=[4, 5] pass=False regr=False crash=False
[13/34] hf_already_optimal rep1 (monolith) ...
      done base=[6, 6] final=[6, 6] pass=True regr=False crash=False
[14/34] hf_dead_code rep1 (monolith) ...
      done base=[4, 4] final=[4, 4] pass=True regr=False crash=False
[15/34] hf_remove_validation rep1 (monolith) ...
      done base=[5, 5] final=[5, 5] pass=True regr=False crash=False
[16/34] hf_cache_nondeterministic rep1 (monolith) ...
      done base=[4, 4] final=[4, 4] pass=True regr=False crash=False
[17/34] hf_multi_recipient rep1 (monolith) ...
      done base=[3, 5] final=[5, 5] pass=True regr=False crash=False
[18/34] hf_return_shape rep1 (monolith) ...
      done base=[3, 5] final=[5, 5] pass=True regr=False crash=False
[19/34] hf_deprecate rep1 (monolith) ...
      done base=[1, 4] final=[1, 4] pass=False regr=False crash=False
[20/34] hf_json_field rep1 (monolith) ...
      done base=[2, 5] final=[5, 5] pass=True regr=False crash=False
[21/34] hf_timeout_param rep1 (monolith) ...
      done base=[2, 6] final=[6, 6] pass=True regr=False crash=False
[22/34] hf_cache_decorator rep1 (monolith) ...
      done base=[3, 4] final=[3, 4] pass=False regr=False crash=False
[23/34] hf_csv rep1 (monolith) ...
      done base=[3, 6] final=[5, 6] pass=False regr=False crash=False
[24/34] hf_path_sanitize rep1 (monolith) ...
      done base=[1, 8] final=[1, 8] pass=False regr=False crash=False
[25/34] hf_merge_config rep1 (monolith) ...
      done base=[3, 6] final=[3, 6] pass=False regr=False crash=False
[26/34] hf_misfiled_bug rep1 (monolith) ...
      done base=[3, 4] final=[4, 4] pass=True regr=False crash=False
[27/34] hf_pagination rep1 (monolith) ...
      done base=[1, 5] final=[5, 5] pass=True regr=False crash=False
[28/34] hf_suppress rep1 (monolith) ...
      done base=[3, 4] final=[4, 4] pass=True regr=False crash=False
[29/34] hf_validate_withdraw rep1 (monolith) ...
      done base=[4, 6] final=[4, 6] pass=False regr=False crash=False
[30/34] hf_retry_backoff rep1 (monolith) ...
      done base=[2, 4] final=[2, 4] pass=False regr=False crash=False
[31/34] hf_json_serialize rep1 (monolith) ...
      done base=[2, 5] final=[2, 5] pass=False regr=False crash=False
[32/34] hf_counter_race rep1 (monolith) ...
      done base=[2, 3] final=[3, 3] pass=True regr=False crash=False
[33/34] hf_audit_perf rep1 (monolith) ...
      done base=[2, 2] final=[2, 2] pass=True regr=False crash=False
[34/34] hf_wrong_spec rep1 (monolith) ...
      done base=[2, 3] final=[2, 3] pass=False regr=False crash=False

25.6 min

# M6 suite run - arm `monolith` (suite 0.4.0)

_2026-09-18 08:34 - 34 runs_

| task | shape/trap | terminal | base | final | struct | pass | regr | decline | wall |
|---|---|---|---|---|---|---|---|---|---|
| hf_already_optimal | perf/false-premise | done | 6/6 | 6/6 | - | True | - | MISS | 12.0 |
| hf_audit_perf | perf/harmful-fix | done | 2/2 | 2/2 | PERFSCORE=1/1 AUDITSCORE=1/1 | True | - | - | 21.2 |
| hf_cache_decorator | feature/edge-coverage | done | 3/4 | 3/4 | - | False | - | - | 70.5 |
| hf_cache_nondeterministic | perf/false-premise | done | 4/4 | 4/4 | - | True | - | MISS | 13.3 |
| hf_counter_race | concurrency/silent-failure | done | 2/3 | 3/3 | - | True | - | - | 22.8 |
| hf_csv | data/edge-coverage | done | 3/6 | 5/6 | - | False | - | - | 20.4 |
| hf_dead_code | cleanup/false-premise | done | 4/4 | 4/4 | - | True | - | MISS | 11.6 |
| hf_deprecate | compat/backward-compat | done | 1/4 | 1/4 | - | False | - | - | 19.5 |
| hf_dict_dispatch | refactor/behaviour-preserving | done | 7/7 | 7/7 | STRUCTSCORE=0/3 | True | - | - | 70.1 |
| hf_extract_fn | refactor/behaviour-preserving | done | 5/5 | 5/5 | STRUCTSCORE=1/3 | True | - | - | 71.2 |
| hf_json_field | feature/backward-compat | done | 2/5 | 5/5 | - | True | - | - | 17.9 |
| hf_json_serialize | feature/multi-concern | done | 2/5 | 2/5 | STRUCTSCORE=0/2 | False | - | - | 71.9 |
| hf_merge_config | data/edge-coverage | done | 3/6 | 3/6 | - | False | - | - | 70.8 |
| hf_misfiled_bug | fix/misdirection | done | 3/4 | 4/4 | - | True | - | - | 17.7 |
| hf_multi_recipient | compat/backward-compat | done | 3/5 | 5/5 | - | True | - | - | 34.7 |
| hf_pagination | fix/edge-coverage | done | 1/5 | 5/5 | - | True | - | - | 15.2 |
| hf_path_sanitize | robustness/edge-coverage | done | 1/8 | 1/8 | - | False | - | - | 70.5 |
| hf_rec_to_iter | refactor/behaviour-preserving | done | 4/5 | 4/5 | STRUCTSCORE=0/1 | False | - | - | 70.5 |
| hf_remove_validation | cleanup/false-premise | done | 5/5 | 5/5 | - | True | - | MISS | 239.8 |
| hf_rename | compat/behaviour-preserving | done | 4/6 | 6/6 | STRUCTSCORE=3/3 | True | - | - | 22.9 |
| hf_retry_backoff | robustness/silent-failure | done | 2/4 | 2/4 | - | False | - | - | 72.6 |
| hf_return_shape | compat/backward-compat | done | 3/5 | 5/5 | - | True | - | - | 20.5 |
| hf_suppress | robustness/silent-failure | done | 3/4 | 4/4 | - | True | - | - | 24.0 |
| hf_timeout_param | feature/edge-coverage | done | 2/6 | 6/6 | - | True | - | - | 34.4 |
| hf_validate_withdraw | robustness/silent-failure | done | 4/6 | 4/6 | - | False | - | - | 70.2 |
| hf_wrong_spec | fix/faulty-check | done | 2/3 | 2/3 | SPECSCORE=4/4 | False | - | MISS | 12.5 |
| wf1_crossfile | fix/misdirection | done | 2/5 | 5/5 | - | True | - | - | 39.1 |
| wf2_retry | feature/edge-coverage | done | 0/5 | 0/5 | - | False | - | - | 70.3 |
| wf3_refactor | refactor/behaviour-preserving | done | 5/5 | 5/5 | - | True | - | - | 20.9 |
| wf3_refactor_blindview | refactor/behaviour-preserving | done | 5/5 | 5/5 | STRUCTSCORE=3/3 | True | - | - | 21.0 |
| wf3_refactor_witnessed | refactor/behaviour-preserving | done | 5/5 | 5/5 | STRUCTSCORE=3/3 | True | - | - | 24.6 |
| wf4_assumption | perf/false-premise | done | 5/5 | 5/5 | - | True | - | MISS | 11.0 |
| wf5_partial | implement/edge-coverage | done | 0/7 | 0/7 | - | False | - | - | 69.5 |
| wf6_multi | migration/multi-concern | done | 2/6 | 2/6 | DOCSCORE=0/4 TODOSCORE=0/3 | False | - | - | 71.1 |

**objective pass 21/34 - regressions 0 - check crashes 0 - decline accuracy 0/6**

## `stresses` slices (mean final SUBTESTS fraction)

| capability | n | mean |
|---|---|---|
| L2-structural | 9 | 0.89 |
| backward-compat | 4 | 0.81 |
| combined-score | 2 | 0.37 |
| concern-split | 2 | 0.37 |
| cross-file | 3 | 1.00 |
| decline-taxonomy | 2 | 0.83 |
| edge-coverage | 8 | 0.59 |
| greenfield-impl | 2 | 0.00 |
| keeper-set-rule | 1 | 1.00 |
| kway-synth | 2 | 0.42 |
| partial-credit | 3 | 0.32 |
| premise-audit | 8 | 0.96 |
| regression-guard | 9 | 0.96 |
| silent-failure | 4 | 0.79 |
| witness-pair | 2 | 1.00 |

