[1/34] wf1_crossfile rep1 (m7b) ...
      answered base=[2, 5] final=[5, 5] pass=True regr=False crash=False
[2/34] wf2_retry rep1 (m7b) ...
      blocked-partial base=[0, 5] final=[2, 5] pass=False regr=False crash=False
[3/34] wf3_refactor rep1 (m7b) ...
      declined base=[5, 5] final=[5, 5] pass=True regr=False crash=False
[4/34] wf3_refactor_witnessed rep1 (m7b) ...
      answered base=[5, 5] final=[5, 5] pass=True regr=False crash=False
[5/34] wf3_refactor_blindview rep1 (m7b) ...
      declined base=[5, 5] final=[5, 5] pass=False regr=False crash=False
[6/34] wf4_assumption rep1 (m7b) ...
      declined base=[5, 5] final=[5, 5] pass=True regr=False crash=False
[7/34] wf5_partial rep1 (m7b) ...
      answered base=[0, 7] final=[7, 7] pass=True regr=False crash=False
[8/34] wf6_multi rep1 (m7b) ...
      blocked-no-progress base=[2, 6] final=[2, 6] pass=False regr=False crash=False
[9/34] hf_extract_fn rep1 (m7b) ...
      blocked-no-progress base=[5, 5] final=[5, 5] pass=False regr=False crash=False
[10/34] hf_dict_dispatch rep1 (m7b) ...
      blocked-no-progress base=[7, 7] final=[7, 7] pass=False regr=False crash=False
[11/34] hf_rename rep1 (m7b) ...
      answered base=[4, 6] final=[6, 6] pass=True regr=False crash=False
[12/34] hf_rec_to_iter rep1 (m7b) ...
      answered base=[4, 5] final=[5, 5] pass=True regr=False crash=False
[13/34] hf_already_optimal rep1 (m7b) ...
      declined base=[6, 6] final=[6, 6] pass=True regr=False crash=False
[14/34] hf_dead_code rep1 (m7b) ...
      declined base=[4, 4] final=[4, 4] pass=True regr=False crash=False
[15/34] hf_remove_validation rep1 (m7b) ...
      declined base=[5, 5] final=[5, 5] pass=True regr=False crash=False
[16/34] hf_cache_nondeterministic rep1 (m7b) ...
      declined base=[4, 4] final=[4, 4] pass=True regr=False crash=False
[17/34] hf_multi_recipient rep1 (m7b) ...
      answered base=[3, 5] final=[5, 5] pass=True regr=False crash=False
[18/34] hf_return_shape rep1 (m7b) ...
      answered base=[3, 5] final=[5, 5] pass=True regr=False crash=False
[19/34] hf_deprecate rep1 (m7b) ...
      answered base=[1, 4] final=[4, 4] pass=True regr=False crash=False
[20/34] hf_json_field rep1 (m7b) ...
      answered base=[2, 5] final=[5, 5] pass=True regr=False crash=False
[21/34] hf_timeout_param rep1 (m7b) ...
      answered base=[2, 6] final=[6, 6] pass=True regr=False crash=False
[22/34] hf_cache_decorator rep1 (m7b) ...
      blocked-no-progress base=[3, 4] final=[3, 4] pass=False regr=False crash=False
[23/34] hf_csv rep1 (m7b) ...
      blocked-partial base=[3, 6] final=[5, 6] pass=False regr=False crash=False
[24/34] hf_path_sanitize rep1 (m7b) ...
      answered base=[1, 8] final=[8, 8] pass=True regr=False crash=False
[25/34] hf_merge_config rep1 (m7b) ...
