resuming: 30 rows already recorded
[2/102] wf1_crossfile rep2 (staged) ...
      resolved base=[2, 5] final=[5, 5] pass=True regr=False crash=False
[3/102] wf1_crossfile rep3 (staged) ...
      resolved base=[2, 5] final=[5, 5] pass=True regr=False crash=False
[5/102] wf2_retry rep2 (staged) ...
      resolved base=[0, 5] final=[5, 5] pass=True regr=False crash=False
[6/102] wf2_retry rep3 (staged) ...
      resolved base=[0, 5] final=[5, 5] pass=True regr=False crash=False
[8/102] wf3_refactor rep2 (staged) ...
      declined base=[5, 5] final=[5, 5] pass=True regr=False crash=False
[9/102] wf3_refactor rep3 (staged) ...
      declined base=[5, 5] final=[5, 5] pass=True regr=False crash=False
[10/102] wf3_refactor_witnessed rep1 (staged) ...
      resolved base=[5, 5] final=[5, 5] pass=True regr=False crash=False
[11/102] wf3_refactor_witnessed rep2 (staged) ...
      resolved base=[5, 5] final=[5, 5] pass=True regr=False crash=False
[12/102] wf3_refactor_witnessed rep3 (staged) ...
      resolved base=[5, 5] final=[5, 5] pass=True regr=False crash=False
[13/102] wf3_refactor_blindview rep1 (staged) ...
      declined base=[5, 5] final=[5, 5] pass=False regr=False crash=False
[14/102] wf3_refactor_blindview rep2 (staged) ...
      declined base=[5, 5] final=[5, 5] pass=False regr=False crash=False
[15/102] wf3_refactor_blindview rep3 (staged) ...
      declined base=[5, 5] final=[5, 5] pass=False regr=False crash=False
[17/102] wf4_assumption rep2 (staged) ...
      declined base=[5, 5] final=[5, 5] pass=True regr=False crash=False
[18/102] wf4_assumption rep3 (staged) ...
      declined base=[5, 5] final=[5, 5] pass=True regr=False crash=False
[20/102] wf5_partial rep2 (staged) ...
      needs-change base=[0, 7] final=[4, 7] pass=False regr=False crash=False
[21/102] wf5_partial rep3 (staged) ...
      needs-change base=[0, 7] final=[5, 7] pass=False regr=False crash=False
[23/102] wf6_multi rep2 (staged) ...
      escalate base=[2, 6] final=[2, 6] pass=False regr=False crash=False
[24/102] wf6_multi rep3 (staged) ...
      needs-change base=[2, 6] final=[6, 6] pass=True regr=False crash=False
[26/102] hf_extract_fn rep2 (staged) ...
      resolved base=[5, 5] final=[5, 5] pass=True regr=False crash=False
[27/102] hf_extract_fn rep3 (staged) ...
      escalate base=[5, 5] final=[5, 5] pass=True regr=False crash=False
[29/102] hf_dict_dispatch rep2 (staged) ...
      escalate base=[7, 7] final=[7, 7] pass=True regr=False crash=False
[30/102] hf_dict_dispatch rep3 (staged) ...
      escalate base=[7, 7] final=[7, 7] pass=True regr=False crash=False
[32/102] hf_rename rep2 (staged) ...
      resolved base=[4, 6] final=[6, 6] pass=True regr=False crash=False
[33/102] hf_rename rep3 (staged) ...
      resolved base=[4, 6] final=[6, 6] pass=True regr=False crash=False
[35/102] hf_rec_to_iter rep2 (staged) ...
      escalate base=[4, 5] final=[4, 5] pass=False regr=False crash=False
[36/102] hf_rec_to_iter rep3 (staged) ...
      escalate base=[4, 5] final=[4, 5] pass=False regr=False crash=False
[38/102] hf_already_optimal rep2 (staged) ...
      declined base=[6, 6] final=[6, 6] pass=True regr=False crash=False
[39/102] hf_already_optimal rep3 (staged) ...
      declined base=[6, 6] final=[6, 6] pass=True regr=False crash=False
[41/102] hf_dead_code rep2 (staged) ...
      declined base=[4, 4] final=[4, 4] pass=True regr=False crash=False
[42/102] hf_dead_code rep3 (staged) ...
      declined base=[4, 4] final=[4, 4] pass=True regr=False crash=False
[44/102] hf_remove_validation rep2 (staged) ...
      declined base=[5, 5] final=[5, 5] pass=True regr=False crash=False
[45/102] hf_remove_validation rep3 (staged) ...
      declined base=[5, 5] final=[5, 5] pass=True regr=False crash=False
[47/102] hf_cache_nondeterministic rep2 (staged) ...
      declined base=[4, 4] final=[4, 4] pass=True regr=False crash=False
[48/102] hf_cache_nondeterministic rep3 (staged) ...
      declined base=[4, 4] final=[4, 4] pass=True regr=False crash=False
[50/102] hf_multi_recipient rep2 (staged) ...
      escalate base=[3, 5] final=[3, 5] pass=False regr=False crash=False
[51/102] hf_multi_recipient rep3 (staged) ...
      escalate base=[3, 5] final=[3, 5] pass=False regr=False crash=False
[53/102] hf_return_shape rep2 (staged) ...
      resolved base=[3, 5] final=[5, 5] pass=True regr=False crash=False
[54/102] hf_return_shape rep3 (staged) ...
      resolved base=[3, 5] final=[5, 5] pass=True regr=False crash=False
[56/102] hf_deprecate rep2 (staged) ...
      resolved base=[1, 4] final=[4, 4] pass=True regr=False crash=False
[57/102] hf_deprecate rep3 (staged) ...
      resolved base=[1, 4] final=[4, 4] pass=True regr=False crash=False
[59/102] hf_json_field rep2 (staged) ...
      declined base=[2, 5] final=[2, 5] pass=False regr=False crash=False
[60/102] hf_json_field rep3 (staged) ...
      resolved base=[2, 5] final=[5, 5] pass=True regr=False crash=False
[62/102] hf_timeout_param rep2 (staged) ...
      escalate base=[2, 6] final=[2, 6] pass=False regr=False crash=False
[63/102] hf_timeout_param rep3 (staged) ...
      needs-change base=[2, 6] final=[5, 6] pass=False regr=False crash=False
[65/102] hf_cache_decorator rep2 (staged) ...
      escalate base=[3, 4] final=[3, 4] pass=False regr=False crash=False
[66/102] hf_cache_decorator rep3 (staged) ...
      escalate base=[3, 4] final=[3, 4] pass=False regr=False crash=False
[68/102] hf_csv rep2 (staged) ...
      declined base=[3, 6] final=[3, 6] pass=False regr=False crash=False
[69/102] hf_csv rep3 (staged) ...
      declined base=[3, 6] final=[3, 6] pass=False regr=False crash=False
[71/102] hf_path_sanitize rep2 (staged) ...
      declined base=[1, 8] final=[1, 8] pass=False regr=False crash=False
[72/102] hf_path_sanitize rep3 (staged) ...
      declined base=[1, 8] final=[1, 8] pass=False regr=False crash=False
[74/102] hf_merge_config rep2 (staged) ...
      declined base=[3, 6] final=[3, 6] pass=False regr=False crash=False
[75/102] hf_merge_config rep3 (staged) ...
      declined base=[3, 6] final=[3, 6] pass=False regr=False crash=False
[77/102] hf_misfiled_bug rep2 (staged) ...
      declined base=[3, 4] final=[3, 4] pass=False regr=False crash=False
[78/102] hf_misfiled_bug rep3 (staged) ...
      declined base=[3, 4] final=[3, 4] pass=False regr=False crash=False
[80/102] hf_pagination rep2 (staged) ...
      resolved base=[1, 5] final=[5, 5] pass=True regr=False crash=False
[81/102] hf_pagination rep3 (staged) ...
      resolved base=[1, 5] final=[5, 5] pass=True regr=False crash=False
[83/102] hf_suppress rep2 (staged) ...
      declined base=[3, 4] final=[3, 4] pass=False regr=False crash=False
[84/102] hf_suppress rep3 (staged) ...
      declined base=[3, 4] final=[3, 4] pass=False regr=False crash=False
[86/102] hf_validate_withdraw rep2 (staged) ...
      resolved base=[4, 6] final=[6, 6] pass=True regr=False crash=False
[87/102] hf_validate_withdraw rep3 (staged) ...
      resolved base=[4, 6] final=[6, 6] pass=True regr=False crash=False
[89/102] hf_retry_backoff rep2 (staged) ...
      resolved base=[2, 4] final=[4, 4] pass=True regr=False crash=False
[90/102] hf_retry_backoff rep3 (staged) ...
      resolved base=[2, 4] final=[4, 4] pass=True regr=False crash=False
[92/102] hf_json_serialize rep2 (staged) ...
      declined base=[2, 5] final=[2, 5] pass=False regr=False crash=False
[93/102] hf_json_serialize rep3 (staged) ...
      declined base=[2, 5] final=[2, 5] pass=False regr=False crash=False
[95/102] hf_counter_race rep2 (staged) ...
      resolved base=[2, 3] final=[3, 3] pass=True regr=False crash=False
[96/102] hf_counter_race rep3 (staged) ...
      resolved base=[2, 3] final=[3, 3] pass=True regr=False crash=False
[97/102] hf_audit_perf rep1 (staged) ...
      declined base=[2, 2] final=[2, 2] pass=False regr=False crash=False
[98/102] hf_audit_perf rep2 (staged) ...
      declined base=[2, 2] final=[2, 2] pass=False regr=False crash=False
[99/102] hf_audit_perf rep3 (staged) ...
      resolved base=[2, 2] final=[2, 2] pass=True regr=False crash=False
[100/102] hf_wrong_spec rep1 (staged) ...
      declined base=[2, 3] final=[2, 3] pass=False regr=False crash=False
[101/102] hf_wrong_spec rep2 (staged) ...
      escalate base=[2, 3] final=[2, 3] pass=False regr=False crash=False
[102/102] hf_wrong_spec rep3 (staged) ...
      escalate base=[2, 3] final=[2, 3] pass=False regr=False crash=False

42.7 min

# M6 suite run - arm `staged` (suite 0.4.0)

_2026-09-15 03:31 - 102 runs_

| task | shape/trap | terminal | base | final | struct | pass | regr | decline | wall |
|---|---|---|---|---|---|---|---|---|---|
| hf_already_optimal | perf/false-premise | declined | 6/6 | 6/6 | - | True | - | ok | 10.0 |
| hf_already_optimal | perf/false-premise | declined | 6/6 | 6/6 | - | True | - | ok | 26.5 |
| hf_already_optimal | perf/false-premise | declined | 6/6 | 6/6 | - | True | - | ok | 15.8 |
| hf_audit_perf | perf/harmful-fix | declined | 2/2 | 2/2 | PERFSCORE=0/1 AUDITSCORE=1/1 | False | - | - | 13.9 |
| hf_audit_perf | perf/harmful-fix | declined | 2/2 | 2/2 | PERFSCORE=0/1 AUDITSCORE=1/1 | False | - | - | 26.5 |
| hf_audit_perf | perf/harmful-fix | resolved | 2/2 | 2/2 | PERFSCORE=1/1 AUDITSCORE=1/1 | True | - | - | 30.3 |
| hf_cache_decorator | feature/edge-coverage | escalate | 3/4 | 3/4 | - | False | - | - | 22.6 |
| hf_cache_decorator | feature/edge-coverage | escalate | 3/4 | 3/4 | - | False | - | - | 34.5 |
| hf_cache_decorator | feature/edge-coverage | escalate | 3/4 | 3/4 | - | False | - | - | 38.5 |
| hf_cache_nondeterministic | perf/false-premise | declined | 4/4 | 4/4 | - | True | - | ok | 9.0 |
| hf_cache_nondeterministic | perf/false-premise | declined | 4/4 | 4/4 | - | True | - | ok | 15.6 |
| hf_cache_nondeterministic | perf/false-premise | declined | 4/4 | 4/4 | - | True | - | ok | 15.3 |
| hf_counter_race | concurrency/silent-failure | resolved | 2/3 | 3/3 | - | True | - | - | 16.5 |
| hf_counter_race | concurrency/silent-failure | resolved | 2/3 | 3/3 | - | True | - | - | 26.4 |
| hf_counter_race | concurrency/silent-failure | resolved | 2/3 | 3/3 | - | True | - | - | 27.6 |
| hf_csv | data/edge-coverage | declined | 3/6 | 3/6 | - | False | - | - | 9.6 |
| hf_csv | data/edge-coverage | declined | 3/6 | 3/6 | - | False | - | - | 18.2 |
| hf_csv | data/edge-coverage | declined | 3/6 | 3/6 | - | False | - | - | 16.4 |
| hf_dead_code | cleanup/false-premise | declined | 4/4 | 4/4 | - | True | - | ok | 8.8 |
| hf_dead_code | cleanup/false-premise | declined | 4/4 | 4/4 | - | True | - | ok | 14.7 |
| hf_dead_code | cleanup/false-premise | declined | 4/4 | 4/4 | - | True | - | ok | 17.7 |
| hf_deprecate | compat/backward-compat | resolved | 1/4 | 4/4 | - | True | - | - | 15.3 |
| hf_deprecate | compat/backward-compat | resolved | 1/4 | 4/4 | - | True | - | - | 29.3 |
| hf_deprecate | compat/backward-compat | resolved | 1/4 | 4/4 | - | True | - | - | 26.7 |
| hf_dict_dispatch | refactor/behaviour-preserving | escalate | 7/7 | 7/7 | STRUCTSCORE=0/3 | True | - | - | 23.7 |
| hf_dict_dispatch | refactor/behaviour-preserving | escalate | 7/7 | 7/7 | STRUCTSCORE=0/3 | True | - | - | 35.6 |
| hf_dict_dispatch | refactor/behaviour-preserving | escalate | 7/7 | 7/7 | STRUCTSCORE=0/3 | True | - | - | 43.7 |
| hf_extract_fn | refactor/behaviour-preserving | escalate | 5/5 | 5/5 | STRUCTSCORE=1/3 | True | - | - | 26.0 |
| hf_extract_fn | refactor/behaviour-preserving | resolved | 5/5 | 5/5 | STRUCTSCORE=3/3 | True | - | - | 37.4 |
| hf_extract_fn | refactor/behaviour-preserving | escalate | 5/5 | 5/5 | STRUCTSCORE=1/3 | True | - | - | 37.7 |
| hf_json_field | feature/backward-compat | declined | 2/5 | 2/5 | - | False | - | - | 9.1 |
| hf_json_field | feature/backward-compat | declined | 2/5 | 2/5 | - | False | - | - | 15.3 |
| hf_json_field | feature/backward-compat | resolved | 2/5 | 5/5 | - | True | - | - | 28.5 |
| hf_json_serialize | feature/multi-concern | declined | 2/5 | 2/5 | STRUCTSCORE=0/2 | False | - | - | 9.4 |
| hf_json_serialize | feature/multi-concern | declined | 2/5 | 2/5 | STRUCTSCORE=0/2 | False | - | - | 17.6 |
| hf_json_serialize | feature/multi-concern | declined | 2/5 | 2/5 | STRUCTSCORE=0/2 | False | - | - | 19.5 |
| hf_merge_config | data/edge-coverage | declined | 3/6 | 3/6 | - | False | - | - | 9.8 |
| hf_merge_config | data/edge-coverage | declined | 3/6 | 3/6 | - | False | - | - | 18.0 |
| hf_merge_config | data/edge-coverage | declined | 3/6 | 3/6 | - | False | - | - | 27.0 |
| hf_misfiled_bug | fix/misdirection | escalate | 3/4 | 3/4 | - | False | - | - | 21.0 |
| hf_misfiled_bug | fix/misdirection | declined | 3/4 | 3/4 | - | False | - | - | 14.9 |
| hf_misfiled_bug | fix/misdirection | declined | 3/4 | 3/4 | - | False | - | - | 18.2 |
| hf_multi_recipient | compat/backward-compat | escalate | 3/5 | 3/5 | - | False | - | - | 26.0 |
| hf_multi_recipient | compat/backward-compat | escalate | 3/5 | 3/5 | - | False | - | - | 44.7 |
| hf_multi_recipient | compat/backward-compat | escalate | 3/5 | 3/5 | - | False | - | - | 44.3 |
| hf_pagination | fix/edge-coverage | resolved | 1/5 | 5/5 | - | True | - | - | 14.2 |
| hf_pagination | fix/edge-coverage | resolved | 1/5 | 5/5 | - | True | - | - | 23.5 |
| hf_pagination | fix/edge-coverage | resolved | 1/5 | 5/5 | - | True | - | - | 31.1 |
| hf_path_sanitize | robustness/edge-coverage | declined | 1/8 | 1/8 | - | False | - | - | 9.1 |
| hf_path_sanitize | robustness/edge-coverage | declined | 1/8 | 1/8 | - | False | - | - | 18.6 |
| hf_path_sanitize | robustness/edge-coverage | declined | 1/8 | 1/8 | - | False | - | - | 20.3 |
| hf_rec_to_iter | refactor/behaviour-preserving | escalate | 4/5 | 4/5 | STRUCTSCORE=0/1 | False | - | - | 25.9 |
| hf_rec_to_iter | refactor/behaviour-preserving | escalate | 4/5 | 4/5 | STRUCTSCORE=0/1 | False | - | - | 53.4 |
| hf_rec_to_iter | refactor/behaviour-preserving | escalate | 4/5 | 4/5 | STRUCTSCORE=0/1 | False | - | - | 34.4 |
| hf_remove_validation | cleanup/false-premise | declined | 5/5 | 5/5 | - | True | - | ok | 9.5 |
| hf_remove_validation | cleanup/false-premise | declined | 5/5 | 5/5 | - | True | - | ok | 14.5 |
| hf_remove_validation | cleanup/false-premise | declined | 5/5 | 5/5 | - | True | - | ok | 15.1 |
| hf_rename | compat/behaviour-preserving | resolved | 4/6 | 6/6 | STRUCTSCORE=3/3 | True | - | - | 16.8 |
| hf_rename | compat/behaviour-preserving | resolved | 4/6 | 6/6 | STRUCTSCORE=3/3 | True | - | - | 28.4 |
| hf_rename | compat/behaviour-preserving | resolved | 4/6 | 6/6 | STRUCTSCORE=3/3 | True | - | - | 22.7 |
| hf_retry_backoff | robustness/silent-failure | resolved | 2/4 | 4/4 | - | True | - | - | 17.8 |
| hf_retry_backoff | robustness/silent-failure | resolved | 2/4 | 4/4 | - | True | - | - | 28.9 |
| hf_retry_backoff | robustness/silent-failure | resolved | 2/4 | 4/4 | - | True | - | - | 35.2 |
| hf_return_shape | compat/backward-compat | resolved | 3/5 | 5/5 | - | True | - | - | 21.8 |
| hf_return_shape | compat/backward-compat | resolved | 3/5 | 5/5 | - | True | - | - | 36.9 |
| hf_return_shape | compat/backward-compat | resolved | 3/5 | 5/5 | - | True | - | - | 33.1 |
| hf_suppress | robustness/silent-failure | declined | 3/4 | 3/4 | - | False | - | - | 9.5 |
| hf_suppress | robustness/silent-failure | declined | 3/4 | 3/4 | - | False | - | - | 19.0 |
| hf_suppress | robustness/silent-failure | declined | 3/4 | 3/4 | - | False | - | - | 15.8 |
| hf_timeout_param | feature/edge-coverage | escalate | 2/6 | 2/6 | - | False | - | - | 28.4 |
| hf_timeout_param | feature/edge-coverage | escalate | 2/6 | 2/6 | - | False | - | - | 53.9 |
| hf_timeout_param | feature/edge-coverage | needs-change | 2/6 | 5/6 | - | False | - | - | 49.0 |
| hf_validate_withdraw | robustness/silent-failure | resolved | 4/6 | 6/6 | - | True | - | - | 14.5 |
| hf_validate_withdraw | robustness/silent-failure | resolved | 4/6 | 6/6 | - | True | - | - | 31.4 |
| hf_validate_withdraw | robustness/silent-failure | resolved | 4/6 | 6/6 | - | True | - | - | 26.4 |
| hf_wrong_spec | fix/faulty-check | declined | 2/3 | 2/3 | SPECSCORE=4/4 | False | - | ok | 14.3 |
| hf_wrong_spec | fix/faulty-check | escalate | 2/3 | 2/3 | SPECSCORE=4/4 | False | - | MISS | 38.4 |
| hf_wrong_spec | fix/faulty-check | escalate | 2/3 | 2/3 | SPECSCORE=4/4 | False | - | MISS | 40.6 |
| wf1_crossfile | fix/misdirection | resolved | 2/5 | 5/5 | - | True | - | - | 14.3 |
| wf1_crossfile | fix/misdirection | resolved | 2/5 | 5/5 | - | True | - | - | 33.7 |
| wf1_crossfile | fix/misdirection | resolved | 2/5 | 5/5 | - | True | - | - | 38.7 |
| wf2_retry | feature/edge-coverage | resolved | 0/5 | 5/5 | - | True | - | - | 14.3 |
| wf2_retry | feature/edge-coverage | resolved | 0/5 | 5/5 | - | True | - | - | 30.6 |
| wf2_retry | feature/edge-coverage | resolved | 0/5 | 5/5 | - | True | - | - | 26.0 |
| wf3_refactor | refactor/behaviour-preserving | declined | 5/5 | 5/5 | - | True | - | - | 9.5 |
| wf3_refactor | refactor/behaviour-preserving | declined | 5/5 | 5/5 | - | True | - | - | 29.2 |
| wf3_refactor | refactor/behaviour-preserving | declined | 5/5 | 5/5 | - | True | - | - | 17.0 |
| wf3_refactor_blindview | refactor/behaviour-preserving | declined | 5/5 | 5/5 | STRUCTSCORE=0/3 | False | - | - | 13.4 |
| wf3_refactor_blindview | refactor/behaviour-preserving | declined | 5/5 | 5/5 | STRUCTSCORE=0/3 | False | - | - | 17.5 |
| wf3_refactor_blindview | refactor/behaviour-preserving | declined | 5/5 | 5/5 | STRUCTSCORE=0/3 | False | - | - | 12.5 |
| wf3_refactor_witnessed | refactor/behaviour-preserving | resolved | 5/5 | 5/5 | STRUCTSCORE=3/3 | True | - | - | 22.3 |
| wf3_refactor_witnessed | refactor/behaviour-preserving | resolved | 5/5 | 5/5 | STRUCTSCORE=3/3 | True | - | - | 15.4 |
| wf3_refactor_witnessed | refactor/behaviour-preserving | resolved | 5/5 | 5/5 | STRUCTSCORE=3/3 | True | - | - | 15.9 |
| wf4_assumption | perf/false-premise | declined | 5/5 | 5/5 | - | True | - | ok | 9.2 |
| wf4_assumption | perf/false-premise | declined | 5/5 | 5/5 | - | True | - | ok | 17.8 |
| wf4_assumption | perf/false-premise | declined | 5/5 | 5/5 | - | True | - | ok | 21.3 |
| wf5_partial | implement/edge-coverage | resolved | 0/7 | 7/7 | - | True | - | - | 25.8 |
| wf5_partial | implement/edge-coverage | needs-change | 0/7 | 4/7 | - | False | - | - | 66.3 |
| wf5_partial | implement/edge-coverage | needs-change | 0/7 | 5/7 | - | False | - | - | 56.1 |
| wf6_multi | migration/multi-concern | needs-change | 2/6 | 6/6 | DOCSCORE=0/4 TODOSCORE=3/3 | True | - | - | 252.2 |
| wf6_multi | migration/multi-concern | escalate | 2/6 | 2/6 | DOCSCORE=0/4 TODOSCORE=0/3 | False | - | - | 323.8 |
| wf6_multi | migration/multi-concern | needs-change | 2/6 | 6/6 | DOCSCORE=0/4 TODOSCORE=3/3 | True | - | - | 302.4 |

**objective pass 59/102 - regressions 0 - check crashes 0 - decline accuracy 16/18**

## `stresses` slices (mean final SUBTESTS fraction)

| capability | n | mean |
|---|---|---|
| L2-structural | 27 | 0.98 |
| backward-compat | 12 | 0.80 |
| combined-score | 6 | 0.59 |
| concern-split | 6 | 0.59 |
| cross-file | 9 | 0.92 |
| decline-taxonomy | 6 | 0.83 |
| edge-coverage | 24 | 0.67 |
| greenfield-impl | 6 | 0.88 |
| keeper-set-rule | 3 | 1.00 |
| kway-synth | 6 | 0.63 |
| partial-credit | 9 | 0.46 |
| premise-audit | 24 | 0.93 |
| regression-guard | 27 | 0.88 |
| silent-failure | 12 | 0.94 |
| witness-pair | 6 | 1.00 |

