resuming: 35 rows already recorded
[36/170] wf6_multi rep1 (judge_anchored) ...
      blocked-partial base=[2, 6] final=[6, 6] pass=True regr=False crash=False
[37/170] wf6_multi rep2 (judge_anchored) ...
      blocked-partial base=[2, 6] final=[6, 6] pass=True regr=False crash=False
[38/170] wf6_multi rep3 (judge_anchored) ...
      blocked-partial base=[2, 6] final=[6, 6] pass=True regr=False crash=False
[39/170] wf6_multi rep4 (judge_anchored) ...
      blocked-no-progress base=[2, 6] final=[2, 6] pass=False regr=False crash=False
[40/170] wf6_multi rep5 (judge_anchored) ...
      blocked-partial base=[2, 6] final=[6, 6] pass=True regr=False crash=False
[41/170] hf_extract_fn rep1 (judge_anchored) ...
      blocked-no-progress base=[5, 5] final=[5, 5] pass=True regr=False crash=False
[42/170] hf_extract_fn rep2 (judge_anchored) ...
      blocked-no-progress base=[5, 5] final=[5, 5] pass=True regr=False crash=False
[43/170] hf_extract_fn rep3 (judge_anchored) ...
      answered base=[5, 5] final=[5, 5] pass=True regr=False crash=False
[44/170] hf_extract_fn rep4 (judge_anchored) ...
      answered base=[5, 5] final=[5, 5] pass=True regr=False crash=False
[45/170] hf_extract_fn rep5 (judge_anchored) ...
      answered base=[5, 5] final=[5, 5] pass=True regr=False crash=False
[46/170] hf_dict_dispatch rep1 (judge_anchored) ...
      blocked-no-progress base=[7, 7] final=[7, 7] pass=True regr=False crash=False
[47/170] hf_dict_dispatch rep2 (judge_anchored) ...
      blocked-no-progress base=[7, 7] final=[7, 7] pass=True regr=False crash=False
[48/170] hf_dict_dispatch rep3 (judge_anchored) ...
      blocked-no-progress base=[7, 7] final=[7, 7] pass=True regr=False crash=False
[49/170] hf_dict_dispatch rep4 (judge_anchored) ...
      blocked-no-progress base=[7, 7] final=[7, 7] pass=True regr=False crash=False
[50/170] hf_dict_dispatch rep5 (judge_anchored) ...
      blocked-no-progress base=[7, 7] final=[7, 7] pass=True regr=False crash=False
[51/170] hf_rename rep1 (judge_anchored) ...
      blocked-no-progress base=[4, 6] final=[4, 6] pass=False regr=False crash=False
[52/170] hf_rename rep2 (judge_anchored) ...
      answered base=[4, 6] final=[6, 6] pass=True regr=False crash=False
[53/170] hf_rename rep3 (judge_anchored) ...
      blocked-no-progress base=[4, 6] final=[4, 6] pass=False regr=False crash=False
[54/170] hf_rename rep4 (judge_anchored) ...
      blocked-no-progress base=[4, 6] final=[4, 6] pass=False regr=False crash=False
[55/170] hf_rename rep5 (judge_anchored) ...
      blocked-no-progress base=[4, 6] final=[4, 6] pass=False regr=False crash=False
[56/170] hf_rec_to_iter rep1 (judge_anchored) ...
      blocked-no-progress base=[4, 5] final=[4, 5] pass=False regr=False crash=False
[57/170] hf_rec_to_iter rep2 (judge_anchored) ...
      answered base=[4, 5] final=[5, 5] pass=True regr=False crash=False
[58/170] hf_rec_to_iter rep3 (judge_anchored) ...
      answered base=[4, 5] final=[5, 5] pass=True regr=False crash=False
[59/170] hf_rec_to_iter rep4 (judge_anchored) ...
      answered base=[4, 5] final=[5, 5] pass=True regr=False crash=False
[60/170] hf_rec_to_iter rep5 (judge_anchored) ...
      blocked-no-progress base=[4, 5] final=[4, 5] pass=False regr=False crash=False
[61/170] hf_already_optimal rep1 (judge_anchored) ...
      declined base=[6, 6] final=[6, 6] pass=True regr=False crash=False
[62/170] hf_already_optimal rep2 (judge_anchored) ...
      declined base=[6, 6] final=[6, 6] pass=True regr=False crash=False
[63/170] hf_already_optimal rep3 (judge_anchored) ...
      declined base=[6, 6] final=[6, 6] pass=True regr=False crash=False
[64/170] hf_already_optimal rep4 (judge_anchored) ...
      declined base=[6, 6] final=[6, 6] pass=True regr=False crash=False
[65/170] hf_already_optimal rep5 (judge_anchored) ...
      declined base=[6, 6] final=[6, 6] pass=True regr=False crash=False
[66/170] hf_dead_code rep1 (judge_anchored) ...
      declined base=[4, 4] final=[4, 4] pass=True regr=False crash=False
[67/170] hf_dead_code rep2 (judge_anchored) ...
      declined base=[4, 4] final=[4, 4] pass=True regr=False crash=False
[68/170] hf_dead_code rep3 (judge_anchored) ...
      declined base=[4, 4] final=[4, 4] pass=True regr=False crash=False
[69/170] hf_dead_code rep4 (judge_anchored) ...
      declined base=[4, 4] final=[4, 4] pass=True regr=False crash=False
[70/170] hf_dead_code rep5 (judge_anchored) ...
      declined base=[4, 4] final=[4, 4] pass=True regr=False crash=False
[71/170] hf_remove_validation rep1 (judge_anchored) ...
      declined base=[5, 5] final=[5, 5] pass=True regr=False crash=False
[72/170] hf_remove_validation rep2 (judge_anchored) ...
      declined base=[5, 5] final=[5, 5] pass=True regr=False crash=False
[73/170] hf_remove_validation rep3 (judge_anchored) ...
      declined base=[5, 5] final=[5, 5] pass=True regr=False crash=False
[74/170] hf_remove_validation rep4 (judge_anchored) ...
      declined base=[5, 5] final=[5, 5] pass=True regr=False crash=False
[75/170] hf_remove_validation rep5 (judge_anchored) ...
      declined base=[5, 5] final=[5, 5] pass=True regr=False crash=False
[76/170] hf_cache_nondeterministic rep1 (judge_anchored) ...
      declined base=[4, 4] final=[4, 4] pass=True regr=False crash=False
[77/170] hf_cache_nondeterministic rep2 (judge_anchored) ...
      declined base=[4, 4] final=[4, 4] pass=True regr=False crash=False
[78/170] hf_cache_nondeterministic rep3 (judge_anchored) ...
      declined base=[4, 4] final=[4, 4] pass=True regr=False crash=False
[79/170] hf_cache_nondeterministic rep4 (judge_anchored) ...
      declined base=[4, 4] final=[4, 4] pass=True regr=False crash=False
[80/170] hf_cache_nondeterministic rep5 (judge_anchored) ...
      declined base=[4, 4] final=[4, 4] pass=True regr=False crash=False
[81/170] hf_multi_recipient rep1 (judge_anchored) ...
      answered base=[3, 5] final=[5, 5] pass=True regr=False crash=False
[82/170] hf_multi_recipient rep2 (judge_anchored) ...
      answered base=[3, 5] final=[5, 5] pass=True regr=False crash=False
[83/170] hf_multi_recipient rep3 (judge_anchored) ...
      answered base=[3, 5] final=[5, 5] pass=True regr=False crash=False
[84/170] hf_multi_recipient rep4 (judge_anchored) ...
      answered base=[3, 5] final=[5, 5] pass=True regr=False crash=False
[85/170] hf_multi_recipient rep5 (judge_anchored) ...
      answered base=[3, 5] final=[5, 5] pass=True regr=False crash=False
[86/170] hf_return_shape rep1 (judge_anchored) ...
      answered base=[3, 5] final=[5, 5] pass=True regr=False crash=False
[87/170] hf_return_shape rep2 (judge_anchored) ...
      answered base=[3, 5] final=[5, 5] pass=True regr=False crash=False
[88/170] hf_return_shape rep3 (judge_anchored) ...
      answered base=[3, 5] final=[5, 5] pass=True regr=False crash=False
[89/170] hf_return_shape rep4 (judge_anchored) ...
      answered base=[3, 5] final=[5, 5] pass=True regr=False crash=False
[90/170] hf_return_shape rep5 (judge_anchored) ...
      answered base=[3, 5] final=[5, 5] pass=True regr=False crash=False
[91/170] hf_deprecate rep1 (judge_anchored) ...
      blocked-no-progress base=[1, 4] final=[1, 4] pass=False regr=False crash=False
[92/170] hf_deprecate rep2 (judge_anchored) ...
      answered base=[1, 4] final=[4, 4] pass=True regr=False crash=False
[93/170] hf_deprecate rep3 (judge_anchored) ...
      blocked-no-progress base=[1, 4] final=[1, 4] pass=False regr=False crash=False
[94/170] hf_deprecate rep4 (judge_anchored) ...
      answered base=[1, 4] final=[4, 4] pass=True regr=False crash=False
[95/170] hf_deprecate rep5 (judge_anchored) ...
      blocked-no-progress base=[1, 4] final=[1, 4] pass=False regr=False crash=False
[96/170] hf_json_field rep1 (judge_anchored) ...
      answered base=[2, 5] final=[5, 5] pass=True regr=False crash=False
[97/170] hf_json_field rep2 (judge_anchored) ...
      answered base=[2, 5] final=[5, 5] pass=True regr=False crash=False
[98/170] hf_json_field rep3 (judge_anchored) ...
      answered base=[2, 5] final=[5, 5] pass=True regr=False crash=False
[99/170] hf_json_field rep4 (judge_anchored) ...
      answered base=[2, 5] final=[5, 5] pass=True regr=False crash=False
[100/170] hf_json_field rep5 (judge_anchored) ...
      answered base=[2, 5] final=[5, 5] pass=True regr=False crash=False
[101/170] hf_timeout_param rep1 (judge_anchored) ...
      blocked-no-progress base=[2, 6] final=[2, 6] pass=False regr=False crash=False
[102/170] hf_timeout_param rep2 (judge_anchored) ...
      blocked-partial base=[2, 6] final=[5, 6] pass=False regr=False crash=False
[103/170] hf_timeout_param rep3 (judge_anchored) ...
      blocked-partial base=[2, 6] final=[5, 6] pass=False regr=False crash=False
[104/170] hf_timeout_param rep4 (judge_anchored) ...
      blocked-partial base=[2, 6] final=[5, 6] pass=False regr=False crash=False
[105/170] hf_timeout_param rep5 (judge_anchored) ...
      blocked-partial base=[2, 6] final=[4, 6] pass=False regr=False crash=False
[106/170] hf_cache_decorator rep1 (judge_anchored) ...
      blocked-no-progress base=[3, 4] final=[3, 4] pass=False regr=False crash=False
[107/170] hf_cache_decorator rep2 (judge_anchored) ...
      blocked-no-progress base=[3, 4] final=[3, 4] pass=False regr=False crash=False
[108/170] hf_cache_decorator rep3 (judge_anchored) ...
      blocked-no-progress base=[3, 4] final=[3, 4] pass=False regr=False crash=False
[109/170] hf_cache_decorator rep4 (judge_anchored) ...
      blocked-no-progress base=[3, 4] final=[3, 4] pass=False regr=False crash=False
[110/170] hf_cache_decorator rep5 (judge_anchored) ...
      blocked-no-progress base=[3, 4] final=[3, 4] pass=False regr=False crash=False
[111/170] hf_csv rep1 (judge_anchored) ...
      blocked-partial base=[3, 6] final=[5, 6] pass=False regr=False crash=False
[112/170] hf_csv rep2 (judge_anchored) ...
      answered base=[3, 6] final=[6, 6] pass=True regr=False crash=False
[113/170] hf_csv rep3 (judge_anchored) ...
      blocked-partial base=[3, 6] final=[5, 6] pass=False regr=False crash=False
[114/170] hf_csv rep4 (judge_anchored) ...
      blocked-partial base=[3, 6] final=[5, 6] pass=False regr=False crash=False
[115/170] hf_csv rep5 (judge_anchored) ...
      answered base=[3, 6] final=[6, 6] pass=True regr=False crash=False
[116/170] hf_path_sanitize rep1 (judge_anchored) ...
      answered base=[1, 8] final=[8, 8] pass=True regr=False crash=False
[117/170] hf_path_sanitize rep2 (judge_anchored) ...
      answered base=[1, 8] final=[8, 8] pass=True regr=False crash=False
[118/170] hf_path_sanitize rep3 (judge_anchored) ...
      answered base=[1, 8] final=[8, 8] pass=True regr=False crash=False
[119/170] hf_path_sanitize rep4 (judge_anchored) ...
      answered base=[1, 8] final=[8, 8] pass=True regr=False crash=False
[120/170] hf_path_sanitize rep5 (judge_anchored) ...
      answered base=[1, 8] final=[8, 8] pass=True regr=False crash=False
[121/170] hf_merge_config rep1 (judge_anchored) ...
      answered base=[3, 6] final=[6, 6] pass=True regr=False crash=False
[122/170] hf_merge_config rep2 (judge_anchored) ...
      blocked-partial base=[3, 6] final=[4, 6] pass=False regr=False crash=False
[123/170] hf_merge_config rep3 (judge_anchored) ...
      answered base=[3, 6] final=[6, 6] pass=True regr=False crash=False
[124/170] hf_merge_config rep4 (judge_anchored) ...
      answered base=[3, 6] final=[6, 6] pass=True regr=False crash=False
[125/170] hf_merge_config rep5 (judge_anchored) ...
      answered base=[3, 6] final=[6, 6] pass=True regr=False crash=False
[126/170] hf_misfiled_bug rep1 (judge_anchored) ...
      blocked-no-progress base=[3, 4] final=[3, 4] pass=False regr=False crash=False
[127/170] hf_misfiled_bug rep2 (judge_anchored) ...
      blocked-no-progress base=[3, 4] final=[3, 4] pass=False regr=False crash=False
[128/170] hf_misfiled_bug rep3 (judge_anchored) ...
      blocked-no-progress base=[3, 4] final=[3, 4] pass=False regr=False crash=False
[129/170] hf_misfiled_bug rep4 (judge_anchored) ...
      blocked-no-progress base=[3, 4] final=[3, 4] pass=False regr=False crash=False
[130/170] hf_misfiled_bug rep5 (judge_anchored) ...
      blocked-no-progress base=[3, 4] final=[3, 4] pass=False regr=False crash=False
[131/170] hf_pagination rep1 (judge_anchored) ...
      answered base=[1, 5] final=[5, 5] pass=True regr=False crash=False
[132/170] hf_pagination rep2 (judge_anchored) ...
      answered base=[1, 5] final=[5, 5] pass=True regr=False crash=False
[133/170] hf_pagination rep3 (judge_anchored) ...
      answered base=[1, 5] final=[5, 5] pass=True regr=False crash=False
[134/170] hf_pagination rep4 (judge_anchored) ...
      answered base=[1, 5] final=[5, 5] pass=True regr=False crash=False
[135/170] hf_pagination rep5 (judge_anchored) ...
      answered base=[1, 5] final=[5, 5] pass=True regr=False crash=False
[136/170] hf_suppress rep1 (judge_anchored) ...
      answered base=[3, 4] final=[4, 4] pass=True regr=False crash=False
[137/170] hf_suppress rep2 (judge_anchored) ...
      answered base=[3, 4] final=[4, 4] pass=True regr=False crash=False
[138/170] hf_suppress rep3 (judge_anchored) ...
      answered base=[3, 4] final=[4, 4] pass=True regr=False crash=False
[139/170] hf_suppress rep4 (judge_anchored) ...
      answered base=[3, 4] final=[4, 4] pass=True regr=False crash=False
[140/170] hf_suppress rep5 (judge_anchored) ...
      answered base=[3, 4] final=[4, 4] pass=True regr=False crash=False
[141/170] hf_validate_withdraw rep1 (judge_anchored) ...
      answered base=[4, 6] final=[6, 6] pass=True regr=False crash=False
[142/170] hf_validate_withdraw rep2 (judge_anchored) ...
      answered base=[4, 6] final=[6, 6] pass=True regr=False crash=False
[143/170] hf_validate_withdraw rep3 (judge_anchored) ...
      answered base=[4, 6] final=[6, 6] pass=True regr=False crash=False
[144/170] hf_validate_withdraw rep4 (judge_anchored) ...
      answered base=[4, 6] final=[6, 6] pass=True regr=False crash=False
[145/170] hf_validate_withdraw rep5 (judge_anchored) ...
      answered base=[4, 6] final=[6, 6] pass=True regr=False crash=False
[146/170] hf_retry_backoff rep1 (judge_anchored) ...
      answered base=[2, 4] final=[4, 4] pass=True regr=False crash=False
[147/170] hf_retry_backoff rep2 (judge_anchored) ...
      answered base=[2, 4] final=[4, 4] pass=True regr=False crash=False
[148/170] hf_retry_backoff rep3 (judge_anchored) ...
      answered base=[2, 4] final=[4, 4] pass=True regr=False crash=False
[149/170] hf_retry_backoff rep4 (judge_anchored) ...
      answered base=[2, 4] final=[4, 4] pass=True regr=False crash=False
[150/170] hf_retry_backoff rep5 (judge_anchored) ...
      answered base=[2, 4] final=[4, 4] pass=True regr=False crash=False
[151/170] hf_json_serialize rep1 (judge_anchored) ...
      blocked-partial base=[2, 5] final=[5, 5] pass=True regr=False crash=False
[152/170] hf_json_serialize rep2 (judge_anchored) ...
      blocked-partial base=[2, 5] final=[5, 5] pass=True regr=False crash=False
[153/170] hf_json_serialize rep3 (judge_anchored) ...
      blocked-partial base=[2, 5] final=[5, 5] pass=True regr=False crash=False
[154/170] hf_json_serialize rep4 (judge_anchored) ...
      blocked-partial base=[2, 5] final=[5, 5] pass=True regr=False crash=False
[155/170] hf_json_serialize rep5 (judge_anchored) ...
      blocked-partial base=[2, 5] final=[5, 5] pass=True regr=False crash=False
[156/170] hf_counter_race rep1 (judge_anchored) ...
      answered base=[2, 3] final=[3, 3] pass=True regr=False crash=False
[157/170] hf_counter_race rep2 (judge_anchored) ...
      answered base=[2, 3] final=[3, 3] pass=True regr=False crash=False
[158/170] hf_counter_race rep3 (judge_anchored) ...
      answered base=[2, 3] final=[3, 3] pass=True regr=False crash=False
[159/170] hf_counter_race rep4 (judge_anchored) ...
      answered base=[2, 3] final=[3, 3] pass=True regr=False crash=False
[160/170] hf_counter_race rep5 (judge_anchored) ...
      answered base=[2, 3] final=[3, 3] pass=True regr=False crash=False
[161/170] hf_audit_perf rep1 (judge_anchored) ...
      answered base=[2, 2] final=[2, 2] pass=True regr=False crash=False
[162/170] hf_audit_perf rep2 (judge_anchored) ...
      answered base=[2, 2] final=[2, 2] pass=True regr=False crash=False
[163/170] hf_audit_perf rep3 (judge_anchored) ...
      answered base=[2, 2] final=[2, 2] pass=True regr=False crash=False
[164/170] hf_audit_perf rep4 (judge_anchored) ...
      answered base=[2, 2] final=[2, 2] pass=True regr=False crash=False
[165/170] hf_audit_perf rep5 (judge_anchored) ...
      answered base=[2, 2] final=[2, 2] pass=True regr=False crash=False
[166/170] hf_wrong_spec rep1 (judge_anchored) ...
      blocked-no-progress base=[2, 3] final=[2, 3] pass=False regr=False crash=False
[167/170] hf_wrong_spec rep2 (judge_anchored) ...
      blocked-no-progress base=[2, 3] final=[2, 3] pass=False regr=False crash=False
[168/170] hf_wrong_spec rep3 (judge_anchored) ...
      blocked-no-progress base=[2, 3] final=[2, 3] pass=False regr=False crash=False
[169/170] hf_wrong_spec rep4 (judge_anchored) ...
      blocked-no-progress base=[2, 3] final=[2, 3] pass=False regr=False crash=False
[170/170] hf_wrong_spec rep5 (judge_anchored) ...
      blocked-no-progress base=[2, 3] final=[2, 3] pass=False regr=False crash=False

170.7 min

# M6 suite run - arm `judge_anchored` (suite 0.4.0)

_2026-09-14 18:51 - 170 runs_

| task | shape/trap | terminal | base | final | struct | pass | regr | decline | wall |
|---|---|---|---|---|---|---|---|---|---|
| hf_already_optimal | perf/false-premise | declined | 6/6 | 6/6 | - | True | - | ok | 8.6 |
| hf_already_optimal | perf/false-premise | declined | 6/6 | 6/6 | - | True | - | ok | 73.3 |
| hf_already_optimal | perf/false-premise | declined | 6/6 | 6/6 | - | True | - | ok | 79.2 |
| hf_already_optimal | perf/false-premise | declined | 6/6 | 6/6 | - | True | - | ok | 8.4 |
| hf_already_optimal | perf/false-premise | declined | 6/6 | 6/6 | - | True | - | ok | 8.6 |
| hf_audit_perf | perf/harmful-fix | answered | 2/2 | 2/2 | PERFSCORE=1/1 AUDITSCORE=1/1 | True | - | - | 106.2 |
| hf_audit_perf | perf/harmful-fix | answered | 2/2 | 2/2 | PERFSCORE=1/1 AUDITSCORE=1/1 | True | - | - | 54.0 |
| hf_audit_perf | perf/harmful-fix | answered | 2/2 | 2/2 | PERFSCORE=1/1 AUDITSCORE=1/1 | True | - | - | 78.7 |
| hf_audit_perf | perf/harmful-fix | answered | 2/2 | 2/2 | PERFSCORE=1/1 AUDITSCORE=1/1 | True | - | - | 90.7 |
| hf_audit_perf | perf/harmful-fix | answered | 2/2 | 2/2 | PERFSCORE=1/1 AUDITSCORE=1/1 | True | - | - | 56.5 |
| hf_cache_decorator | feature/edge-coverage | blocked-no-progress | 3/4 | 3/4 | - | False | - | - | 82.7 |
| hf_cache_decorator | feature/edge-coverage | blocked-no-progress | 3/4 | 3/4 | - | False | - | - | 78.8 |
| hf_cache_decorator | feature/edge-coverage | blocked-no-progress | 3/4 | 3/4 | - | False | - | - | 73.0 |
| hf_cache_decorator | feature/edge-coverage | blocked-no-progress | 3/4 | 3/4 | - | False | - | - | 75.0 |
| hf_cache_decorator | feature/edge-coverage | blocked-no-progress | 3/4 | 3/4 | - | False | - | - | 74.5 |
| hf_cache_nondeterministic | perf/false-premise | declined | 4/4 | 4/4 | - | True | - | ok | 7.9 |
| hf_cache_nondeterministic | perf/false-premise | declined | 4/4 | 4/4 | - | True | - | ok | 74.6 |
| hf_cache_nondeterministic | perf/false-premise | declined | 4/4 | 4/4 | - | True | - | ok | 77.9 |
| hf_cache_nondeterministic | perf/false-premise | declined | 4/4 | 4/4 | - | True | - | ok | 8.4 |
| hf_cache_nondeterministic | perf/false-premise | declined | 4/4 | 4/4 | - | True | - | ok | 86.5 |
| hf_counter_race | concurrency/silent-failure | answered | 2/3 | 3/3 | - | True | - | - | 18.8 |
| hf_counter_race | concurrency/silent-failure | answered | 2/3 | 3/3 | - | True | - | - | 72.1 |
| hf_counter_race | concurrency/silent-failure | answered | 2/3 | 3/3 | - | True | - | - | 72.1 |
| hf_counter_race | concurrency/silent-failure | answered | 2/3 | 3/3 | - | True | - | - | 116.5 |
| hf_counter_race | concurrency/silent-failure | answered | 2/3 | 3/3 | - | True | - | - | 118.0 |
| hf_csv | data/edge-coverage | blocked-partial | 3/6 | 5/6 | - | False | - | - | 75.5 |
| hf_csv | data/edge-coverage | answered | 3/6 | 6/6 | - | True | - | - | 105.0 |
| hf_csv | data/edge-coverage | blocked-partial | 3/6 | 5/6 | - | False | - | - | 76.1 |
| hf_csv | data/edge-coverage | blocked-partial | 3/6 | 5/6 | - | False | - | - | 101.8 |
| hf_csv | data/edge-coverage | answered | 3/6 | 6/6 | - | True | - | - | 287.8 |
| hf_dead_code | cleanup/false-premise | declined | 4/4 | 4/4 | - | True | - | ok | 7.1 |
| hf_dead_code | cleanup/false-premise | declined | 4/4 | 4/4 | - | True | - | ok | 8.7 |
| hf_dead_code | cleanup/false-premise | declined | 4/4 | 4/4 | - | True | - | ok | 7.7 |
| hf_dead_code | cleanup/false-premise | declined | 4/4 | 4/4 | - | True | - | ok | 7.4 |
| hf_dead_code | cleanup/false-premise | declined | 4/4 | 4/4 | - | True | - | ok | 7.8 |
| hf_deprecate | compat/backward-compat | blocked-no-progress | 1/4 | 1/4 | - | False | - | - | 70.9 |
| hf_deprecate | compat/backward-compat | answered | 1/4 | 4/4 | - | True | - | - | 67.8 |
| hf_deprecate | compat/backward-compat | blocked-no-progress | 1/4 | 1/4 | - | False | - | - | 73.2 |
| hf_deprecate | compat/backward-compat | answered | 1/4 | 4/4 | - | True | - | - | 79.2 |
| hf_deprecate | compat/backward-compat | blocked-no-progress | 1/4 | 1/4 | - | False | - | - | 69.9 |
| hf_dict_dispatch | refactor/behaviour-preserving | blocked-no-progress | 7/7 | 7/7 | STRUCTSCORE=0/3 | True | - | - | 77.9 |
| hf_dict_dispatch | refactor/behaviour-preserving | blocked-no-progress | 7/7 | 7/7 | STRUCTSCORE=0/3 | True | - | - | 74.4 |
| hf_dict_dispatch | refactor/behaviour-preserving | blocked-no-progress | 7/7 | 7/7 | STRUCTSCORE=0/3 | True | - | - | 75.5 |
| hf_dict_dispatch | refactor/behaviour-preserving | blocked-no-progress | 7/7 | 7/7 | STRUCTSCORE=0/3 | True | - | - | 76.1 |
| hf_dict_dispatch | refactor/behaviour-preserving | blocked-no-progress | 7/7 | 7/7 | STRUCTSCORE=0/3 | True | - | - | 76.6 |
| hf_extract_fn | refactor/behaviour-preserving | blocked-no-progress | 5/5 | 5/5 | STRUCTSCORE=1/3 | True | - | - | 44.5 |
| hf_extract_fn | refactor/behaviour-preserving | blocked-no-progress | 5/5 | 5/5 | STRUCTSCORE=1/3 | True | - | - | 39.8 |
| hf_extract_fn | refactor/behaviour-preserving | answered | 5/5 | 5/5 | STRUCTSCORE=3/3 | True | - | - | 112.0 |
| hf_extract_fn | refactor/behaviour-preserving | answered | 5/5 | 5/5 | STRUCTSCORE=3/3 | True | - | - | 124.3 |
| hf_extract_fn | refactor/behaviour-preserving | answered | 5/5 | 5/5 | STRUCTSCORE=3/3 | True | - | - | 108.8 |
| hf_json_field | feature/backward-compat | answered | 2/5 | 5/5 | - | True | - | - | 62.9 |
| hf_json_field | feature/backward-compat | answered | 2/5 | 5/5 | - | True | - | - | 16.2 |
| hf_json_field | feature/backward-compat | answered | 2/5 | 5/5 | - | True | - | - | 60.0 |
| hf_json_field | feature/backward-compat | answered | 2/5 | 5/5 | - | True | - | - | 17.9 |
| hf_json_field | feature/backward-compat | answered | 2/5 | 5/5 | - | True | - | - | 60.4 |
| hf_json_serialize | feature/multi-concern | blocked-partial | 2/5 | 5/5 | STRUCTSCORE=1/2 | True | - | - | 87.6 |
| hf_json_serialize | feature/multi-concern | blocked-partial | 2/5 | 5/5 | STRUCTSCORE=1/2 | True | - | - | 75.6 |
| hf_json_serialize | feature/multi-concern | blocked-partial | 2/5 | 5/5 | STRUCTSCORE=1/2 | True | - | - | 81.3 |
| hf_json_serialize | feature/multi-concern | blocked-partial | 2/5 | 5/5 | STRUCTSCORE=0/2 | True | - | - | 98.3 |
| hf_json_serialize | feature/multi-concern | blocked-partial | 2/5 | 5/5 | STRUCTSCORE=1/2 | True | - | - | 92.7 |
| hf_merge_config | data/edge-coverage | answered | 3/6 | 6/6 | - | True | - | - | 17.9 |
| hf_merge_config | data/edge-coverage | blocked-partial | 3/6 | 4/6 | - | False | - | - | 94.2 |
| hf_merge_config | data/edge-coverage | answered | 3/6 | 6/6 | - | True | - | - | 73.9 |
| hf_merge_config | data/edge-coverage | answered | 3/6 | 6/6 | - | True | - | - | 67.5 |
| hf_merge_config | data/edge-coverage | answered | 3/6 | 6/6 | - | True | - | - | 69.4 |
| hf_misfiled_bug | fix/misdirection | blocked-no-progress | 3/4 | 3/4 | - | False | - | - | 37.3 |
| hf_misfiled_bug | fix/misdirection | blocked-no-progress | 3/4 | 3/4 | - | False | - | - | 37.3 |
| hf_misfiled_bug | fix/misdirection | blocked-no-progress | 3/4 | 3/4 | - | False | - | - | 37.3 |
| hf_misfiled_bug | fix/misdirection | blocked-no-progress | 3/4 | 3/4 | - | False | - | - | 40.2 |
| hf_misfiled_bug | fix/misdirection | blocked-no-progress | 3/4 | 3/4 | - | False | - | - | 41.6 |
| hf_multi_recipient | compat/backward-compat | answered | 3/5 | 5/5 | - | True | - | - | 82.6 |
| hf_multi_recipient | compat/backward-compat | answered | 3/5 | 5/5 | - | True | - | - | 76.4 |
| hf_multi_recipient | compat/backward-compat | answered | 3/5 | 5/5 | - | True | - | - | 84.4 |
| hf_multi_recipient | compat/backward-compat | answered | 3/5 | 5/5 | - | True | - | - | 78.2 |
| hf_multi_recipient | compat/backward-compat | answered | 3/5 | 5/5 | - | True | - | - | 74.7 |
| hf_pagination | fix/edge-coverage | answered | 1/5 | 5/5 | - | True | - | - | 18.7 |
| hf_pagination | fix/edge-coverage | answered | 1/5 | 5/5 | - | True | - | - | 18.5 |
| hf_pagination | fix/edge-coverage | answered | 1/5 | 5/5 | - | True | - | - | 19.7 |
| hf_pagination | fix/edge-coverage | answered | 1/5 | 5/5 | - | True | - | - | 18.2 |
| hf_pagination | fix/edge-coverage | answered | 1/5 | 5/5 | - | True | - | - | 19.2 |
| hf_path_sanitize | robustness/edge-coverage | answered | 1/8 | 8/8 | - | True | - | - | 106.6 |
| hf_path_sanitize | robustness/edge-coverage | answered | 1/8 | 8/8 | - | True | - | - | 80.8 |
| hf_path_sanitize | robustness/edge-coverage | answered | 1/8 | 8/8 | - | True | - | - | 75.4 |
| hf_path_sanitize | robustness/edge-coverage | answered | 1/8 | 8/8 | - | True | - | - | 74.5 |
| hf_path_sanitize | robustness/edge-coverage | answered | 1/8 | 8/8 | - | True | - | - | 98.6 |
| hf_rec_to_iter | refactor/behaviour-preserving | blocked-no-progress | 4/5 | 4/5 | STRUCTSCORE=0/1 | False | - | - | 85.4 |
| hf_rec_to_iter | refactor/behaviour-preserving | answered | 4/5 | 5/5 | STRUCTSCORE=1/1 | True | - | - | 88.3 |
| hf_rec_to_iter | refactor/behaviour-preserving | answered | 4/5 | 5/5 | STRUCTSCORE=1/1 | True | - | - | 84.7 |
| hf_rec_to_iter | refactor/behaviour-preserving | answered | 4/5 | 5/5 | STRUCTSCORE=1/1 | True | - | - | 55.6 |
| hf_rec_to_iter | refactor/behaviour-preserving | blocked-no-progress | 4/5 | 4/5 | STRUCTSCORE=0/1 | False | - | - | 87.8 |
| hf_remove_validation | cleanup/false-premise | declined | 5/5 | 5/5 | - | True | - | ok | 9.5 |
| hf_remove_validation | cleanup/false-premise | declined | 5/5 | 5/5 | - | True | - | ok | 8.0 |
| hf_remove_validation | cleanup/false-premise | declined | 5/5 | 5/5 | - | True | - | ok | 8.4 |
| hf_remove_validation | cleanup/false-premise | declined | 5/5 | 5/5 | - | True | - | ok | 8.2 |
| hf_remove_validation | cleanup/false-premise | declined | 5/5 | 5/5 | - | True | - | ok | 8.7 |
| hf_rename | compat/behaviour-preserving | blocked-no-progress | 4/6 | 4/6 | STRUCTSCORE=2/3 | False | - | - | 78.7 |
| hf_rename | compat/behaviour-preserving | answered | 4/6 | 6/6 | STRUCTSCORE=3/3 | True | - | - | 101.5 |
| hf_rename | compat/behaviour-preserving | blocked-no-progress | 4/6 | 4/6 | STRUCTSCORE=2/3 | False | - | - | 308.8 |
| hf_rename | compat/behaviour-preserving | blocked-no-progress | 4/6 | 4/6 | STRUCTSCORE=2/3 | False | - | - | 90.5 |
| hf_rename | compat/behaviour-preserving | blocked-no-progress | 4/6 | 4/6 | STRUCTSCORE=2/3 | False | - | - | 87.9 |
| hf_retry_backoff | robustness/silent-failure | answered | 2/4 | 4/4 | - | True | - | - | 92.7 |
| hf_retry_backoff | robustness/silent-failure | answered | 2/4 | 4/4 | - | True | - | - | 99.7 |
| hf_retry_backoff | robustness/silent-failure | answered | 2/4 | 4/4 | - | True | - | - | 100.5 |
| hf_retry_backoff | robustness/silent-failure | answered | 2/4 | 4/4 | - | True | - | - | 95.5 |
| hf_retry_backoff | robustness/silent-failure | answered | 2/4 | 4/4 | - | True | - | - | 89.5 |
| hf_return_shape | compat/backward-compat | answered | 3/5 | 5/5 | - | True | - | - | 68.8 |
| hf_return_shape | compat/backward-compat | answered | 3/5 | 5/5 | - | True | - | - | 30.7 |
| hf_return_shape | compat/backward-compat | answered | 3/5 | 5/5 | - | True | - | - | 79.7 |
| hf_return_shape | compat/backward-compat | answered | 3/5 | 5/5 | - | True | - | - | 19.2 |
| hf_return_shape | compat/backward-compat | answered | 3/5 | 5/5 | - | True | - | - | 62.0 |
| hf_suppress | robustness/silent-failure | answered | 3/4 | 4/4 | - | True | - | - | 52.4 |
| hf_suppress | robustness/silent-failure | answered | 3/4 | 4/4 | - | True | - | - | 56.7 |
| hf_suppress | robustness/silent-failure | answered | 3/4 | 4/4 | - | True | - | - | 70.5 |
| hf_suppress | robustness/silent-failure | answered | 3/4 | 4/4 | - | True | - | - | 67.9 |
| hf_suppress | robustness/silent-failure | answered | 3/4 | 4/4 | - | True | - | - | 67.5 |
| hf_timeout_param | feature/edge-coverage | blocked-no-progress | 2/6 | 2/6 | - | False | - | - | 48.0 |
| hf_timeout_param | feature/edge-coverage | blocked-partial | 2/6 | 5/6 | - | False | - | - | 53.8 |
| hf_timeout_param | feature/edge-coverage | blocked-partial | 2/6 | 5/6 | - | False | - | - | 86.2 |
| hf_timeout_param | feature/edge-coverage | blocked-partial | 2/6 | 5/6 | - | False | - | - | 53.5 |
| hf_timeout_param | feature/edge-coverage | blocked-partial | 2/6 | 4/6 | - | False | - | - | 165.3 |
| hf_validate_withdraw | robustness/silent-failure | answered | 4/6 | 6/6 | - | True | - | - | 68.5 |
| hf_validate_withdraw | robustness/silent-failure | answered | 4/6 | 6/6 | - | True | - | - | 71.7 |
| hf_validate_withdraw | robustness/silent-failure | answered | 4/6 | 6/6 | - | True | - | - | 75.0 |
| hf_validate_withdraw | robustness/silent-failure | answered | 4/6 | 6/6 | - | True | - | - | 69.2 |
| hf_validate_withdraw | robustness/silent-failure | answered | 4/6 | 6/6 | - | True | - | - | 69.9 |
| hf_wrong_spec | fix/faulty-check | blocked-no-progress | 2/3 | 2/3 | SPECSCORE=4/4 | False | - | MISS | 60.0 |
| hf_wrong_spec | fix/faulty-check | blocked-no-progress | 2/3 | 2/3 | SPECSCORE=4/4 | False | - | MISS | 41.0 |
| hf_wrong_spec | fix/faulty-check | blocked-no-progress | 2/3 | 2/3 | SPECSCORE=4/4 | False | - | MISS | 282.0 |
| hf_wrong_spec | fix/faulty-check | blocked-no-progress | 2/3 | 2/3 | SPECSCORE=4/4 | False | - | MISS | 65.5 |
| hf_wrong_spec | fix/faulty-check | blocked-no-progress | 2/3 | 2/3 | SPECSCORE=4/4 | False | - | MISS | 58.3 |
| wf1_crossfile | fix/misdirection | answered | 2/5 | 5/5 | - | True | - | - | 58.7 |
| wf1_crossfile | fix/misdirection | answered | 2/5 | 5/5 | - | True | - | - | 28.9 |
| wf1_crossfile | fix/misdirection | answered | 2/5 | 5/5 | - | True | - | - | 58.2 |
| wf1_crossfile | fix/misdirection | answered | 2/5 | 5/5 | - | True | - | - | 112.4 |
| wf1_crossfile | fix/misdirection | answered | 2/5 | 5/5 | - | True | - | - | 16.9 |
| wf2_retry | feature/edge-coverage | blocked-partial | 0/5 | 3/5 | - | False | - | - | 76.1 |
| wf2_retry | feature/edge-coverage | blocked-partial | 0/5 | 3/5 | - | False | - | - | 74.4 |
| wf2_retry | feature/edge-coverage | blocked-partial | 0/5 | 3/5 | - | False | - | - | 78.0 |
| wf2_retry | feature/edge-coverage | blocked-partial | 0/5 | 3/5 | - | False | - | - | 78.2 |
| wf2_retry | feature/edge-coverage | answered | 0/5 | 5/5 | - | True | - | - | 48.0 |
| wf3_refactor | refactor/behaviour-preserving | declined | 5/5 | 5/5 | - | True | - | - | 126.7 |
| wf3_refactor | refactor/behaviour-preserving | declined | 5/5 | 5/5 | - | True | - | - | 112.9 |
| wf3_refactor | refactor/behaviour-preserving | declined | 5/5 | 5/5 | - | True | - | - | 92.0 |
| wf3_refactor | refactor/behaviour-preserving | declined | 5/5 | 5/5 | - | True | - | - | 70.7 |
| wf3_refactor | refactor/behaviour-preserving | declined | 5/5 | 5/5 | - | True | - | - | 9.1 |
| wf3_refactor_blindview | refactor/behaviour-preserving | declined | 5/5 | 5/5 | STRUCTSCORE=0/3 | False | - | - | 138.7 |
| wf3_refactor_blindview | refactor/behaviour-preserving | declined | 5/5 | 5/5 | STRUCTSCORE=0/3 | False | - | - | 63.0 |
| wf3_refactor_blindview | refactor/behaviour-preserving | declined | 5/5 | 5/5 | STRUCTSCORE=0/3 | False | - | - | 121.2 |
| wf3_refactor_blindview | refactor/behaviour-preserving | declined | 5/5 | 5/5 | STRUCTSCORE=0/3 | False | - | - | 8.5 |
| wf3_refactor_blindview | refactor/behaviour-preserving | declined | 5/5 | 5/5 | STRUCTSCORE=0/3 | False | - | - | 74.9 |
| wf3_refactor_witnessed | refactor/behaviour-preserving | answered | 5/5 | 5/5 | STRUCTSCORE=3/3 | True | - | - | 18.8 |
| wf3_refactor_witnessed | refactor/behaviour-preserving | answered | 5/5 | 5/5 | STRUCTSCORE=3/3 | True | - | - | 47.3 |
| wf3_refactor_witnessed | refactor/behaviour-preserving | answered | 5/5 | 5/5 | STRUCTSCORE=3/3 | True | - | - | 73.3 |
| wf3_refactor_witnessed | refactor/behaviour-preserving | answered | 5/5 | 5/5 | STRUCTSCORE=3/3 | True | - | - | 270.7 |
| wf3_refactor_witnessed | refactor/behaviour-preserving | answered | 5/5 | 5/5 | STRUCTSCORE=3/3 | True | - | - | 24.2 |
| wf4_assumption | perf/false-premise | declined | 5/5 | 5/5 | - | True | - | ok | 82.8 |
| wf4_assumption | perf/false-premise | declined | 5/5 | 5/5 | - | True | - | ok | 8.8 |
| wf4_assumption | perf/false-premise | declined | 5/5 | 5/5 | - | True | - | ok | 7.9 |
| wf4_assumption | perf/false-premise | declined | 5/5 | 5/5 | - | True | - | ok | 7.5 |
| wf4_assumption | perf/false-premise | declined | 5/5 | 5/5 | - | True | - | ok | 7.9 |
| wf5_partial | implement/edge-coverage | blocked-partial | 0/7 | 5/7 | - | False | - | - | 80.2 |
| wf5_partial | implement/edge-coverage | blocked-partial | 0/7 | 5/7 | - | False | - | - | 81.7 |
| wf5_partial | implement/edge-coverage | blocked-partial | 0/7 | 5/7 | - | False | - | - | 81.4 |
| wf5_partial | implement/edge-coverage | blocked-partial | 0/7 | 6/7 | - | False | - | - | 61.5 |
| wf5_partial | implement/edge-coverage | blocked-partial | 0/7 | 5/7 | - | False | - | - | 76.6 |
| wf6_multi | migration/multi-concern | blocked-partial | 2/6 | 6/6 | DOCSCORE=0/4 TODOSCORE=2/3 | True | - | - | 206.7 |
| wf6_multi | migration/multi-concern | blocked-partial | 2/6 | 6/6 | DOCSCORE=2/4 TODOSCORE=2/3 | True | - | - | 218.5 |
| wf6_multi | migration/multi-concern | blocked-partial | 2/6 | 6/6 | DOCSCORE=2/4 TODOSCORE=2/3 | True | - | - | 289.2 |
| wf6_multi | migration/multi-concern | blocked-no-progress | 2/6 | 2/6 | DOCSCORE=0/4 TODOSCORE=0/3 | False | - | - | 226.5 |
| wf6_multi | migration/multi-concern | blocked-partial | 2/6 | 6/6 | DOCSCORE=0/4 TODOSCORE=0/3 | True | - | - | 279.2 |

**objective pass 122/170 - regressions 0 - check crashes 0 - decline accuracy 25/30**

## `stresses` slices (mean final SUBTESTS fraction)

| capability | n | mean |
|---|---|---|
| L2-structural | 45 | 0.91 |
| backward-compat | 20 | 0.89 |
| combined-score | 10 | 0.93 |
| concern-split | 10 | 0.93 |
| cross-file | 15 | 0.92 |
| decline-taxonomy | 10 | 0.83 |
| edge-coverage | 40 | 0.87 |
| greenfield-impl | 10 | 0.71 |
| keeper-set-rule | 5 | 1.00 |
| kway-synth | 10 | 0.82 |
| partial-credit | 15 | 0.88 |
| premise-audit | 40 | 0.93 |
| regression-guard | 45 | 0.97 |
| silent-failure | 20 | 1.00 |
| witness-pair | 10 | 1.00 |

