[1/34] wf1_crossfile rep1 (dloop) ...
      resolved base=[2, 5] final=[5, 5] pass=True regr=False crash=False
[2/34] wf2_retry rep1 (dloop) ...
      needs-change base=[0, 5] final=[1, 5] pass=False regr=False crash=False
[3/34] wf3_refactor rep1 (dloop) ...
      declined base=[5, 5] final=[5, 5] pass=True regr=False crash=False
[4/34] wf3_refactor_witnessed rep1 (dloop) ...
      resolved base=[5, 5] final=[5, 5] pass=True regr=False crash=False
[5/34] wf3_refactor_blindview rep1 (dloop) ...
      declined base=[5, 5] final=[5, 5] pass=False regr=False crash=False
[6/34] wf4_assumption rep1 (dloop) ...
      declined base=[5, 5] final=[5, 5] pass=True regr=False crash=False
[7/34] wf5_partial rep1 (dloop) ...
      escalate base=[0, 7] final=[0, 7] pass=False regr=False crash=False
[8/34] wf6_multi rep1 (dloop) ...
      needs-change base=[2, 6] final=[6, 6] pass=True regr=False crash=False
[9/34] hf_extract_fn rep1 (dloop) ...
      escalate base=[5, 5] final=[5, 5] pass=True regr=False crash=False
[10/34] hf_dict_dispatch rep1 (dloop) ...
      escalate base=[7, 7] final=[7, 7] pass=True regr=False crash=False
[11/34] hf_rename rep1 (dloop) ...
      resolved base=[4, 6] final=[6, 6] pass=True regr=False crash=False
[12/34] hf_rec_to_iter rep1 (dloop) ...
      resolved base=[4, 5] final=[5, 5] pass=True regr=False crash=False
[13/34] hf_already_optimal rep1 (dloop) ...
      declined base=[6, 6] final=[6, 6] pass=True regr=False crash=False
[14/34] hf_dead_code rep1 (dloop) ...
      declined base=[4, 4] final=[4, 4] pass=True regr=False crash=False
[15/34] hf_remove_validation rep1 (dloop) ...
      declined base=[5, 5] final=[5, 5] pass=True regr=False crash=False
[16/34] hf_cache_nondeterministic rep1 (dloop) ...
      declined base=[4, 4] final=[4, 4] pass=True regr=False crash=False
[17/34] hf_multi_recipient rep1 (dloop) ...
      resolved base=[3, 5] final=[5, 5] pass=True regr=False crash=False
[18/34] hf_return_shape rep1 (dloop) ...
      resolved base=[3, 5] final=[5, 5] pass=True regr=False crash=False
[19/34] hf_deprecate rep1 (dloop) ...
      escalate base=[1, 4] final=[1, 4] pass=False regr=False crash=False
[20/34] hf_json_field rep1 (dloop) ...
      resolved base=[2, 5] final=[5, 5] pass=True regr=False crash=False
[21/34] hf_timeout_param rep1 (dloop) ...
      resolved base=[2, 6] final=[6, 6] pass=True regr=False crash=False
[22/34] hf_cache_decorator rep1 (dloop) ...
      escalate base=[3, 4] final=[3, 4] pass=False regr=False crash=False
[23/34] hf_csv rep1 (dloop) ...
      needs-change base=[3, 6] final=[5, 6] pass=False regr=False crash=False
[24/34] hf_path_sanitize rep1 (dloop) ...
      escalate base=[1, 8] final=[1, 8] pass=False regr=False crash=False
[25/34] hf_merge_config rep1 (dloop) ...
      escalate base=[3, 6] final=[3, 6] pass=False regr=False crash=False
[26/34] hf_misfiled_bug rep1 (dloop) ...
      resolved base=[3, 4] final=[4, 4] pass=True regr=False crash=False
[27/34] hf_pagination rep1 (dloop) ...
      resolved base=[1, 5] final=[5, 5] pass=True regr=False crash=False
[28/34] hf_suppress rep1 (dloop) ...
      resolved base=[3, 4] final=[4, 4] pass=True regr=False crash=False
[29/34] hf_validate_withdraw rep1 (dloop) ...
      resolved base=[4, 6] final=[6, 6] pass=True regr=False crash=False
[30/34] hf_retry_backoff rep1 (dloop) ...
      escalate base=[2, 4] final=[2, 4] pass=False regr=False crash=False
[31/34] hf_json_serialize rep1 (dloop) ...
      escalate base=[2, 5] final=[2, 5] pass=False regr=False crash=False
[32/34] hf_counter_race rep1 (dloop) ...
      resolved base=[2, 3] final=[3, 3] pass=True regr=False crash=False
[33/34] hf_audit_perf rep1 (dloop) ...
      resolved base=[2, 2] final=[2, 2] pass=True regr=False crash=False
[34/34] hf_wrong_spec rep1 (dloop) ...
      escalate base=[2, 3] final=[2, 3] pass=False regr=False crash=False

39.9 min

# M6 suite run - arm `dloop` (suite 0.4.0)

_2026-09-18 11:44 - 34 runs_

| task | shape/trap | terminal | base | final | struct | pass | regr | decline | wall |
|---|---|---|---|---|---|---|---|---|---|
| hf_already_optimal | perf/false-premise | declined | 6/6 | 6/6 | - | True | - | ok | 0.2 |
| hf_audit_perf | perf/harmful-fix | resolved | 2/2 | 2/2 | PERFSCORE=1/1 AUDITSCORE=1/1 | True | - | - | 21.0 |
| hf_cache_decorator | feature/edge-coverage | escalate | 3/4 | 3/4 | - | False | - | - | 141.9 |
| hf_cache_nondeterministic | perf/false-premise | declined | 4/4 | 4/4 | - | True | - | ok | 0.2 |
| hf_counter_race | concurrency/silent-failure | resolved | 2/3 | 3/3 | - | True | - | - | 48.7 |
| hf_csv | data/edge-coverage | needs-change | 3/6 | 5/6 | - | False | - | - | 178.4 |
| hf_dead_code | cleanup/false-premise | declined | 4/4 | 4/4 | - | True | - | ok | 0.2 |
| hf_deprecate | compat/backward-compat | escalate | 1/4 | 1/4 | - | False | - | - | 41.2 |
| hf_dict_dispatch | refactor/behaviour-preserving | escalate | 7/7 | 7/7 | STRUCTSCORE=0/3 | True | - | - | 140.6 |
| hf_extract_fn | refactor/behaviour-preserving | escalate | 5/5 | 5/5 | STRUCTSCORE=1/3 | True | - | - | 142.3 |
| hf_json_field | feature/backward-compat | resolved | 2/5 | 5/5 | - | True | - | - | 20.6 |
| hf_json_serialize | feature/multi-concern | escalate | 2/5 | 2/5 | STRUCTSCORE=0/2 | False | - | - | 139.7 |
| hf_merge_config | data/edge-coverage | escalate | 3/6 | 3/6 | - | False | - | - | 388.0 |
| hf_misfiled_bug | fix/misdirection | resolved | 3/4 | 4/4 | - | True | - | - | 30.3 |
| hf_multi_recipient | compat/backward-compat | resolved | 3/5 | 5/5 | - | True | - | - | 29.4 |
| hf_pagination | fix/edge-coverage | resolved | 1/5 | 5/5 | - | True | - | - | 18.2 |
| hf_path_sanitize | robustness/edge-coverage | escalate | 1/8 | 1/8 | - | False | - | - | 139.9 |
| hf_rec_to_iter | refactor/behaviour-preserving | resolved | 4/5 | 5/5 | STRUCTSCORE=1/1 | True | - | - | 67.7 |
| hf_remove_validation | cleanup/false-premise | declined | 5/5 | 5/5 | - | True | - | ok | 0.2 |
| hf_rename | compat/behaviour-preserving | resolved | 4/6 | 6/6 | STRUCTSCORE=3/3 | True | - | - | 27.2 |
| hf_retry_backoff | robustness/silent-failure | escalate | 2/4 | 2/4 | - | False | - | - | 105.1 |
| hf_return_shape | compat/backward-compat | resolved | 3/5 | 5/5 | - | True | - | - | 19.3 |
| hf_suppress | robustness/silent-failure | resolved | 3/4 | 4/4 | - | True | - | - | 20.5 |
| hf_timeout_param | feature/edge-coverage | resolved | 2/6 | 6/6 | - | True | - | - | 32.6 |
| hf_validate_withdraw | robustness/silent-failure | resolved | 4/6 | 6/6 | - | True | - | - | 31.9 |
| hf_wrong_spec | fix/faulty-check | escalate | 2/3 | 2/3 | SPECSCORE=4/4 | False | - | MISS | 56.5 |
| wf1_crossfile | fix/misdirection | resolved | 2/5 | 5/5 | - | True | - | - | 12.9 |
| wf2_retry | feature/edge-coverage | needs-change | 0/5 | 1/5 | - | False | - | - | 177.6 |
| wf3_refactor | refactor/behaviour-preserving | declined | 5/5 | 5/5 | - | True | - | - | 0.2 |
| wf3_refactor_blindview | refactor/behaviour-preserving | declined | 5/5 | 5/5 | STRUCTSCORE=0/3 | False | - | - | 0.3 |
| wf3_refactor_witnessed | refactor/behaviour-preserving | resolved | 5/5 | 5/5 | STRUCTSCORE=3/3 | True | - | - | 27.5 |
| wf4_assumption | perf/false-premise | declined | 5/5 | 5/5 | - | True | - | ok | 0.2 |
| wf5_partial | implement/edge-coverage | escalate | 0/7 | 0/7 | - | False | - | - | 143.7 |
| wf6_multi | migration/multi-concern | needs-change | 2/6 | 6/6 | DOCSCORE=4/4 TODOSCORE=0/3 | True | - | - | 179.8 |

**objective pass 23/34 - regressions 0 - check crashes 0 - decline accuracy 5/6**

## `stresses` slices (mean final SUBTESTS fraction)

| capability | n | mean |
|---|---|---|
| L2-structural | 9 | 0.92 |
| backward-compat | 4 | 0.81 |
| combined-score | 2 | 0.70 |
| concern-split | 2 | 0.70 |
| cross-file | 3 | 1.00 |
| decline-taxonomy | 2 | 0.83 |
| edge-coverage | 8 | 0.61 |
| greenfield-impl | 2 | 0.10 |
| keeper-set-rule | 1 | 1.00 |
| kway-synth | 2 | 0.42 |
| partial-credit | 3 | 0.32 |
| premise-audit | 8 | 0.96 |
| regression-guard | 9 | 1.00 |
| silent-failure | 4 | 0.88 |
| witness-pair | 2 | 1.00 |

