resuming: 31 rows already recorded
[2/170] wf1_crossfile rep2 (m7b) ...
      answered base=[2, 5] final=[5, 5] pass=True regr=False crash=False
[3/170] wf1_crossfile rep3 (m7b) ...
      answered base=[2, 5] final=[5, 5] pass=True regr=False crash=False
[4/170] wf1_crossfile rep4 (m7b) ...
      answered base=[2, 5] final=[5, 5] pass=True regr=False crash=False
[5/170] wf1_crossfile rep5 (m7b) ...
      answered base=[2, 5] final=[5, 5] pass=True regr=False crash=False
[7/170] wf2_retry rep2 (m7b) ...
      blocked-partial base=[0, 5] final=[2, 5] pass=False regr=False crash=False
[8/170] wf2_retry rep3 (m7b) ...
      blocked-partial base=[0, 5] final=[3, 5] pass=False regr=False crash=False
[9/170] wf2_retry rep4 (m7b) ...
      blocked-partial base=[0, 5] final=[2, 5] pass=False regr=False crash=False
[10/170] wf2_retry rep5 (m7b) ...
      blocked-partial base=[0, 5] final=[2, 5] pass=False regr=False crash=False
[12/170] wf3_refactor rep2 (m7b) ...
      declined base=[5, 5] final=[5, 5] pass=True regr=False crash=False
[13/170] wf3_refactor rep3 (m7b) ...
      declined base=[5, 5] final=[5, 5] pass=True regr=False crash=False
[14/170] wf3_refactor rep4 (m7b) ...
      declined base=[5, 5] final=[5, 5] pass=True regr=False crash=False
[15/170] wf3_refactor rep5 (m7b) ...
      declined base=[5, 5] final=[5, 5] pass=True regr=False crash=False
[17/170] wf3_refactor_witnessed rep2 (m7b) ...
      answered base=[5, 5] final=[5, 5] pass=True regr=False crash=False
[18/170] wf3_refactor_witnessed rep3 (m7b) ...
      answered base=[5, 5] final=[5, 5] pass=True regr=False crash=False
[19/170] wf3_refactor_witnessed rep4 (m7b) ...
      answered base=[5, 5] final=[5, 5] pass=True regr=False crash=False
[20/170] wf3_refactor_witnessed rep5 (m7b) ...
      answered base=[5, 5] final=[5, 5] pass=True regr=False crash=False
[21/170] wf3_refactor_blindview rep1 (m7b) ...
      declined base=[5, 5] final=[5, 5] pass=False regr=False crash=False
[22/170] wf3_refactor_blindview rep2 (m7b) ...
      declined base=[5, 5] final=[5, 5] pass=False regr=False crash=False
[23/170] wf3_refactor_blindview rep3 (m7b) ...
      declined base=[5, 5] final=[5, 5] pass=False regr=False crash=False
[24/170] wf3_refactor_blindview rep4 (m7b) ...
      declined base=[5, 5] final=[5, 5] pass=False regr=False crash=False
[25/170] wf3_refactor_blindview rep5 (m7b) ...
      declined base=[5, 5] final=[5, 5] pass=False regr=False crash=False
[27/170] wf4_assumption rep2 (m7b) ...
      declined base=[5, 5] final=[5, 5] pass=True regr=False crash=False
[28/170] wf4_assumption rep3 (m7b) ...
      declined base=[5, 5] final=[5, 5] pass=True regr=False crash=False
[29/170] wf4_assumption rep4 (m7b) ...
      declined base=[5, 5] final=[5, 5] pass=True regr=False crash=False
[30/170] wf4_assumption rep5 (m7b) ...
      declined base=[5, 5] final=[5, 5] pass=True regr=False crash=False
[32/170] wf5_partial rep2 (m7b) ...
      blocked-partial base=[0, 7] final=[5, 7] pass=False regr=False crash=False
[33/170] wf5_partial rep3 (m7b) ...
      blocked-partial base=[0, 7] final=[5, 7] pass=False regr=False crash=False
[34/170] wf5_partial rep4 (m7b) ...
      blocked-partial base=[0, 7] final=[3, 7] pass=False regr=False crash=False
[35/170] wf5_partial rep5 (m7b) ...
      answered base=[0, 7] final=[7, 7] pass=True regr=False crash=False
[37/170] wf6_multi rep2 (m7b) ...
      blocked-partial base=[2, 6] final=[6, 6] pass=True regr=False crash=False
[38/170] wf6_multi rep3 (m7b) ...
      blocked-partial base=[2, 6] final=[6, 6] pass=True regr=False crash=False
[39/170] wf6_multi rep4 (m7b) ...
      blocked-partial base=[2, 6] final=[2, 6] pass=False regr=False crash=False
[40/170] wf6_multi rep5 (m7b) ...
      blocked-partial base=[2, 6] final=[6, 6] pass=True regr=False crash=False
[42/170] hf_extract_fn rep2 (m7b) ...
      blocked-no-progress base=[5, 5] final=[5, 5] pass=True regr=False crash=False
[43/170] hf_extract_fn rep3 (m7b) ...
      blocked-no-progress base=[5, 5] final=[5, 5] pass=True regr=False crash=False
[44/170] hf_extract_fn rep4 (m7b) ...
      blocked-no-progress base=[5, 5] final=[5, 5] pass=True regr=False crash=False
[45/170] hf_extract_fn rep5 (m7b) ...
      blocked-no-progress base=[5, 5] final=[5, 5] pass=True regr=False crash=False
[47/170] hf_dict_dispatch rep2 (m7b) ...
      blocked-no-progress base=[7, 7] final=[7, 7] pass=True regr=False crash=False
[48/170] hf_dict_dispatch rep3 (m7b) ...
      blocked-no-progress base=[7, 7] final=[7, 7] pass=True regr=False crash=False
[49/170] hf_dict_dispatch rep4 (m7b) ...
      blocked-no-progress base=[7, 7] final=[7, 7] pass=True regr=False crash=False
[50/170] hf_dict_dispatch rep5 (m7b) ...
      blocked-no-progress base=[7, 7] final=[7, 7] pass=True regr=False crash=False
[52/170] hf_rename rep2 (m7b) ...
      answered base=[4, 6] final=[6, 6] pass=True regr=False crash=False
[53/170] hf_rename rep3 (m7b) ...
      blocked-no-progress base=[4, 6] final=[4, 6] pass=False regr=False crash=False
[54/170] hf_rename rep4 (m7b) ...
      answered base=[4, 6] final=[6, 6] pass=True regr=False crash=False
[55/170] hf_rename rep5 (m7b) ...
      answered base=[4, 6] final=[6, 6] pass=True regr=False crash=False
[57/170] hf_rec_to_iter rep2 (m7b) ...
      blocked-no-progress base=[4, 5] final=[4, 5] pass=False regr=False crash=False
[58/170] hf_rec_to_iter rep3 (m7b) ...
      answered base=[4, 5] final=[5, 5] pass=True regr=False crash=False
[59/170] hf_rec_to_iter rep4 (m7b) ...
      answered base=[4, 5] final=[5, 5] pass=True regr=False crash=False
[60/170] hf_rec_to_iter rep5 (m7b) ...
      blocked-no-progress base=[4, 5] final=[4, 5] pass=False regr=False crash=False
[62/170] hf_already_optimal rep2 (m7b) ...
      declined base=[6, 6] final=[6, 6] pass=True regr=False crash=False
[63/170] hf_already_optimal rep3 (m7b) ...
      declined base=[6, 6] final=[6, 6] pass=True regr=False crash=False
[64/170] hf_already_optimal rep4 (m7b) ...
      declined base=[6, 6] final=[6, 6] pass=True regr=False crash=False
[65/170] hf_already_optimal rep5 (m7b) ...
      declined base=[6, 6] final=[6, 6] pass=True regr=False crash=False
[67/170] hf_dead_code rep2 (m7b) ...
      declined base=[4, 4] final=[4, 4] pass=True regr=False crash=False
[68/170] hf_dead_code rep3 (m7b) ...
      declined base=[4, 4] final=[4, 4] pass=True regr=False crash=False
[69/170] hf_dead_code rep4 (m7b) ...
      declined base=[4, 4] final=[4, 4] pass=True regr=False crash=False
[70/170] hf_dead_code rep5 (m7b) ...
      declined base=[4, 4] final=[4, 4] pass=True regr=False crash=False
[72/170] hf_remove_validation rep2 (m7b) ...
      declined base=[5, 5] final=[5, 5] pass=True regr=False crash=False
[73/170] hf_remove_validation rep3 (m7b) ...
      declined base=[5, 5] final=[5, 5] pass=True regr=False crash=False
[74/170] hf_remove_validation rep4 (m7b) ...
      declined base=[5, 5] final=[5, 5] pass=True regr=False crash=False
[75/170] hf_remove_validation rep5 (m7b) ...
      declined base=[5, 5] final=[5, 5] pass=True regr=False crash=False
[77/170] hf_cache_nondeterministic rep2 (m7b) ...
      declined base=[4, 4] final=[4, 4] pass=True regr=False crash=False
[78/170] hf_cache_nondeterministic rep3 (m7b) ...
      declined base=[4, 4] final=[4, 4] pass=True regr=False crash=False
[79/170] hf_cache_nondeterministic rep4 (m7b) ...
      declined base=[4, 4] final=[4, 4] pass=True regr=False crash=False
[80/170] hf_cache_nondeterministic rep5 (m7b) ...
      declined base=[4, 4] final=[4, 4] pass=True regr=False crash=False
[82/170] hf_multi_recipient rep2 (m7b) ...
      answered base=[3, 5] final=[5, 5] pass=True regr=False crash=False
[83/170] hf_multi_recipient rep3 (m7b) ...
      answered base=[3, 5] final=[5, 5] pass=True regr=False crash=False
[84/170] hf_multi_recipient rep4 (m7b) ...
      answered base=[3, 5] final=[5, 5] pass=True regr=False crash=False
[85/170] hf_multi_recipient rep5 (m7b) ...
      answered base=[3, 5] final=[5, 5] pass=True regr=False crash=False
[87/170] hf_return_shape rep2 (m7b) ...
      answered base=[3, 5] final=[5, 5] pass=True regr=False crash=False
[88/170] hf_return_shape rep3 (m7b) ...
      answered base=[3, 5] final=[5, 5] pass=True regr=False crash=False
[89/170] hf_return_shape rep4 (m7b) ...
      answered base=[3, 5] final=[5, 5] pass=True regr=False crash=False
[90/170] hf_return_shape rep5 (m7b) ...
      answered base=[3, 5] final=[5, 5] pass=True regr=False crash=False
[92/170] hf_deprecate rep2 (m7b) ...
      blocked-no-progress base=[1, 4] final=[1, 4] pass=False regr=False crash=False
[93/170] hf_deprecate rep3 (m7b) ...
      blocked-no-progress base=[1, 4] final=[1, 4] pass=False regr=False crash=False
[94/170] hf_deprecate rep4 (m7b) ...
      blocked-no-progress base=[1, 4] final=[1, 4] pass=False regr=False crash=False
[95/170] hf_deprecate rep5 (m7b) ...
      blocked-no-progress base=[1, 4] final=[1, 4] pass=False regr=False crash=False
[97/170] hf_json_field rep2 (m7b) ...
      answered base=[2, 5] final=[5, 5] pass=True regr=False crash=False
[98/170] hf_json_field rep3 (m7b) ...
      answered base=[2, 5] final=[5, 5] pass=True regr=False crash=False
[99/170] hf_json_field rep4 (m7b) ...
      answered base=[2, 5] final=[5, 5] pass=True regr=False crash=False
[100/170] hf_json_field rep5 (m7b) ...
      answered base=[2, 5] final=[5, 5] pass=True regr=False crash=False
[102/170] hf_timeout_param rep2 (m7b) ...
      answered base=[2, 6] final=[6, 6] pass=True regr=False crash=False
[103/170] hf_timeout_param rep3 (m7b) ...
      blocked-partial base=[2, 6] final=[5, 6] pass=False regr=False crash=False
[104/170] hf_timeout_param rep4 (m7b) ...
