[1/170] wf1_crossfile rep1 (judge_fullctx) ...
      answered base=[2, 5] final=[5, 5] pass=True regr=False crash=False
[2/170] wf1_crossfile rep2 (judge_fullctx) ...
      answered base=[2, 5] final=[5, 5] pass=True regr=False crash=False
[3/170] wf1_crossfile rep3 (judge_fullctx) ...
      answered base=[2, 5] final=[5, 5] pass=True regr=False crash=False
[4/170] wf1_crossfile rep4 (judge_fullctx) ...
      answered base=[2, 5] final=[5, 5] pass=True regr=False crash=False
[5/170] wf1_crossfile rep5 (judge_fullctx) ...
      answered base=[2, 5] final=[5, 5] pass=True regr=False crash=False
[6/170] wf2_retry rep1 (judge_fullctx) ...
      blocked-partial base=[0, 5] final=[3, 5] pass=False regr=False crash=False
[7/170] wf2_retry rep2 (judge_fullctx) ...
      blocked-partial base=[0, 5] final=[2, 5] pass=False regr=False crash=False
[8/170] wf2_retry rep3 (judge_fullctx) ...
      blocked-partial base=[0, 5] final=[3, 5] pass=False regr=False crash=False
[9/170] wf2_retry rep4 (judge_fullctx) ...
      blocked-partial base=[0, 5] final=[3, 5] pass=False regr=False crash=False
[10/170] wf2_retry rep5 (judge_fullctx) ...
      blocked-partial base=[0, 5] final=[2, 5] pass=False regr=False crash=False
[11/170] wf3_refactor rep1 (judge_fullctx) ...
      declined base=[5, 5] final=[5, 5] pass=True regr=False crash=False
[12/170] wf3_refactor rep2 (judge_fullctx) ...
      declined base=[5, 5] final=[5, 5] pass=True regr=False crash=False
[13/170] wf3_refactor rep3 (judge_fullctx) ...
      declined base=[5, 5] final=[5, 5] pass=True regr=False crash=False
[14/170] wf3_refactor rep4 (judge_fullctx) ...
      declined base=[5, 5] final=[5, 5] pass=True regr=False crash=False
[15/170] wf3_refactor rep5 (judge_fullctx) ...
      declined base=[5, 5] final=[5, 5] pass=True regr=False crash=False
[16/170] wf3_refactor_witnessed rep1 (judge_fullctx) ...
      answered base=[5, 5] final=[5, 5] pass=True regr=False crash=False
[17/170] wf3_refactor_witnessed rep2 (judge_fullctx) ...
      answered base=[5, 5] final=[5, 5] pass=True regr=False crash=False
[18/170] wf3_refactor_witnessed rep3 (judge_fullctx) ...
      answered base=[5, 5] final=[5, 5] pass=True regr=False crash=False
[19/170] wf3_refactor_witnessed rep4 (judge_fullctx) ...
      answered base=[5, 5] final=[5, 5] pass=True regr=False crash=False
[20/170] wf3_refactor_witnessed rep5 (judge_fullctx) ...
      answered base=[5, 5] final=[5, 5] pass=True regr=False crash=False
[21/170] wf3_refactor_blindview rep1 (judge_fullctx) ...
      declined base=[5, 5] final=[5, 5] pass=False regr=False crash=False
[22/170] wf3_refactor_blindview rep2 (judge_fullctx) ...
      declined base=[5, 5] final=[5, 5] pass=False regr=False crash=False
[23/170] wf3_refactor_blindview rep3 (judge_fullctx) ...
      declined base=[5, 5] final=[5, 5] pass=False regr=False crash=False
[24/170] wf3_refactor_blindview rep4 (judge_fullctx) ...
      declined base=[5, 5] final=[5, 5] pass=False regr=False crash=False
[25/170] wf3_refactor_blindview rep5 (judge_fullctx) ...
      declined base=[5, 5] final=[5, 5] pass=False regr=False crash=False
[26/170] wf4_assumption rep1 (judge_fullctx) ...
      declined base=[5, 5] final=[5, 5] pass=True regr=False crash=False
[27/170] wf4_assumption rep2 (judge_fullctx) ...
      declined base=[5, 5] final=[5, 5] pass=True regr=False crash=False
[28/170] wf4_assumption rep3 (judge_fullctx) ...
      declined base=[5, 5] final=[5, 5] pass=True regr=False crash=False
[29/170] wf4_assumption rep4 (judge_fullctx) ...
      declined base=[5, 5] final=[5, 5] pass=True regr=False crash=False
[30/170] wf4_assumption rep5 (judge_fullctx) ...
      declined base=[5, 5] final=[5, 5] pass=True regr=False crash=False
[31/170] wf5_partial rep1 (judge_fullctx) ...
      blocked-partial base=[0, 7] final=[5, 7] pass=False regr=False crash=False
[32/170] wf5_partial rep2 (judge_fullctx) ...
      blocked-partial base=[0, 7] final=[5, 7] pass=False regr=False crash=False
[33/170] wf5_partial rep3 (judge_fullctx) ...
      blocked-partial base=[0, 7] final=[1, 7] pass=False regr=False crash=False
[34/170] wf5_partial rep4 (judge_fullctx) ...
      blocked-partial base=[0, 7] final=[5, 7] pass=False regr=False crash=False
[35/170] wf5_partial rep5 (judge_fullctx) ...
      blocked-partial base=[0, 7] final=[5, 7] pass=False regr=False crash=False
[36/170] wf6_multi rep1 (judge_fullctx) ...
      blocked-partial base=[2, 6] final=[2, 6] pass=False regr=False crash=False
[37/170] wf6_multi rep2 (judge_fullctx) ...
      blocked-partial base=[2, 6] final=[2, 6] pass=False regr=False crash=False
[38/170] wf6_multi rep3 (judge_fullctx) ...
      blocked-partial base=[2, 6] final=[2, 6] pass=False regr=False crash=False
[39/170] wf6_multi rep4 (judge_fullctx) ...
      blocked-partial base=[2, 6] final=[6, 6] pass=True regr=False crash=False
[40/170] wf6_multi rep5 (judge_fullctx) ...
      blocked-partial base=[2, 6] final=[5, 6] pass=False regr=True crash=False
[41/170] hf_extract_fn rep1 (judge_fullctx) ...
      blocked-no-progress base=[5, 5] final=[5, 5] pass=True regr=False crash=False
[42/170] hf_extract_fn rep2 (judge_fullctx) ...
      blocked-no-progress base=[5, 5] final=[5, 5] pass=True regr=False crash=False
[43/170] hf_extract_fn rep3 (judge_fullctx) ...
      blocked-no-progress base=[5, 5] final=[5, 5] pass=True regr=False crash=False
[44/170] hf_extract_fn rep4 (judge_fullctx) ...
      blocked-no-progress base=[5, 5] final=[5, 5] pass=True regr=False crash=False
[45/170] hf_extract_fn rep5 (judge_fullctx) ...
      answered base=[5, 5] final=[5, 5] pass=True regr=False crash=False
[46/170] hf_dict_dispatch rep1 (judge_fullctx) ...
      blocked-no-progress base=[7, 7] final=[7, 7] pass=True regr=False crash=False
[47/170] hf_dict_dispatch rep2 (judge_fullctx) ...
      blocked-no-progress base=[7, 7] final=[7, 7] pass=True regr=False crash=False
[48/170] hf_dict_dispatch rep3 (judge_fullctx) ...
      blocked-no-progress base=[7, 7] final=[7, 7] pass=True regr=False crash=False
[49/170] hf_dict_dispatch rep4 (judge_fullctx) ...
      blocked-no-progress base=[7, 7] final=[7, 7] pass=True regr=False crash=False
[50/170] hf_dict_dispatch rep5 (judge_fullctx) ...
      blocked-no-progress base=[7, 7] final=[7, 7] pass=True regr=False crash=False
[51/170] hf_rename rep1 (judge_fullctx) ...
      answered base=[4, 6] final=[6, 6] pass=True regr=False crash=False
[52/170] hf_rename rep2 (judge_fullctx) ...
      answered base=[4, 6] final=[6, 6] pass=True regr=False crash=False
[53/170] hf_rename rep3 (judge_fullctx) ...
      blocked-no-progress base=[4, 6] final=[4, 6] pass=False regr=False crash=False
[54/170] hf_rename rep4 (judge_fullctx) ...
      blocked-no-progress base=[4, 6] final=[4, 6] pass=False regr=False crash=False
[55/170] hf_rename rep5 (judge_fullctx) ...
      answered base=[4, 6] final=[6, 6] pass=True regr=False crash=False
[56/170] hf_rec_to_iter rep1 (judge_fullctx) ...
      blocked-no-progress base=[4, 5] final=[4, 5] pass=False regr=False crash=False
[57/170] hf_rec_to_iter rep2 (judge_fullctx) ...
      blocked-no-progress base=[4, 5] final=[4, 5] pass=False regr=False crash=False
[58/170] hf_rec_to_iter rep3 (judge_fullctx) ...
      answered base=[4, 5] final=[5, 5] pass=True regr=False crash=False
[59/170] hf_rec_to_iter rep4 (judge_fullctx) ...
      answered base=[4, 5] final=[5, 5] pass=True regr=False crash=False
[60/170] hf_rec_to_iter rep5 (judge_fullctx) ...
      blocked-no-progress base=[4, 5] final=[4, 5] pass=False regr=False crash=False
[61/170] hf_already_optimal rep1 (judge_fullctx) ...
      declined base=[6, 6] final=[6, 6] pass=True regr=False crash=False
[62/170] hf_already_optimal rep2 (judge_fullctx) ...
      declined base=[6, 6] final=[6, 6] pass=True regr=False crash=False
[63/170] hf_already_optimal rep3 (judge_fullctx) ...
      declined base=[6, 6] final=[6, 6] pass=True regr=False crash=False
[64/170] hf_already_optimal rep4 (judge_fullctx) ...
      declined base=[6, 6] final=[6, 6] pass=True regr=False crash=False
[65/170] hf_already_optimal rep5 (judge_fullctx) ...
      declined base=[6, 6] final=[6, 6] pass=True regr=False crash=False
[66/170] hf_dead_code rep1 (judge_fullctx) ...
      declined base=[4, 4] final=[4, 4] pass=True regr=False crash=False
[67/170] hf_dead_code rep2 (judge_fullctx) ...
      declined base=[4, 4] final=[4, 4] pass=True regr=False crash=False
[68/170] hf_dead_code rep3 (judge_fullctx) ...
      declined base=[4, 4] final=[4, 4] pass=True regr=False crash=False
[69/170] hf_dead_code rep4 (judge_fullctx) ...
      declined base=[4, 4] final=[4, 4] pass=True regr=False crash=False
[70/170] hf_dead_code rep5 (judge_fullctx) ...
      declined base=[4, 4] final=[4, 4] pass=True regr=False crash=False
[71/170] hf_remove_validation rep1 (judge_fullctx) ...
      declined base=[5, 5] final=[5, 5] pass=True regr=False crash=False
[72/170] hf_remove_validation rep2 (judge_fullctx) ...
      declined base=[5, 5] final=[5, 5] pass=True regr=False crash=False
[73/170] hf_remove_validation rep3 (judge_fullctx) ...
      declined base=[5, 5] final=[5, 5] pass=True regr=False crash=False
[74/170] hf_remove_validation rep4 (judge_fullctx) ...
      declined base=[5, 5] final=[5, 5] pass=True regr=False crash=False
[75/170] hf_remove_validation rep5 (judge_fullctx) ...
      declined base=[5, 5] final=[5, 5] pass=True regr=False crash=False
[76/170] hf_cache_nondeterministic rep1 (judge_fullctx) ...
      declined base=[4, 4] final=[4, 4] pass=True regr=False crash=False
[77/170] hf_cache_nondeterministic rep2 (judge_fullctx) ...
      declined base=[4, 4] final=[4, 4] pass=True regr=False crash=False
[78/170] hf_cache_nondeterministic rep3 (judge_fullctx) ...
      declined base=[4, 4] final=[4, 4] pass=True regr=False crash=False
[79/170] hf_cache_nondeterministic rep4 (judge_fullctx) ...
      declined base=[4, 4] final=[4, 4] pass=True regr=False crash=False
[80/170] hf_cache_nondeterministic rep5 (judge_fullctx) ...
      declined base=[4, 4] final=[4, 4] pass=True regr=False crash=False
[81/170] hf_multi_recipient rep1 (judge_fullctx) ...
      answered base=[3, 5] final=[5, 5] pass=True regr=False crash=False
[82/170] hf_multi_recipient rep2 (judge_fullctx) ...
      answered base=[3, 5] final=[5, 5] pass=True regr=False crash=False
[83/170] hf_multi_recipient rep3 (judge_fullctx) ...
      answered base=[3, 5] final=[5, 5] pass=True regr=False crash=False
[84/170] hf_multi_recipient rep4 (judge_fullctx) ...
      answered base=[3, 5] final=[5, 5] pass=True regr=False crash=False
[85/170] hf_multi_recipient rep5 (judge_fullctx) ...
      answered base=[3, 5] final=[5, 5] pass=True regr=False crash=False
[86/170] hf_return_shape rep1 (judge_fullctx) ...
      answered base=[3, 5] final=[5, 5] pass=True regr=False crash=False
[87/170] hf_return_shape rep2 (judge_fullctx) ...
      answered base=[3, 5] final=[5, 5] pass=True regr=False crash=False
[88/170] hf_return_shape rep3 (judge_fullctx) ...
      answered base=[3, 5] final=[5, 5] pass=True regr=False crash=False
[89/170] hf_return_shape rep4 (judge_fullctx) ...
      answered base=[3, 5] final=[5, 5] pass=True regr=False crash=False
[90/170] hf_return_shape rep5 (judge_fullctx) ...
      answered base=[3, 5] final=[5, 5] pass=True regr=False crash=False
[91/170] hf_deprecate rep1 (judge_fullctx) ...
      answered base=[1, 4] final=[4, 4] pass=True regr=False crash=False
[92/170] hf_deprecate rep2 (judge_fullctx) ...
      blocked-no-progress base=[1, 4] final=[1, 4] pass=False regr=False crash=False
[93/170] hf_deprecate rep3 (judge_fullctx) ...
      blocked-no-progress base=[1, 4] final=[1, 4] pass=False regr=False crash=False
[94/170] hf_deprecate rep4 (judge_fullctx) ...
      blocked-no-progress base=[1, 4] final=[1, 4] pass=False regr=False crash=False
[95/170] hf_deprecate rep5 (judge_fullctx) ...
      blocked-partial base=[1, 4] final=[3, 4] pass=False regr=False crash=False
[96/170] hf_json_field rep1 (judge_fullctx) ...
      answered base=[2, 5] final=[5, 5] pass=True regr=False crash=False
[97/170] hf_json_field rep2 (judge_fullctx) ...
      answered base=[2, 5] final=[5, 5] pass=True regr=False crash=False
[98/170] hf_json_field rep3 (judge_fullctx) ...
      answered base=[2, 5] final=[5, 5] pass=True regr=False crash=False
[99/170] hf_json_field rep4 (judge_fullctx) ...
      answered base=[2, 5] final=[5, 5] pass=True regr=False crash=False
[100/170] hf_json_field rep5 (judge_fullctx) ...
      answered base=[2, 5] final=[5, 5] pass=True regr=False crash=False
[101/170] hf_timeout_param rep1 (judge_fullctx) ...
      answered base=[2, 6] final=[6, 6] pass=True regr=False crash=False
[102/170] hf_timeout_param rep2 (judge_fullctx) ...
      blocked-partial base=[2, 6] final=[5, 6] pass=False regr=False crash=False
[103/170] hf_timeout_param rep3 (judge_fullctx) ...
      blocked-partial base=[2, 6] final=[5, 6] pass=False regr=False crash=False
[104/170] hf_timeout_param rep4 (judge_fullctx) ...
      blocked-partial base=[2, 6] final=[4, 6] pass=False regr=False crash=False
[105/170] hf_timeout_param rep5 (judge_fullctx) ...
      blocked-partial base=[2, 6] final=[5, 6] pass=False regr=False crash=False
[106/170] hf_cache_decorator rep1 (judge_fullctx) ...
      blocked-no-progress base=[3, 4] final=[3, 4] pass=False regr=False crash=False
[107/170] hf_cache_decorator rep2 (judge_fullctx) ...
      blocked-no-progress base=[3, 4] final=[3, 4] pass=False regr=False crash=False
[108/170] hf_cache_decorator rep3 (judge_fullctx) ...
      blocked-no-progress base=[3, 4] final=[3, 4] pass=False regr=False crash=False
[109/170] hf_cache_decorator rep4 (judge_fullctx) ...
      answered base=[3, 4] final=[4, 4] pass=True regr=False crash=False
[110/170] hf_cache_decorator rep5 (judge_fullctx) ...
      blocked-no-progress base=[3, 4] final=[3, 4] pass=False regr=False crash=False
[111/170] hf_csv rep1 (judge_fullctx) ...
      answered base=[3, 6] final=[6, 6] pass=True regr=False crash=False
[112/170] hf_csv rep2 (judge_fullctx) ...
      answered base=[3, 6] final=[6, 6] pass=True regr=False crash=False
[113/170] hf_csv rep3 (judge_fullctx) ...
      answered base=[3, 6] final=[6, 6] pass=True regr=False crash=False
[114/170] hf_csv rep4 (judge_fullctx) ...
      blocked-partial base=[3, 6] final=[5, 6] pass=False regr=False crash=False
[115/170] hf_csv rep5 (judge_fullctx) ...
      answered base=[3, 6] final=[6, 6] pass=True regr=False crash=False
[116/170] hf_path_sanitize rep1 (judge_fullctx) ...
      answered base=[1, 8] final=[8, 8] pass=True regr=False crash=False
[117/170] hf_path_sanitize rep2 (judge_fullctx) ...
      answered base=[1, 8] final=[8, 8] pass=True regr=False crash=False
[118/170] hf_path_sanitize rep3 (judge_fullctx) ...
      answered base=[1, 8] final=[8, 8] pass=True regr=False crash=False
[119/170] hf_path_sanitize rep4 (judge_fullctx) ...
      answered base=[1, 8] final=[8, 8] pass=True regr=False crash=False
[120/170] hf_path_sanitize rep5 (judge_fullctx) ...
      answered base=[1, 8] final=[8, 8] pass=True regr=False crash=False
[121/170] hf_merge_config rep1 (judge_fullctx) ...
      answered base=[3, 6] final=[6, 6] pass=True regr=False crash=False
[122/170] hf_merge_config rep2 (judge_fullctx) ...
      answered base=[3, 6] final=[6, 6] pass=True regr=False crash=False
[123/170] hf_merge_config rep3 (judge_fullctx) ...
      answered base=[3, 6] final=[6, 6] pass=True regr=False crash=False
[124/170] hf_merge_config rep4 (judge_fullctx) ...
      answered base=[3, 6] final=[6, 6] pass=True regr=False crash=False
[125/170] hf_merge_config rep5 (judge_fullctx) ...
      answered base=[3, 6] final=[6, 6] pass=True regr=False crash=False
[126/170] hf_misfiled_bug rep1 (judge_fullctx) ...
      blocked-no-progress base=[3, 4] final=[3, 4] pass=False regr=False crash=False
[127/170] hf_misfiled_bug rep2 (judge_fullctx) ...
      blocked-no-progress base=[3, 4] final=[3, 4] pass=False regr=False crash=False
[128/170] hf_misfiled_bug rep3 (judge_fullctx) ...
      blocked-no-progress base=[3, 4] final=[3, 4] pass=False regr=False crash=False
[129/170] hf_misfiled_bug rep4 (judge_fullctx) ...
      blocked-no-progress base=[3, 4] final=[3, 4] pass=False regr=False crash=False
[130/170] hf_misfiled_bug rep5 (judge_fullctx) ...
      blocked-no-progress base=[3, 4] final=[3, 4] pass=False regr=False crash=False
[131/170] hf_pagination rep1 (judge_fullctx) ...
      answered base=[1, 5] final=[5, 5] pass=True regr=False crash=False
[132/170] hf_pagination rep2 (judge_fullctx) ...
      answered base=[1, 5] final=[5, 5] pass=True regr=False crash=False
[133/170] hf_pagination rep3 (judge_fullctx) ...
      answered base=[1, 5] final=[5, 5] pass=True regr=False crash=False
[134/170] hf_pagination rep4 (judge_fullctx) ...
      answered base=[1, 5] final=[5, 5] pass=True regr=False crash=False
[135/170] hf_pagination rep5 (judge_fullctx) ...
      answered base=[1, 5] final=[5, 5] pass=True regr=False crash=False
[136/170] hf_suppress rep1 (judge_fullctx) ...
      answered base=[3, 4] final=[4, 4] pass=True regr=False crash=False
[137/170] hf_suppress rep2 (judge_fullctx) ...
      answered base=[3, 4] final=[4, 4] pass=True regr=False crash=False
[138/170] hf_suppress rep3 (judge_fullctx) ...
      answered base=[3, 4] final=[4, 4] pass=True regr=False crash=False
[139/170] hf_suppress rep4 (judge_fullctx) ...
      answered base=[3, 4] final=[4, 4] pass=True regr=False crash=False
[140/170] hf_suppress rep5 (judge_fullctx) ...
      answered base=[3, 4] final=[4, 4] pass=True regr=False crash=False
[141/170] hf_validate_withdraw rep1 (judge_fullctx) ...
      answered base=[4, 6] final=[6, 6] pass=True regr=False crash=False
[142/170] hf_validate_withdraw rep2 (judge_fullctx) ...
      answered base=[4, 6] final=[6, 6] pass=True regr=False crash=False
[143/170] hf_validate_withdraw rep3 (judge_fullctx) ...
      answered base=[4, 6] final=[6, 6] pass=True regr=False crash=False
[144/170] hf_validate_withdraw rep4 (judge_fullctx) ...
      answered base=[4, 6] final=[6, 6] pass=True regr=False crash=False
[145/170] hf_validate_withdraw rep5 (judge_fullctx) ...
      answered base=[4, 6] final=[6, 6] pass=True regr=False crash=False
[146/170] hf_retry_backoff rep1 (judge_fullctx) ...
      answered base=[2, 4] final=[4, 4] pass=True regr=False crash=False
[147/170] hf_retry_backoff rep2 (judge_fullctx) ...
      answered base=[2, 4] final=[4, 4] pass=True regr=False crash=False
[148/170] hf_retry_backoff rep3 (judge_fullctx) ...
      answered base=[2, 4] final=[4, 4] pass=True regr=False crash=False
[149/170] hf_retry_backoff rep4 (judge_fullctx) ...
      answered base=[2, 4] final=[4, 4] pass=True regr=False crash=False
[150/170] hf_retry_backoff rep5 (judge_fullctx) ...
      answered base=[2, 4] final=[4, 4] pass=True regr=False crash=False
[151/170] hf_json_serialize rep1 (judge_fullctx) ...
      answered base=[2, 5] final=[5, 5] pass=True regr=False crash=False
[152/170] hf_json_serialize rep2 (judge_fullctx) ...
      answered base=[2, 5] final=[5, 5] pass=True regr=False crash=False
[153/170] hf_json_serialize rep3 (judge_fullctx) ...
      answered base=[2, 5] final=[5, 5] pass=True regr=False crash=False
[154/170] hf_json_serialize rep4 (judge_fullctx) ...
      answered base=[2, 5] final=[5, 5] pass=True regr=False crash=False
[155/170] hf_json_serialize rep5 (judge_fullctx) ...
      answered base=[2, 5] final=[5, 5] pass=True regr=False crash=False
[156/170] hf_counter_race rep1 (judge_fullctx) ...
      answered base=[2, 3] final=[3, 3] pass=True regr=False crash=False
[157/170] hf_counter_race rep2 (judge_fullctx) ...
      answered base=[2, 3] final=[3, 3] pass=True regr=False crash=False
[158/170] hf_counter_race rep3 (judge_fullctx) ...
      answered base=[2, 3] final=[3, 3] pass=True regr=False crash=False
[159/170] hf_counter_race rep4 (judge_fullctx) ...
      answered base=[2, 3] final=[3, 3] pass=True regr=False crash=False
[160/170] hf_counter_race rep5 (judge_fullctx) ...
      answered base=[2, 3] final=[3, 3] pass=True regr=False crash=False
[161/170] hf_audit_perf rep1 (judge_fullctx) ...
      answered base=[2, 2] final=[2, 2] pass=True regr=False crash=False
[162/170] hf_audit_perf rep2 (judge_fullctx) ...
      answered base=[2, 2] final=[2, 2] pass=True regr=False crash=False
[163/170] hf_audit_perf rep3 (judge_fullctx) ...
      answered base=[2, 2] final=[2, 2] pass=True regr=False crash=False
[164/170] hf_audit_perf rep4 (judge_fullctx) ...
      answered base=[2, 2] final=[2, 2] pass=True regr=False crash=False
[165/170] hf_audit_perf rep5 (judge_fullctx) ...
      answered base=[2, 2] final=[2, 2] pass=True regr=False crash=False
[166/170] hf_wrong_spec rep1 (judge_fullctx) ...
      answered base=[2, 3] final=[2, 3] pass=False regr=False crash=False
[167/170] hf_wrong_spec rep2 (judge_fullctx) ...
      answered base=[2, 3] final=[2, 3] pass=False regr=False crash=False
[168/170] hf_wrong_spec rep3 (judge_fullctx) ...
      blocked-no-progress base=[2, 3] final=[2, 3] pass=False regr=False crash=False
[169/170] hf_wrong_spec rep4 (judge_fullctx) ...
      blocked-no-progress base=[2, 3] final=[2, 3] pass=False regr=False crash=False
[170/170] hf_wrong_spec rep5 (judge_fullctx) ...
      blocked-no-progress base=[2, 3] final=[2, 3] pass=False regr=False crash=False

181.0 min

# M6 suite run - arm `judge_fullctx` (suite 0.4.0)

_2026-09-15 00:39 - 170 runs_

| task | shape/trap | terminal | base | final | struct | pass | regr | decline | wall |
|---|---|---|---|---|---|---|---|---|---|
| hf_already_optimal | perf/false-premise | declined | 6/6 | 6/6 | - | True | - | ok | 7.5 |
| hf_already_optimal | perf/false-premise | declined | 6/6 | 6/6 | - | True | - | ok | 47.3 |
| hf_already_optimal | perf/false-premise | declined | 6/6 | 6/6 | - | True | - | ok | 46.4 |
| hf_already_optimal | perf/false-premise | declined | 6/6 | 6/6 | - | True | - | ok | 41.2 |
| hf_already_optimal | perf/false-premise | declined | 6/6 | 6/6 | - | True | - | ok | 46.9 |
| hf_audit_perf | perf/harmful-fix | answered | 2/2 | 2/2 | PERFSCORE=1/1 AUDITSCORE=1/1 | True | - | - | 15.4 |
| hf_audit_perf | perf/harmful-fix | answered | 2/2 | 2/2 | PERFSCORE=1/1 AUDITSCORE=1/1 | True | - | - | 76.8 |
| hf_audit_perf | perf/harmful-fix | answered | 2/2 | 2/2 | PERFSCORE=1/1 AUDITSCORE=1/1 | True | - | - | 60.4 |
| hf_audit_perf | perf/harmful-fix | answered | 2/2 | 2/2 | PERFSCORE=1/1 AUDITSCORE=1/1 | True | - | - | 15.1 |
| hf_audit_perf | perf/harmful-fix | answered | 2/2 | 2/2 | PERFSCORE=1/1 AUDITSCORE=1/1 | True | - | - | 14.9 |
| hf_cache_decorator | feature/edge-coverage | blocked-no-progress | 3/4 | 3/4 | - | False | - | - | 65.6 |
| hf_cache_decorator | feature/edge-coverage | blocked-no-progress | 3/4 | 3/4 | - | False | - | - | 52.4 |
| hf_cache_decorator | feature/edge-coverage | blocked-no-progress | 3/4 | 3/4 | - | False | - | - | 48.5 |
| hf_cache_decorator | feature/edge-coverage | answered | 3/4 | 4/4 | - | True | - | - | 78.4 |
| hf_cache_decorator | feature/edge-coverage | blocked-no-progress | 3/4 | 3/4 | - | False | - | - | 52.5 |
| hf_cache_nondeterministic | perf/false-premise | declined | 4/4 | 4/4 | - | True | - | ok | 6.7 |
| hf_cache_nondeterministic | perf/false-premise | declined | 4/4 | 4/4 | - | True | - | ok | 6.3 |
| hf_cache_nondeterministic | perf/false-premise | declined | 4/4 | 4/4 | - | True | - | ok | 6.4 |
| hf_cache_nondeterministic | perf/false-premise | declined | 4/4 | 4/4 | - | True | - | ok | 6.5 |
| hf_cache_nondeterministic | perf/false-premise | declined | 4/4 | 4/4 | - | True | - | ok | 5.9 |
| hf_counter_race | concurrency/silent-failure | answered | 2/3 | 3/3 | - | True | - | - | 16.8 |
| hf_counter_race | concurrency/silent-failure | answered | 2/3 | 3/3 | - | True | - | - | 54.7 |
| hf_counter_race | concurrency/silent-failure | answered | 2/3 | 3/3 | - | True | - | - | 46.0 |
| hf_counter_race | concurrency/silent-failure | answered | 2/3 | 3/3 | - | True | - | - | 57.5 |
| hf_counter_race | concurrency/silent-failure | answered | 2/3 | 3/3 | - | True | - | - | 53.8 |
| hf_csv | data/edge-coverage | answered | 3/6 | 6/6 | - | True | - | - | 62.6 |
| hf_csv | data/edge-coverage | answered | 3/6 | 6/6 | - | True | - | - | 78.4 |
| hf_csv | data/edge-coverage | answered | 3/6 | 6/6 | - | True | - | - | 75.7 |
| hf_csv | data/edge-coverage | blocked-partial | 3/6 | 5/6 | - | False | - | - | 96.1 |
| hf_csv | data/edge-coverage | answered | 3/6 | 6/6 | - | True | - | - | 52.3 |
| hf_dead_code | cleanup/false-premise | declined | 4/4 | 4/4 | - | True | - | ok | 6.7 |
| hf_dead_code | cleanup/false-premise | declined | 4/4 | 4/4 | - | True | - | ok | 6.2 |
| hf_dead_code | cleanup/false-premise | declined | 4/4 | 4/4 | - | True | - | ok | 6.2 |
| hf_dead_code | cleanup/false-premise | declined | 4/4 | 4/4 | - | True | - | ok | 6.2 |
| hf_dead_code | cleanup/false-premise | declined | 4/4 | 4/4 | - | True | - | ok | 6.3 |
| hf_deprecate | compat/backward-compat | answered | 1/4 | 4/4 | - | True | - | - | 53.9 |
| hf_deprecate | compat/backward-compat | blocked-no-progress | 1/4 | 1/4 | - | False | - | - | 45.4 |
| hf_deprecate | compat/backward-compat | blocked-no-progress | 1/4 | 1/4 | - | False | - | - | 47.1 |
| hf_deprecate | compat/backward-compat | blocked-no-progress | 1/4 | 1/4 | - | False | - | - | 43.9 |
| hf_deprecate | compat/backward-compat | blocked-partial | 1/4 | 3/4 | - | False | - | - | 51.6 |
| hf_dict_dispatch | refactor/behaviour-preserving | blocked-no-progress | 7/7 | 7/7 | STRUCTSCORE=0/3 | True | - | - | 89.2 |
| hf_dict_dispatch | refactor/behaviour-preserving | blocked-no-progress | 7/7 | 7/7 | STRUCTSCORE=0/3 | True | - | - | 79.1 |
| hf_dict_dispatch | refactor/behaviour-preserving | blocked-no-progress | 7/7 | 7/7 | STRUCTSCORE=0/3 | True | - | - | 82.8 |
| hf_dict_dispatch | refactor/behaviour-preserving | blocked-no-progress | 7/7 | 7/7 | STRUCTSCORE=0/3 | True | - | - | 85.4 |
| hf_dict_dispatch | refactor/behaviour-preserving | blocked-no-progress | 7/7 | 7/7 | STRUCTSCORE=0/3 | True | - | - | 86.2 |
| hf_extract_fn | refactor/behaviour-preserving | blocked-no-progress | 5/5 | 5/5 | STRUCTSCORE=1/3 | True | - | - | 40.5 |
| hf_extract_fn | refactor/behaviour-preserving | blocked-no-progress | 5/5 | 5/5 | STRUCTSCORE=1/3 | True | - | - | 35.7 |
| hf_extract_fn | refactor/behaviour-preserving | blocked-no-progress | 5/5 | 5/5 | STRUCTSCORE=1/3 | True | - | - | 34.9 |
| hf_extract_fn | refactor/behaviour-preserving | blocked-no-progress | 5/5 | 5/5 | STRUCTSCORE=1/3 | True | - | - | 36.6 |
| hf_extract_fn | refactor/behaviour-preserving | answered | 5/5 | 5/5 | STRUCTSCORE=3/3 | True | - | - | 32.2 |
| hf_json_field | feature/backward-compat | answered | 2/5 | 5/5 | - | True | - | - | 47.7 |
| hf_json_field | feature/backward-compat | answered | 2/5 | 5/5 | - | True | - | - | 45.9 |
| hf_json_field | feature/backward-compat | answered | 2/5 | 5/5 | - | True | - | - | 48.6 |
| hf_json_field | feature/backward-compat | answered | 2/5 | 5/5 | - | True | - | - | 44.6 |
| hf_json_field | feature/backward-compat | answered | 2/5 | 5/5 | - | True | - | - | 44.5 |
| hf_json_serialize | feature/multi-concern | answered | 2/5 | 5/5 | STRUCTSCORE=2/2 | True | - | - | 102.2 |
| hf_json_serialize | feature/multi-concern | answered | 2/5 | 5/5 | STRUCTSCORE=2/2 | True | - | - | 107.9 |
| hf_json_serialize | feature/multi-concern | answered | 2/5 | 5/5 | STRUCTSCORE=2/2 | True | - | - | 128.4 |
| hf_json_serialize | feature/multi-concern | answered | 2/5 | 5/5 | STRUCTSCORE=2/2 | True | - | - | 172.6 |
| hf_json_serialize | feature/multi-concern | answered | 2/5 | 5/5 | STRUCTSCORE=2/2 | True | - | - | 107.8 |
| hf_merge_config | data/edge-coverage | answered | 3/6 | 6/6 | - | True | - | - | 92.1 |
| hf_merge_config | data/edge-coverage | answered | 3/6 | 6/6 | - | True | - | - | 76.5 |
| hf_merge_config | data/edge-coverage | answered | 3/6 | 6/6 | - | True | - | - | 83.1 |
| hf_merge_config | data/edge-coverage | answered | 3/6 | 6/6 | - | True | - | - | 67.8 |
| hf_merge_config | data/edge-coverage | answered | 3/6 | 6/6 | - | True | - | - | 88.9 |
| hf_misfiled_bug | fix/misdirection | blocked-no-progress | 3/4 | 3/4 | - | False | - | - | 25.0 |
| hf_misfiled_bug | fix/misdirection | blocked-no-progress | 3/4 | 3/4 | - | False | - | - | 41.6 |
| hf_misfiled_bug | fix/misdirection | blocked-no-progress | 3/4 | 3/4 | - | False | - | - | 29.5 |
| hf_misfiled_bug | fix/misdirection | blocked-no-progress | 3/4 | 3/4 | - | False | - | - | 42.8 |
| hf_misfiled_bug | fix/misdirection | blocked-no-progress | 3/4 | 3/4 | - | False | - | - | 25.2 |
| hf_multi_recipient | compat/backward-compat | answered | 3/5 | 5/5 | - | True | - | - | 81.8 |
| hf_multi_recipient | compat/backward-compat | answered | 3/5 | 5/5 | - | True | - | - | 47.4 |
| hf_multi_recipient | compat/backward-compat | answered | 3/5 | 5/5 | - | True | - | - | 59.4 |
| hf_multi_recipient | compat/backward-compat | answered | 3/5 | 5/5 | - | True | - | - | 68.3 |
| hf_multi_recipient | compat/backward-compat | answered | 3/5 | 5/5 | - | True | - | - | 59.2 |
| hf_pagination | fix/edge-coverage | answered | 1/5 | 5/5 | - | True | - | - | 13.1 |
| hf_pagination | fix/edge-coverage | answered | 1/5 | 5/5 | - | True | - | - | 45.5 |
| hf_pagination | fix/edge-coverage | answered | 1/5 | 5/5 | - | True | - | - | 12.2 |
| hf_pagination | fix/edge-coverage | answered | 1/5 | 5/5 | - | True | - | - | 11.7 |
| hf_pagination | fix/edge-coverage | answered | 1/5 | 5/5 | - | True | - | - | 47.8 |
| hf_path_sanitize | robustness/edge-coverage | answered | 1/8 | 8/8 | - | True | - | - | 76.6 |
| hf_path_sanitize | robustness/edge-coverage | answered | 1/8 | 8/8 | - | True | - | - | 15.8 |
| hf_path_sanitize | robustness/edge-coverage | answered | 1/8 | 8/8 | - | True | - | - | 17.2 |
| hf_path_sanitize | robustness/edge-coverage | answered | 1/8 | 8/8 | - | True | - | - | 84.0 |
| hf_path_sanitize | robustness/edge-coverage | answered | 1/8 | 8/8 | - | True | - | - | 16.5 |
| hf_rec_to_iter | refactor/behaviour-preserving | blocked-no-progress | 4/5 | 4/5 | STRUCTSCORE=0/1 | False | - | - | 107.8 |
| hf_rec_to_iter | refactor/behaviour-preserving | blocked-no-progress | 4/5 | 4/5 | STRUCTSCORE=0/1 | False | - | - | 98.4 |
| hf_rec_to_iter | refactor/behaviour-preserving | answered | 4/5 | 5/5 | STRUCTSCORE=1/1 | True | - | - | 91.7 |
| hf_rec_to_iter | refactor/behaviour-preserving | answered | 4/5 | 5/5 | STRUCTSCORE=1/1 | True | - | - | 92.7 |
| hf_rec_to_iter | refactor/behaviour-preserving | blocked-no-progress | 4/5 | 4/5 | STRUCTSCORE=0/1 | False | - | - | 102.8 |
| hf_remove_validation | cleanup/false-premise | declined | 5/5 | 5/5 | - | True | - | ok | 7.4 |
| hf_remove_validation | cleanup/false-premise | declined | 5/5 | 5/5 | - | True | - | ok | 7.2 |
| hf_remove_validation | cleanup/false-premise | declined | 5/5 | 5/5 | - | True | - | ok | 6.9 |
| hf_remove_validation | cleanup/false-premise | declined | 5/5 | 5/5 | - | True | - | ok | 7.0 |
| hf_remove_validation | cleanup/false-premise | declined | 5/5 | 5/5 | - | True | - | ok | 6.7 |
| hf_rename | compat/behaviour-preserving | answered | 4/6 | 6/6 | STRUCTSCORE=3/3 | True | - | - | 58.7 |
| hf_rename | compat/behaviour-preserving | answered | 4/6 | 6/6 | STRUCTSCORE=3/3 | True | - | - | 49.7 |
| hf_rename | compat/behaviour-preserving | blocked-no-progress | 4/6 | 4/6 | STRUCTSCORE=2/3 | False | - | - | 74.1 |
| hf_rename | compat/behaviour-preserving | blocked-no-progress | 4/6 | 4/6 | STRUCTSCORE=2/3 | False | - | - | 68.6 |
| hf_rename | compat/behaviour-preserving | answered | 4/6 | 6/6 | STRUCTSCORE=3/3 | True | - | - | 67.2 |
| hf_retry_backoff | robustness/silent-failure | answered | 2/4 | 4/4 | - | True | - | - | 67.1 |
| hf_retry_backoff | robustness/silent-failure | answered | 2/4 | 4/4 | - | True | - | - | 116.3 |
| hf_retry_backoff | robustness/silent-failure | answered | 2/4 | 4/4 | - | True | - | - | 121.3 |
| hf_retry_backoff | robustness/silent-failure | answered | 2/4 | 4/4 | - | True | - | - | 105.2 |
| hf_retry_backoff | robustness/silent-failure | answered | 2/4 | 4/4 | - | True | - | - | 59.7 |
| hf_return_shape | compat/backward-compat | answered | 3/5 | 5/5 | - | True | - | - | 86.7 |
| hf_return_shape | compat/backward-compat | answered | 3/5 | 5/5 | - | True | - | - | 56.9 |
| hf_return_shape | compat/backward-compat | answered | 3/5 | 5/5 | - | True | - | - | 71.0 |
| hf_return_shape | compat/backward-compat | answered | 3/5 | 5/5 | - | True | - | - | 54.7 |
| hf_return_shape | compat/backward-compat | answered | 3/5 | 5/5 | - | True | - | - | 67.7 |
| hf_suppress | robustness/silent-failure | answered | 3/4 | 4/4 | - | True | - | - | 101.7 |
| hf_suppress | robustness/silent-failure | answered | 3/4 | 4/4 | - | True | - | - | 87.8 |
| hf_suppress | robustness/silent-failure | answered | 3/4 | 4/4 | - | True | - | - | 46.8 |
| hf_suppress | robustness/silent-failure | answered | 3/4 | 4/4 | - | True | - | - | 13.9 |
| hf_suppress | robustness/silent-failure | answered | 3/4 | 4/4 | - | True | - | - | 57.7 |
| hf_timeout_param | feature/edge-coverage | answered | 2/6 | 6/6 | - | True | - | - | 85.2 |
| hf_timeout_param | feature/edge-coverage | blocked-partial | 2/6 | 5/6 | - | False | - | - | 83.4 |
| hf_timeout_param | feature/edge-coverage | blocked-partial | 2/6 | 5/6 | - | False | - | - | 82.6 |
| hf_timeout_param | feature/edge-coverage | blocked-partial | 2/6 | 4/6 | - | False | - | - | 83.8 |
| hf_timeout_param | feature/edge-coverage | blocked-partial | 2/6 | 5/6 | - | False | - | - | 90.3 |
| hf_validate_withdraw | robustness/silent-failure | answered | 4/6 | 6/6 | - | True | - | - | 105.2 |
| hf_validate_withdraw | robustness/silent-failure | answered | 4/6 | 6/6 | - | True | - | - | 89.8 |
| hf_validate_withdraw | robustness/silent-failure | answered | 4/6 | 6/6 | - | True | - | - | 87.6 |
| hf_validate_withdraw | robustness/silent-failure | answered | 4/6 | 6/6 | - | True | - | - | 94.8 |
| hf_validate_withdraw | robustness/silent-failure | answered | 4/6 | 6/6 | - | True | - | - | 98.2 |
| hf_wrong_spec | fix/faulty-check | answered | 2/3 | 2/3 | SPECSCORE=4/4 | False | - | MISS | 104.7 |
| hf_wrong_spec | fix/faulty-check | answered | 2/3 | 2/3 | SPECSCORE=4/4 | False | - | MISS | 58.3 |
| hf_wrong_spec | fix/faulty-check | blocked-no-progress | 2/3 | 2/3 | SPECSCORE=4/4 | False | - | MISS | 57.3 |
| hf_wrong_spec | fix/faulty-check | blocked-no-progress | 2/3 | 2/3 | SPECSCORE=4/4 | False | - | MISS | 49.3 |
| hf_wrong_spec | fix/faulty-check | blocked-no-progress | 2/3 | 2/3 | SPECSCORE=4/4 | False | - | MISS | 47.7 |
| wf1_crossfile | fix/misdirection | answered | 2/5 | 5/5 | - | True | - | - | 13.4 |
| wf1_crossfile | fix/misdirection | answered | 2/5 | 5/5 | - | True | - | - | 11.6 |
| wf1_crossfile | fix/misdirection | answered | 2/5 | 5/5 | - | True | - | - | 42.0 |
| wf1_crossfile | fix/misdirection | answered | 2/5 | 5/5 | - | True | - | - | 45.7 |
| wf1_crossfile | fix/misdirection | answered | 2/5 | 5/5 | - | True | - | - | 41.4 |
| wf2_retry | feature/edge-coverage | blocked-partial | 0/5 | 3/5 | - | False | - | - | 79.2 |
| wf2_retry | feature/edge-coverage | blocked-partial | 0/5 | 2/5 | - | False | - | - | 95.2 |
| wf2_retry | feature/edge-coverage | blocked-partial | 0/5 | 3/5 | - | False | - | - | 88.8 |
| wf2_retry | feature/edge-coverage | blocked-partial | 0/5 | 3/5 | - | False | - | - | 78.1 |
| wf2_retry | feature/edge-coverage | blocked-partial | 0/5 | 2/5 | - | False | - | - | 82.3 |
| wf3_refactor | refactor/behaviour-preserving | declined | 5/5 | 5/5 | - | True | - | - | 9.1 |
| wf3_refactor | refactor/behaviour-preserving | declined | 5/5 | 5/5 | - | True | - | - | 105.1 |
| wf3_refactor | refactor/behaviour-preserving | declined | 5/5 | 5/5 | - | True | - | - | 67.4 |
| wf3_refactor | refactor/behaviour-preserving | declined | 5/5 | 5/5 | - | True | - | - | 7.8 |
| wf3_refactor | refactor/behaviour-preserving | declined | 5/5 | 5/5 | - | True | - | - | 82.2 |
| wf3_refactor_blindview | refactor/behaviour-preserving | declined | 5/5 | 5/5 | STRUCTSCORE=0/3 | False | - | - | 7.3 |
| wf3_refactor_blindview | refactor/behaviour-preserving | declined | 5/5 | 5/5 | STRUCTSCORE=0/3 | False | - | - | 97.9 |
| wf3_refactor_blindview | refactor/behaviour-preserving | declined | 5/5 | 5/5 | STRUCTSCORE=0/3 | False | - | - | 131.5 |
| wf3_refactor_blindview | refactor/behaviour-preserving | declined | 5/5 | 5/5 | STRUCTSCORE=0/3 | False | - | - | 83.8 |
| wf3_refactor_blindview | refactor/behaviour-preserving | declined | 5/5 | 5/5 | STRUCTSCORE=0/3 | False | - | - | 7.2 |
| wf3_refactor_witnessed | refactor/behaviour-preserving | answered | 5/5 | 5/5 | STRUCTSCORE=3/3 | True | - | - | 149.9 |
| wf3_refactor_witnessed | refactor/behaviour-preserving | answered | 5/5 | 5/5 | STRUCTSCORE=3/3 | True | - | - | 17.2 |
| wf3_refactor_witnessed | refactor/behaviour-preserving | answered | 5/5 | 5/5 | STRUCTSCORE=3/3 | True | - | - | 116.6 |
| wf3_refactor_witnessed | refactor/behaviour-preserving | answered | 5/5 | 5/5 | STRUCTSCORE=3/3 | True | - | - | 14.3 |
| wf3_refactor_witnessed | refactor/behaviour-preserving | answered | 5/5 | 5/5 | STRUCTSCORE=3/3 | True | - | - | 15.3 |
| wf4_assumption | perf/false-premise | declined | 5/5 | 5/5 | - | True | - | ok | 7.1 |
| wf4_assumption | perf/false-premise | declined | 5/5 | 5/5 | - | True | - | ok | 6.5 |
| wf4_assumption | perf/false-premise | declined | 5/5 | 5/5 | - | True | - | ok | 6.5 |
| wf4_assumption | perf/false-premise | declined | 5/5 | 5/5 | - | True | - | ok | 6.7 |
| wf4_assumption | perf/false-premise | declined | 5/5 | 5/5 | - | True | - | ok | 6.7 |
| wf5_partial | implement/edge-coverage | blocked-partial | 0/7 | 5/7 | - | False | - | - | 101.4 |
| wf5_partial | implement/edge-coverage | blocked-partial | 0/7 | 5/7 | - | False | - | - | 52.0 |
| wf5_partial | implement/edge-coverage | blocked-partial | 0/7 | 1/7 | - | False | - | - | 136.6 |
| wf5_partial | implement/edge-coverage | blocked-partial | 0/7 | 5/7 | - | False | - | - | 91.7 |
| wf5_partial | implement/edge-coverage | blocked-partial | 0/7 | 5/7 | - | False | - | - | 67.6 |
| wf6_multi | migration/multi-concern | blocked-partial | 2/6 | 2/6 | DOCSCORE=2/4 TODOSCORE=0/3 | False | - | - | 219.5 |
| wf6_multi | migration/multi-concern | blocked-partial | 2/6 | 2/6 | DOCSCORE=2/4 TODOSCORE=0/3 | False | - | - | 282.5 |
| wf6_multi | migration/multi-concern | blocked-partial | 2/6 | 2/6 | DOCSCORE=2/4 TODOSCORE=0/3 | False | - | - | 393.0 |
| wf6_multi | migration/multi-concern | blocked-partial | 2/6 | 6/6 | DOCSCORE=2/4 TODOSCORE=2/3 | True | - | - | 241.1 |
| wf6_multi | migration/multi-concern | blocked-partial | 2/6 | 5/6 | DOCSCORE=3/4 TODOSCORE=2/3 | False | YES | - | 263.7 |

**objective pass 123/170 - regressions 1 - check crashes 0 - decline accuracy 25/30**

## `stresses` slices (mean final SUBTESTS fraction)

| capability | n | mean |
|---|---|---|
| L2-structural | 45 | 0.92 |
| backward-compat | 20 | 0.88 |
| combined-score | 10 | 0.78 |
| concern-split | 10 | 0.78 |
| cross-file | 15 | 0.92 |
| decline-taxonomy | 10 | 0.83 |
| edge-coverage | 40 | 0.89 |
| greenfield-impl | 10 | 0.56 |
| keeper-set-rule | 5 | 1.00 |
| kway-synth | 10 | 0.78 |
| partial-credit | 15 | 0.86 |
| premise-audit | 40 | 0.93 |
| regression-guard | 45 | 0.99 |
| silent-failure | 20 | 1.00 |
| witness-pair | 10 | 1.00 |

