resuming: 4 rows already recorded
[4/102] wf2_retry rep1 (monolith) ...
      done base=[0, 5] final=[3, 5] pass=False regr=False crash=False
[5/102] wf2_retry rep2 (monolith) ...
      done base=[0, 5] final=[3, 5] pass=False regr=False crash=False
[6/102] wf2_retry rep3 (monolith) ...
      done base=[0, 5] final=[3, 5] pass=False regr=False crash=False
[7/102] wf3_refactor rep1 (monolith) ...
      done base=[5, 5] final=[5, 5] pass=True regr=False crash=False
[8/102] wf3_refactor rep2 (monolith) ...
      done base=[5, 5] final=[5, 5] pass=True regr=False crash=False
[9/102] wf3_refactor rep3 (monolith) ...
      done base=[5, 5] final=[5, 5] pass=True regr=False crash=False
[10/102] wf3_refactor_witnessed rep1 (monolith) ...
      done base=[5, 5] final=[5, 5] pass=False regr=False crash=False
[11/102] wf3_refactor_witnessed rep2 (monolith) ...
      done base=[5, 5] final=[5, 5] pass=False regr=False crash=False
[12/102] wf3_refactor_witnessed rep3 (monolith) ...
      done base=[5, 5] final=[5, 5] pass=True regr=False crash=False
[13/102] wf3_refactor_blindview rep1 (monolith) ...
      done base=[5, 5] final=[5, 5] pass=True regr=False crash=False
[14/102] wf3_refactor_blindview rep2 (monolith) ...
      done base=[5, 5] final=[5, 5] pass=True regr=False crash=False
[15/102] wf3_refactor_blindview rep3 (monolith) ...
      done base=[5, 5] final=[5, 5] pass=True regr=False crash=False
[16/102] wf4_assumption rep1 (monolith) ...
      done base=[5, 5] final=[5, 5] pass=True regr=False crash=False
[17/102] wf4_assumption rep2 (monolith) ...
      done base=[5, 5] final=[5, 5] pass=True regr=False crash=False
[18/102] wf4_assumption rep3 (monolith) ...
      done base=[5, 5] final=[5, 5] pass=True regr=False crash=False
[19/102] wf5_partial rep1 (monolith) ...
      done base=[0, 7] final=[5, 7] pass=False regr=False crash=False
[20/102] wf5_partial rep2 (monolith) ...
      done base=[0, 7] final=[5, 7] pass=False regr=False crash=False
[21/102] wf5_partial rep3 (monolith) ...
      done base=[0, 7] final=[7, 7] pass=True regr=False crash=False
[22/102] wf6_multi rep1 (monolith) ...
      done base=[2, 6] final=[2, 6] pass=False regr=False crash=False
[23/102] wf6_multi rep2 (monolith) ...
      done base=[2, 6] final=[2, 6] pass=False regr=False crash=False
[24/102] wf6_multi rep3 (monolith) ...
      done base=[2, 6] final=[2, 6] pass=False regr=False crash=False
[25/102] hf_extract_fn rep1 (monolith) ...
      done base=[5, 5] final=[2, 5] pass=False regr=True crash=False
[26/102] hf_extract_fn rep2 (monolith) ...
      done base=[5, 5] final=[2, 5] pass=False regr=True crash=False
[27/102] hf_extract_fn rep3 (monolith) ...
      done base=[5, 5] final=[2, 5] pass=False regr=True crash=False
[28/102] hf_dict_dispatch rep1 (monolith) ...
      done base=[7, 7] final=[0, 1] pass=False regr=True crash=True
[29/102] hf_dict_dispatch rep2 (monolith) ...
      done base=[7, 7] final=[0, 1] pass=False regr=True crash=True
[30/102] hf_dict_dispatch rep3 (monolith) ...
      done base=[7, 7] final=[0, 1] pass=False regr=True crash=True
[31/102] hf_rename rep1 (monolith) ...
      done base=[4, 6] final=[6, 6] pass=True regr=False crash=False
[32/102] hf_rename rep2 (monolith) ...
      done base=[4, 6] final=[6, 6] pass=True regr=False crash=False
[33/102] hf_rename rep3 (monolith) ...
      done base=[4, 6] final=[6, 6] pass=True regr=False crash=False
[34/102] hf_rec_to_iter rep1 (monolith) ...
      done base=[4, 5] final=[5, 5] pass=True regr=False crash=False
[35/102] hf_rec_to_iter rep2 (monolith) ...
      done base=[4, 5] final=[0, 1] pass=False regr=True crash=True
[36/102] hf_rec_to_iter rep3 (monolith) ...
      done base=[4, 5] final=[0, 1] pass=False regr=True crash=True
[37/102] hf_already_optimal rep1 (monolith) ...
      done base=[6, 6] final=[6, 6] pass=True regr=False crash=False
[38/102] hf_already_optimal rep2 (monolith) ...
      done base=[6, 6] final=[6, 6] pass=True regr=False crash=False
[39/102] hf_already_optimal rep3 (monolith) ...
      done base=[6, 6] final=[6, 6] pass=True regr=False crash=False
[40/102] hf_dead_code rep1 (monolith) ...
      done base=[4, 4] final=[4, 4] pass=True regr=False crash=False
[41/102] hf_dead_code rep2 (monolith) ...
      done base=[4, 4] final=[4, 4] pass=True regr=False crash=False
[42/102] hf_dead_code rep3 (monolith) ...
      done base=[4, 4] final=[4, 4] pass=True regr=False crash=False
[43/102] hf_remove_validation rep1 (monolith) ...
      done base=[5, 5] final=[5, 5] pass=True regr=False crash=False
[44/102] hf_remove_validation rep2 (monolith) ...
      done base=[5, 5] final=[5, 5] pass=True regr=False crash=False
[45/102] hf_remove_validation rep3 (monolith) ...
      done base=[5, 5] final=[5, 5] pass=True regr=False crash=False
[46/102] hf_cache_nondeterministic rep1 (monolith) ...
      done base=[4, 4] final=[4, 4] pass=True regr=False crash=False
[47/102] hf_cache_nondeterministic rep2 (monolith) ...
      done base=[4, 4] final=[4, 4] pass=True regr=False crash=False
[48/102] hf_cache_nondeterministic rep3 (monolith) ...
      done base=[4, 4] final=[4, 4] pass=True regr=False crash=False
[49/102] hf_multi_recipient rep1 (monolith) ...
      done base=[3, 5] final=[0, 5] pass=False regr=True crash=False
[50/102] hf_multi_recipient rep2 (monolith) ...
      done base=[3, 5] final=[0, 5] pass=False regr=True crash=False
[51/102] hf_multi_recipient rep3 (monolith) ...
      done base=[3, 5] final=[0, 5] pass=False regr=True crash=False
[52/102] hf_return_shape rep1 (monolith) ...
      done base=[3, 5] final=[5, 5] pass=True regr=False crash=False
[53/102] hf_return_shape rep2 (monolith) ...
      done base=[3, 5] final=[5, 5] pass=True regr=False crash=False
[54/102] hf_return_shape rep3 (monolith) ...
      done base=[3, 5] final=[5, 5] pass=True regr=False crash=False
[55/102] hf_deprecate rep1 (monolith) ...
      done base=[1, 4] final=[4, 4] pass=True regr=False crash=False
[56/102] hf_deprecate rep2 (monolith) ...
      done base=[1, 4] final=[4, 4] pass=True regr=False crash=False
[57/102] hf_deprecate rep3 (monolith) ...
      done base=[1, 4] final=[4, 4] pass=True regr=False crash=False
[58/102] hf_json_field rep1 (monolith) ...
      done base=[2, 5] final=[5, 5] pass=True regr=False crash=False
[59/102] hf_json_field rep2 (monolith) ...
      done base=[2, 5] final=[5, 5] pass=True regr=False crash=False
[60/102] hf_json_field rep3 (monolith) ...
      done base=[2, 5] final=[5, 5] pass=True regr=False crash=False
[61/102] hf_timeout_param rep1 (monolith) ...
      done base=[2, 6] final=[5, 6] pass=False regr=False crash=False
[62/102] hf_timeout_param rep2 (monolith) ...
      done base=[2, 6] final=[5, 6] pass=False regr=False crash=False
[63/102] hf_timeout_param rep3 (monolith) ...
      done base=[2, 6] final=[5, 6] pass=False regr=False crash=False
[64/102] hf_cache_decorator rep1 (monolith) ...
      done base=[3, 4] final=[2, 4] pass=False regr=True crash=False
[65/102] hf_cache_decorator rep2 (monolith) ...
      done base=[3, 4] final=[4, 4] pass=True regr=False crash=False
[66/102] hf_cache_decorator rep3 (monolith) ...
      done base=[3, 4] final=[2, 4] pass=False regr=True crash=False
[67/102] hf_csv rep1 (monolith) ...
      done base=[3, 6] final=[6, 6] pass=True regr=False crash=False
[68/102] hf_csv rep2 (monolith) ...
      done base=[3, 6] final=[3, 6] pass=False regr=False crash=False
[69/102] hf_csv rep3 (monolith) ...
      done base=[3, 6] final=[3, 6] pass=False regr=False crash=False
[70/102] hf_path_sanitize rep1 (monolith) ...
      done base=[1, 8] final=[8, 8] pass=True regr=False crash=False
[71/102] hf_path_sanitize rep2 (monolith) ...
      done base=[1, 8] final=[8, 8] pass=True regr=False crash=False
[72/102] hf_path_sanitize rep3 (monolith) ...
      done base=[1, 8] final=[8, 8] pass=True regr=False crash=False
[73/102] hf_merge_config rep1 (monolith) ...
      done base=[3, 6] final=[6, 6] pass=True regr=False crash=False
[74/102] hf_merge_config rep2 (monolith) ...
      done base=[3, 6] final=[6, 6] pass=True regr=False crash=False
[75/102] hf_merge_config rep3 (monolith) ...
      done base=[3, 6] final=[6, 6] pass=True regr=False crash=False
[76/102] hf_misfiled_bug rep1 (monolith) ...
      done base=[3, 4] final=[0, 1] pass=False regr=True crash=True
[77/102] hf_misfiled_bug rep2 (monolith) ...
      done base=[3, 4] final=[0, 1] pass=False regr=True crash=True
[78/102] hf_misfiled_bug rep3 (monolith) ...
      done base=[3, 4] final=[0, 1] pass=False regr=True crash=True
[79/102] hf_pagination rep1 (monolith) ...
      done base=[1, 5] final=[5, 5] pass=True regr=False crash=False
[80/102] hf_pagination rep2 (monolith) ...
      done base=[1, 5] final=[5, 5] pass=True regr=False crash=False
[81/102] hf_pagination rep3 (monolith) ...
      done base=[1, 5] final=[0, 1] pass=False regr=True crash=True
[82/102] hf_suppress rep1 (monolith) ...
      done base=[3, 4] final=[4, 4] pass=True regr=False crash=False
[83/102] hf_suppress rep2 (monolith) ...
      done base=[3, 4] final=[4, 4] pass=True regr=False crash=False
[84/102] hf_suppress rep3 (monolith) ...
      done base=[3, 4] final=[4, 4] pass=True regr=False crash=False
[85/102] hf_validate_withdraw rep1 (monolith) ...
      done base=[4, 6] final=[6, 6] pass=True regr=False crash=False
[86/102] hf_validate_withdraw rep2 (monolith) ...
      done base=[4, 6] final=[6, 6] pass=True regr=False crash=False
[87/102] hf_validate_withdraw rep3 (monolith) ...
      done base=[4, 6] final=[6, 6] pass=True regr=False crash=False
[88/102] hf_retry_backoff rep1 (monolith) ...
      done base=[2, 4] final=[4, 4] pass=True regr=False crash=False
[89/102] hf_retry_backoff rep2 (monolith) ...
      done base=[2, 4] final=[4, 4] pass=True regr=False crash=False
[90/102] hf_retry_backoff rep3 (monolith) ...
      done base=[2, 4] final=[4, 4] pass=True regr=False crash=False
[91/102] hf_json_serialize rep1 (monolith) ...
      done base=[2, 5] final=[2, 5] pass=False regr=False crash=False
[92/102] hf_json_serialize rep2 (monolith) ...
      done base=[2, 5] final=[5, 5] pass=True regr=False crash=False
[93/102] hf_json_serialize rep3 (monolith) ...
      done base=[2, 5] final=[5, 5] pass=True regr=False crash=False
[94/102] hf_counter_race rep1 (monolith) ...
      done base=[2, 3] final=[3, 3] pass=True regr=False crash=False
[95/102] hf_counter_race rep2 (monolith) ...
      done base=[2, 3] final=[3, 3] pass=True regr=False crash=False
[96/102] hf_counter_race rep3 (monolith) ...
      done base=[2, 3] final=[3, 3] pass=True regr=False crash=False
[97/102] hf_audit_perf rep1 (monolith) ...
      done base=[2, 2] final=[0, 1] pass=False regr=True crash=True
[98/102] hf_audit_perf rep2 (monolith) ...
      done base=[2, 2] final=[0, 1] pass=False regr=True crash=True
[99/102] hf_audit_perf rep3 (monolith) ...
      done base=[2, 2] final=[0, 1] pass=False regr=True crash=True
[100/102] hf_wrong_spec rep1 (monolith) ...
      done base=[2, 3] final=[2, 3] pass=False regr=False crash=False
[101/102] hf_wrong_spec rep2 (monolith) ...
      done base=[2, 3] final=[2, 3] pass=False regr=False crash=False
[102/102] hf_wrong_spec rep3 (monolith) ...
      done base=[2, 3] final=[2, 3] pass=False regr=False crash=False

12.6 min

# M6 suite run - arm `monolith` (suite 0.4.0)

_2026-09-15 09:48 - 103 runs_

| task | shape/trap | terminal | base | final | struct | pass | regr | decline | wall |
|---|---|---|---|---|---|---|---|---|---|
| hf_already_optimal | perf/false-premise | done | 6/6 | 6/6 | - | True | - | MISS | 5.8 |
| hf_already_optimal | perf/false-premise | done | 6/6 | 6/6 | - | True | - | MISS | 5.2 |
| hf_already_optimal | perf/false-premise | done | 6/6 | 6/6 | - | True | - | MISS | 5.0 |
| hf_audit_perf | perf/harmful-fix | done | 2/2 | 0/1 | - | False | YES | - | 9.0 |
| hf_audit_perf | perf/harmful-fix | done | 2/2 | 0/1 | - | False | YES | - | 8.2 |
| hf_audit_perf | perf/harmful-fix | done | 2/2 | 0/1 | - | False | YES | - | 8.1 |
| hf_cache_decorator | feature/edge-coverage | done | 3/4 | 2/4 | - | False | YES | - | 7.5 |
| hf_cache_decorator | feature/edge-coverage | done | 3/4 | 4/4 | - | True | - | - | 5.6 |
| hf_cache_decorator | feature/edge-coverage | done | 3/4 | 2/4 | - | False | YES | - | 5.5 |
| hf_cache_nondeterministic | perf/false-premise | done | 4/4 | 4/4 | - | True | - | MISS | 8.4 |
| hf_cache_nondeterministic | perf/false-premise | done | 4/4 | 4/4 | - | True | - | MISS | 6.2 |
| hf_cache_nondeterministic | perf/false-premise | done | 4/4 | 4/4 | - | True | - | MISS | 6.3 |
| hf_counter_race | concurrency/silent-failure | done | 2/3 | 3/3 | - | True | - | - | 5.7 |
| hf_counter_race | concurrency/silent-failure | done | 2/3 | 3/3 | - | True | - | - | 4.9 |
| hf_counter_race | concurrency/silent-failure | done | 2/3 | 3/3 | - | True | - | - | 5.0 |
| hf_csv | data/edge-coverage | done | 3/6 | 6/6 | - | True | - | - | 6.2 |
| hf_csv | data/edge-coverage | done | 3/6 | 3/6 | - | False | - | - | 4.9 |
| hf_csv | data/edge-coverage | done | 3/6 | 3/6 | - | False | - | - | 5.1 |
| hf_dead_code | cleanup/false-premise | done | 4/4 | 4/4 | - | True | - | MISS | 4.2 |
| hf_dead_code | cleanup/false-premise | done | 4/4 | 4/4 | - | True | - | MISS | 6.7 |
| hf_dead_code | cleanup/false-premise | done | 4/4 | 4/4 | - | True | - | MISS | 6.8 |
| hf_deprecate | compat/backward-compat | done | 1/4 | 4/4 | - | True | - | - | 6.4 |
| hf_deprecate | compat/backward-compat | done | 1/4 | 4/4 | - | True | - | - | 5.5 |
| hf_deprecate | compat/backward-compat | done | 1/4 | 4/4 | - | True | - | - | 5.3 |
| hf_dict_dispatch | refactor/behaviour-preserving | done | 7/7 | 0/1 | - | False | YES | - | 6.7 |
| hf_dict_dispatch | refactor/behaviour-preserving | done | 7/7 | 0/1 | - | False | YES | - | 6.3 |
| hf_dict_dispatch | refactor/behaviour-preserving | done | 7/7 | 0/1 | - | False | YES | - | 6.2 |
| hf_extract_fn | refactor/behaviour-preserving | done | 5/5 | 2/5 | STRUCTSCORE=3/3 | False | YES | - | 8.3 |
| hf_extract_fn | refactor/behaviour-preserving | done | 5/5 | 2/5 | STRUCTSCORE=3/3 | False | YES | - | 6.6 |
| hf_extract_fn | refactor/behaviour-preserving | done | 5/5 | 2/5 | STRUCTSCORE=3/3 | False | YES | - | 6.6 |
| hf_json_field | feature/backward-compat | done | 2/5 | 5/5 | - | True | - | - | 5.7 |
| hf_json_field | feature/backward-compat | done | 2/5 | 5/5 | - | True | - | - | 5.2 |
| hf_json_field | feature/backward-compat | done | 2/5 | 5/5 | - | True | - | - | 4.9 |
| hf_json_serialize | feature/multi-concern | done | 2/5 | 2/5 | STRUCTSCORE=0/2 | False | - | - | 6.8 |
| hf_json_serialize | feature/multi-concern | done | 2/5 | 5/5 | STRUCTSCORE=1/2 | True | - | - | 6.0 |
| hf_json_serialize | feature/multi-concern | done | 2/5 | 5/5 | STRUCTSCORE=1/2 | True | - | - | 6.4 |
| hf_merge_config | data/edge-coverage | done | 3/6 | 6/6 | - | True | - | - | 6.2 |
| hf_merge_config | data/edge-coverage | done | 3/6 | 6/6 | - | True | - | - | 5.5 |
| hf_merge_config | data/edge-coverage | done | 3/6 | 6/6 | - | True | - | - | 5.5 |
| hf_misfiled_bug | fix/misdirection | done | 3/4 | 0/1 | - | False | YES | - | 5.6 |
| hf_misfiled_bug | fix/misdirection | done | 3/4 | 0/1 | - | False | YES | - | 6.5 |
| hf_misfiled_bug | fix/misdirection | done | 3/4 | 0/1 | - | False | YES | - | 7.0 |
| hf_multi_recipient | compat/backward-compat | done | 3/5 | 0/5 | - | False | YES | - | 6.2 |
| hf_multi_recipient | compat/backward-compat | done | 3/5 | 0/5 | - | False | YES | - | 5.3 |
| hf_multi_recipient | compat/backward-compat | done | 3/5 | 0/5 | - | False | YES | - | 5.3 |
| hf_pagination | fix/edge-coverage | done | 1/5 | 5/5 | - | True | - | - | 5.6 |
| hf_pagination | fix/edge-coverage | done | 1/5 | 5/5 | - | True | - | - | 4.9 |
| hf_pagination | fix/edge-coverage | done | 1/5 | 0/1 | - | False | YES | - | 4.9 |
| hf_path_sanitize | robustness/edge-coverage | done | 1/8 | 8/8 | - | True | - | - | 7.3 |
| hf_path_sanitize | robustness/edge-coverage | done | 1/8 | 8/8 | - | True | - | - | 6.3 |
| hf_path_sanitize | robustness/edge-coverage | done | 1/8 | 8/8 | - | True | - | - | 6.5 |
| hf_rec_to_iter | refactor/behaviour-preserving | done | 4/5 | 5/5 | STRUCTSCORE=1/1 | True | - | - | 6.4 |
| hf_rec_to_iter | refactor/behaviour-preserving | done | 4/5 | 0/1 | - | False | YES | - | 7.0 |
| hf_rec_to_iter | refactor/behaviour-preserving | done | 4/5 | 0/1 | - | False | YES | - | 6.9 |
| hf_remove_validation | cleanup/false-premise | done | 5/5 | 5/5 | - | True | - | MISS | 5.9 |
| hf_remove_validation | cleanup/false-premise | done | 5/5 | 5/5 | - | True | - | MISS | 5.0 |
| hf_remove_validation | cleanup/false-premise | done | 5/5 | 5/5 | - | True | - | MISS | 5.0 |
| hf_rename | compat/behaviour-preserving | done | 4/6 | 6/6 | STRUCTSCORE=3/3 | True | - | - | 8.5 |
| hf_rename | compat/behaviour-preserving | done | 4/6 | 6/6 | STRUCTSCORE=3/3 | True | - | - | 7.1 |
| hf_rename | compat/behaviour-preserving | done | 4/6 | 6/6 | STRUCTSCORE=3/3 | True | - | - | 6.9 |
| hf_retry_backoff | robustness/silent-failure | done | 2/4 | 4/4 | - | True | - | - | 8.5 |
| hf_retry_backoff | robustness/silent-failure | done | 2/4 | 4/4 | - | True | - | - | 7.3 |
| hf_retry_backoff | robustness/silent-failure | done | 2/4 | 4/4 | - | True | - | - | 7.4 |
| hf_return_shape | compat/backward-compat | done | 3/5 | 5/5 | - | True | - | - | 6.1 |
| hf_return_shape | compat/backward-compat | done | 3/5 | 5/5 | - | True | - | - | 5.2 |
| hf_return_shape | compat/backward-compat | done | 3/5 | 5/5 | - | True | - | - | 5.3 |
| hf_suppress | robustness/silent-failure | done | 3/4 | 4/4 | - | True | - | - | 6.2 |
| hf_suppress | robustness/silent-failure | done | 3/4 | 4/4 | - | True | - | - | 5.2 |
| hf_suppress | robustness/silent-failure | done | 3/4 | 4/4 | - | True | - | - | 5.0 |
| hf_timeout_param | feature/edge-coverage | done | 2/6 | 5/6 | - | False | - | - | 7.1 |
| hf_timeout_param | feature/edge-coverage | done | 2/6 | 5/6 | - | False | - | - | 6.0 |
| hf_timeout_param | feature/edge-coverage | done | 2/6 | 5/6 | - | False | - | - | 6.3 |
| hf_validate_withdraw | robustness/silent-failure | done | 4/6 | 6/6 | - | True | - | - | 6.2 |
| hf_validate_withdraw | robustness/silent-failure | done | 4/6 | 6/6 | - | True | - | - | 5.4 |
| hf_validate_withdraw | robustness/silent-failure | done | 4/6 | 6/6 | - | True | - | - | 5.4 |
| hf_wrong_spec | fix/faulty-check | done | 2/3 | 2/3 | SPECSCORE=4/4 | False | - | MISS | 4.5 |
| hf_wrong_spec | fix/faulty-check | done | 2/3 | 2/3 | SPECSCORE=4/4 | False | - | MISS | 4.6 |
| hf_wrong_spec | fix/faulty-check | done | 2/3 | 2/3 | SPECSCORE=4/4 | False | - | MISS | 4.9 |
| wf1_crossfile | fix/misdirection | done | 2/5 | 5/5 | - | True | - | - | 5.0 |
| wf1_crossfile | fix/misdirection | done | 2/5 | 5/5 | - | True | - | - | 4.1 |
| wf1_crossfile | fix/misdirection | done | 2/5 | 5/5 | - | True | - | - | 4.2 |
| wf1_crossfile | fix/misdirection | done | 2/5 | 2/5 | - | False | - | - | 10.8 |
| wf2_retry | feature/edge-coverage | done | 0/5 | 3/5 | - | False | - | - | 5.8 |
| wf2_retry | feature/edge-coverage | done | 0/5 | 3/5 | - | False | - | - | 5.1 |
| wf2_retry | feature/edge-coverage | done | 0/5 | 3/5 | - | False | - | - | 5.2 |
| wf3_refactor | refactor/behaviour-preserving | done | 5/5 | 5/5 | - | True | - | - | 5.5 |
| wf3_refactor | refactor/behaviour-preserving | done | 5/5 | 5/5 | - | True | - | - | 4.9 |
| wf3_refactor | refactor/behaviour-preserving | done | 5/5 | 5/5 | - | True | - | - | 4.8 |
| wf3_refactor_blindview | refactor/behaviour-preserving | done | 5/5 | 5/5 | STRUCTSCORE=3/3 | True | - | - | 6.3 |
| wf3_refactor_blindview | refactor/behaviour-preserving | done | 5/5 | 5/5 | STRUCTSCORE=3/3 | True | - | - | 4.9 |
| wf3_refactor_blindview | refactor/behaviour-preserving | done | 5/5 | 5/5 | STRUCTSCORE=3/3 | True | - | - | 4.9 |
| wf3_refactor_witnessed | refactor/behaviour-preserving | done | 5/5 | 5/5 | STRUCTSCORE=0/3 | False | - | - | 5.9 |
| wf3_refactor_witnessed | refactor/behaviour-preserving | done | 5/5 | 5/5 | STRUCTSCORE=0/3 | False | - | - | 4.7 |
| wf3_refactor_witnessed | refactor/behaviour-preserving | done | 5/5 | 5/5 | STRUCTSCORE=3/3 | True | - | - | 4.8 |
| wf4_assumption | perf/false-premise | done | 5/5 | 5/5 | - | True | - | MISS | 6.4 |
| wf4_assumption | perf/false-premise | done | 5/5 | 5/5 | - | True | - | MISS | 5.6 |
| wf4_assumption | perf/false-premise | done | 5/5 | 5/5 | - | True | - | MISS | 5.6 |
| wf5_partial | implement/edge-coverage | done | 0/7 | 5/7 | - | False | - | - | 8.1 |
| wf5_partial | implement/edge-coverage | done | 0/7 | 5/7 | - | False | - | - | 7.1 |
| wf5_partial | implement/edge-coverage | done | 0/7 | 7/7 | - | True | - | - | 8.5 |
| wf6_multi | migration/multi-concern | done | 2/6 | 2/6 | DOCSCORE=0/4 TODOSCORE=0/3 | False | - | - | 54.1 |
| wf6_multi | migration/multi-concern | done | 2/6 | 2/6 | DOCSCORE=0/4 TODOSCORE=0/3 | False | - | - | 52.9 |
| wf6_multi | migration/multi-concern | done | 2/6 | 2/6 | DOCSCORE=0/4 TODOSCORE=0/3 | False | - | - | 41.4 |

**objective pass 63/103 - regressions 20 - check crashes 12 - decline accuracy 0/18**

## `stresses` slices (mean final SUBTESTS fraction)

| capability | n | mean |
|---|---|---|
| L2-structural | 27 | 0.64 |
| backward-compat | 12 | 0.75 |
| combined-score | 6 | 0.57 |
| concern-split | 6 | 0.57 |
| cross-file | 10 | 0.64 |
| decline-taxonomy | 6 | 0.33 |
| edge-coverage | 24 | 0.80 |
| greenfield-impl | 6 | 0.70 |
| keeper-set-rule | 3 | 0.00 |
| kway-synth | 6 | 0.74 |
| partial-credit | 9 | 0.83 |
| premise-audit | 25 | 0.82 |
| regression-guard | 27 | 0.71 |
| silent-failure | 12 | 1.00 |
| witness-pair | 6 | 1.00 |

