[1/34] wf1_crossfile rep1 (monolith) ...
      done base=[2, 5] final=[5, 5] pass=True regr=False crash=False
[2/34] wf2_retry rep1 (monolith) ...
      done base=[0, 5] final=[5, 5] pass=True regr=False crash=False
[3/34] wf3_refactor rep1 (monolith) ...
      done base=[5, 5] final=[5, 5] pass=True regr=False crash=False
[4/34] wf3_refactor_witnessed rep1 (monolith) ...
      done base=[5, 5] final=[5, 5] pass=False regr=False crash=False
[5/34] wf3_refactor_blindview rep1 (monolith) ...
      done base=[5, 5] final=[5, 5] pass=False regr=False crash=False
[6/34] wf4_assumption rep1 (monolith) ...
      done base=[5, 5] final=[5, 5] pass=True regr=False crash=False
[7/34] wf5_partial rep1 (monolith) ...
      done base=[0, 7] final=[7, 7] pass=True regr=False crash=False
[8/34] wf6_multi rep1 (monolith) ...
      done base=[2, 6] final=[6, 6] pass=True regr=False crash=False
[9/34] hf_extract_fn rep1 (monolith) ...
      done base=[5, 5] final=[1, 5] pass=False regr=True crash=False
[10/34] hf_dict_dispatch rep1 (monolith) ...
      done base=[7, 7] final=[5, 7] pass=False regr=True crash=False
[11/34] hf_rename rep1 (monolith) ...
      done base=[4, 6] final=[0, 1] pass=False regr=True crash=True
[12/34] hf_rec_to_iter rep1 (monolith) ...
      done base=[4, 5] final=[5, 5] pass=True regr=False crash=False
[13/34] hf_already_optimal rep1 (monolith) ...
      done base=[6, 6] final=[6, 6] pass=True regr=False crash=False
[14/34] hf_dead_code rep1 (monolith) ...
      done base=[4, 4] final=[4, 4] pass=True regr=False crash=False
[15/34] hf_remove_validation rep1 (monolith) ...
      done base=[5, 5] final=[5, 5] pass=True regr=False crash=False
[16/34] hf_cache_nondeterministic rep1 (monolith) ...
      done base=[4, 4] final=[4, 4] pass=True regr=False crash=False
[17/34] hf_multi_recipient rep1 (monolith) ...
      done base=[3, 5] final=[3, 5] pass=False regr=False crash=False
[18/34] hf_return_shape rep1 (monolith) ...
      done base=[3, 5] final=[3, 5] pass=False regr=False crash=False
[19/34] hf_deprecate rep1 (monolith) ...
      done base=[1, 4] final=[1, 4] pass=False regr=False crash=False
[20/34] hf_json_field rep1 (monolith) ...
      done base=[2, 5] final=[5, 5] pass=True regr=False crash=False
[21/34] hf_timeout_param rep1 (monolith) ...
      done base=[2, 6] final=[6, 6] pass=True regr=False crash=False
[22/34] hf_cache_decorator rep1 (monolith) ...
      done base=[3, 4] final=[2, 4] pass=False regr=True crash=False
[23/34] hf_csv rep1 (monolith) ...
      done base=[3, 6] final=[4, 6] pass=False regr=False crash=False
[24/34] hf_path_sanitize rep1 (monolith) ...
      done base=[1, 8] final=[8, 8] pass=True regr=False crash=False
[25/34] hf_merge_config rep1 (monolith) ...
      done base=[3, 6] final=[6, 6] pass=True regr=False crash=False
[26/34] hf_misfiled_bug rep1 (monolith) ...
      done base=[3, 4] final=[3, 4] pass=False regr=False crash=False
[27/34] hf_pagination rep1 (monolith) ...
      done base=[1, 5] final=[5, 5] pass=True regr=False crash=False
[28/34] hf_suppress rep1 (monolith) ...
      done base=[3, 4] final=[4, 4] pass=True regr=False crash=False
[29/34] hf_validate_withdraw rep1 (monolith) ...
      done base=[4, 6] final=[6, 6] pass=True regr=False crash=False
[30/34] hf_retry_backoff rep1 (monolith) ...
      done base=[2, 4] final=[0, 1] pass=False regr=True crash=True
[31/34] hf_json_serialize rep1 (monolith) ...
      done base=[2, 5] final=[2, 5] pass=False regr=False crash=False
[32/34] hf_counter_race rep1 (monolith) ...
      done base=[2, 3] final=[3, 3] pass=True regr=False crash=False
[33/34] hf_audit_perf rep1 (monolith) ...
      done base=[2, 2] final=[2, 2] pass=True regr=False crash=False
[34/34] hf_wrong_spec rep1 (monolith) ...
      done base=[2, 3] final=[2, 3] pass=False regr=False crash=False

6.4 min

# M6 suite run - arm `monolith` (suite 0.4.0)

_2026-09-19 01:03 - 34 runs_

| task | shape/trap | terminal | base | final | struct | pass | regr | decline | wall |
|---|---|---|---|---|---|---|---|---|---|
| hf_already_optimal | perf/false-premise | done | 6/6 | 6/6 | - | True | - | MISS | 7.9 |
| hf_audit_perf | perf/harmful-fix | done | 2/2 | 2/2 | PERFSCORE=1/1 AUDITSCORE=1/1 | True | - | - | 10.9 |
| hf_cache_decorator | feature/edge-coverage | done | 3/4 | 2/4 | - | False | YES | - | 10.8 |
| hf_cache_nondeterministic | perf/false-premise | done | 4/4 | 4/4 | - | True | - | MISS | 6.9 |
| hf_counter_race | concurrency/silent-failure | done | 2/3 | 3/3 | - | True | - | - | 9.3 |
| hf_csv | data/edge-coverage | done | 3/6 | 4/6 | - | False | - | - | 9.5 |
| hf_dead_code | cleanup/false-premise | done | 4/4 | 4/4 | - | True | - | MISS | 7.5 |
| hf_deprecate | compat/backward-compat | done | 1/4 | 1/4 | - | False | - | - | 12.4 |
| hf_dict_dispatch | refactor/behaviour-preserving | done | 7/7 | 5/7 | STRUCTSCORE=3/3 | False | YES | - | 11.8 |
| hf_extract_fn | refactor/behaviour-preserving | done | 5/5 | 1/5 | STRUCTSCORE=3/3 | False | YES | - | 12.3 |
| hf_json_field | feature/backward-compat | done | 2/5 | 5/5 | - | True | - | - | 9.5 |
| hf_json_serialize | feature/multi-concern | done | 2/5 | 2/5 | STRUCTSCORE=1/2 | False | - | - | 13.9 |
| hf_merge_config | data/edge-coverage | done | 3/6 | 6/6 | - | True | - | - | 10.6 |
| hf_misfiled_bug | fix/misdirection | done | 3/4 | 3/4 | - | False | - | - | 7.2 |
| hf_multi_recipient | compat/backward-compat | done | 3/5 | 3/5 | - | False | - | - | 9.4 |
| hf_pagination | fix/edge-coverage | done | 1/5 | 5/5 | - | True | - | - | 8.6 |
| hf_path_sanitize | robustness/edge-coverage | done | 1/8 | 8/8 | - | True | - | - | 15.5 |
| hf_rec_to_iter | refactor/behaviour-preserving | done | 4/5 | 5/5 | STRUCTSCORE=1/1 | True | - | - | 9.1 |
| hf_remove_validation | cleanup/false-premise | done | 5/5 | 5/5 | - | True | - | MISS | 7.8 |
| hf_rename | compat/behaviour-preserving | done | 4/6 | 0/1 | - | False | YES | - | 13.1 |
| hf_retry_backoff | robustness/silent-failure | done | 2/4 | 0/1 | - | False | YES | - | 14.8 |
| hf_return_shape | compat/backward-compat | done | 3/5 | 3/5 | - | False | - | - | 12.2 |
| hf_suppress | robustness/silent-failure | done | 3/4 | 4/4 | - | True | - | - | 9.2 |
| hf_timeout_param | feature/edge-coverage | done | 2/6 | 6/6 | - | True | - | - | 10.9 |
| hf_validate_withdraw | robustness/silent-failure | done | 4/6 | 6/6 | - | True | - | - | 9.4 |
| hf_wrong_spec | fix/faulty-check | done | 2/3 | 2/3 | SPECSCORE=4/4 | False | - | MISS | 5.9 |
| wf1_crossfile | fix/misdirection | done | 2/5 | 5/5 | - | True | - | - | 34.8 |
| wf2_retry | feature/edge-coverage | done | 0/5 | 5/5 | - | True | - | - | 9.4 |
| wf3_refactor | refactor/behaviour-preserving | done | 5/5 | 5/5 | - | True | - | - | 7.9 |
| wf3_refactor_blindview | refactor/behaviour-preserving | done | 5/5 | 5/5 | STRUCTSCORE=0/3 | False | - | - | 8.9 |
| wf3_refactor_witnessed | refactor/behaviour-preserving | done | 5/5 | 5/5 | STRUCTSCORE=0/3 | False | - | - | 9.1 |
| wf4_assumption | perf/false-premise | done | 5/5 | 5/5 | - | True | - | MISS | 6.0 |
| wf5_partial | implement/edge-coverage | done | 0/7 | 7/7 | - | True | - | - | 13.7 |
| wf6_multi | migration/multi-concern | done | 2/6 | 6/6 | DOCSCORE=4/4 TODOSCORE=3/3 | True | - | - | 17.7 |

**objective pass 20/34 - regressions 5 - check crashes 2 - decline accuracy 0/6**

## `stresses` slices (mean final SUBTESTS fraction)

| capability | n | mean |
|---|---|---|
| L2-structural | 9 | 0.68 |
| backward-compat | 4 | 0.61 |
| combined-score | 2 | 0.70 |
| concern-split | 2 | 0.70 |
| cross-file | 3 | 0.92 |
| decline-taxonomy | 2 | 0.83 |
| edge-coverage | 8 | 0.77 |
| greenfield-impl | 2 | 1.00 |
| keeper-set-rule | 1 | 1.00 |
| kway-synth | 2 | 0.83 |
| partial-credit | 3 | 0.89 |
| premise-audit | 8 | 0.93 |
| regression-guard | 9 | 0.68 |
| silent-failure | 4 | 0.75 |
| witness-pair | 2 | 1.00 |

