resuming: 2 rows already recorded
[1/34] wf1_crossfile rep1 (baseline) ...
      done base=[2, 5] final=[2, 5] pass=False regr=False crash=False
[2/34] wf2_retry rep1 (baseline) ...
      done base=[0, 5] final=[0, 5] pass=False regr=False crash=False
[3/34] wf3_refactor rep1 (baseline) ...
      done base=[5, 5] final=[5, 5] pass=True regr=False crash=False
[4/34] wf3_refactor_witnessed rep1 (baseline) ...
      done base=[5, 5] final=[5, 5] pass=False regr=False crash=False
[5/34] wf3_refactor_blindview rep1 (baseline) ...
      done base=[5, 5] final=[5, 5] pass=False regr=False crash=False
[6/34] wf4_assumption rep1 (baseline) ...
      done base=[5, 5] final=[5, 5] pass=True regr=False crash=False
[7/34] wf5_partial rep1 (baseline) ...
      done base=[0, 7] final=[0, 7] pass=False regr=False crash=False
[8/34] wf6_multi rep1 (baseline) ...
      done base=[2, 6] final=[2, 6] pass=False regr=False crash=False
[9/34] hf_extract_fn rep1 (baseline) ...
      done base=[5, 5] final=[5, 5] pass=True regr=False crash=False
[10/34] hf_dict_dispatch rep1 (baseline) ...
      done base=[7, 7] final=[7, 7] pass=True regr=False crash=False
[11/34] hf_rename rep1 (baseline) ...
      done base=[4, 6] final=[4, 6] pass=False regr=False crash=False
[12/34] hf_rec_to_iter rep1 (baseline) ...
      done base=[4, 5] final=[4, 5] pass=False regr=False crash=False
[13/34] hf_already_optimal rep1 (baseline) ...
      done base=[6, 6] final=[6, 6] pass=True regr=False crash=False
[14/34] hf_dead_code rep1 (baseline) ...
      done base=[4, 4] final=[4, 4] pass=True regr=False crash=False
[15/34] hf_remove_validation rep1 (baseline) ...
      done base=[5, 5] final=[5, 5] pass=True regr=False crash=False
[16/34] hf_cache_nondeterministic rep1 (baseline) ...
      done base=[4, 4] final=[4, 4] pass=True regr=False crash=False
[17/34] hf_multi_recipient rep1 (baseline) ...
      done base=[3, 5] final=[3, 5] pass=False regr=False crash=False
[18/34] hf_return_shape rep1 (baseline) ...
      done base=[3, 5] final=[3, 5] pass=False regr=False crash=False
[19/34] hf_deprecate rep1 (baseline) ...
      done base=[1, 4] final=[1, 4] pass=False regr=False crash=False
[20/34] hf_json_field rep1 (baseline) ...
      done base=[2, 5] final=[2, 5] pass=False regr=False crash=False
[21/34] hf_timeout_param rep1 (baseline) ...
      done base=[2, 6] final=[2, 6] pass=False regr=False crash=False
[22/34] hf_cache_decorator rep1 (baseline) ...
      done base=[3, 4] final=[3, 4] pass=False regr=False crash=False
[23/34] hf_csv rep1 (baseline) ...
      done base=[3, 6] final=[3, 6] pass=False regr=False crash=False
[24/34] hf_path_sanitize rep1 (baseline) ...
      done base=[1, 8] final=[1, 8] pass=False regr=False crash=False
[25/34] hf_merge_config rep1 (baseline) ...
      done base=[3, 6] final=[3, 6] pass=False regr=False crash=False
[26/34] hf_misfiled_bug rep1 (baseline) ...
      done base=[3, 4] final=[3, 4] pass=False regr=False crash=False
[27/34] hf_pagination rep1 (baseline) ...
      done base=[1, 5] final=[1, 5] pass=False regr=False crash=False
[28/34] hf_suppress rep1 (baseline) ...
      done base=[3, 4] final=[3, 4] pass=False regr=False crash=False
[29/34] hf_validate_withdraw rep1 (baseline) ...
      done base=[4, 6] final=[4, 6] pass=False regr=False crash=False
[30/34] hf_retry_backoff rep1 (baseline) ...
      done base=[2, 4] final=[2, 4] pass=False regr=False crash=False
[31/34] hf_json_serialize rep1 (baseline) ...
      done base=[2, 5] final=[2, 5] pass=False regr=False crash=False
[32/34] hf_counter_race rep1 (baseline) ...
      done base=[2, 3] final=[2, 3] pass=False regr=False crash=False

0.1 min

# M6 suite run - arm `baseline` (suite 0.4.0)

_2026-09-14 15:55 - 34 runs_

| task | shape/trap | terminal | base | final | struct | pass | regr | decline | wall |
|---|---|---|---|---|---|---|---|---|---|
| hf_already_optimal | perf/false-premise | done | 6/6 | 6/6 | - | True | - | MISS | 0.0 |
| hf_audit_perf | perf/harmful-fix | done | 2/2 | 2/2 | PERFSCORE=0/1 AUDITSCORE=1/1 | False | - | - | 0.0 |
| hf_cache_decorator | feature/edge-coverage | done | 3/4 | 3/4 | - | False | - | - | 0.0 |
| hf_cache_nondeterministic | perf/false-premise | done | 4/4 | 4/4 | - | True | - | MISS | 0.0 |
| hf_counter_race | concurrency/silent-failure | done | 2/3 | 2/3 | - | False | - | - | 0.0 |
| hf_csv | data/edge-coverage | done | 3/6 | 3/6 | - | False | - | - | 0.0 |
| hf_dead_code | cleanup/false-premise | done | 4/4 | 4/4 | - | True | - | MISS | 0.0 |
| hf_deprecate | compat/backward-compat | done | 1/4 | 1/4 | - | False | - | - | 0.0 |
| hf_dict_dispatch | refactor/behaviour-preserving | done | 7/7 | 7/7 | STRUCTSCORE=0/3 | True | - | - | 0.0 |
| hf_extract_fn | refactor/behaviour-preserving | done | 5/5 | 5/5 | STRUCTSCORE=1/3 | True | - | - | 0.0 |
| hf_json_field | feature/backward-compat | done | 2/5 | 2/5 | - | False | - | - | 0.0 |
| hf_json_serialize | feature/multi-concern | done | 2/5 | 2/5 | STRUCTSCORE=0/2 | False | - | - | 0.0 |
| hf_merge_config | data/edge-coverage | done | 3/6 | 3/6 | - | False | - | - | 0.0 |
| hf_misfiled_bug | fix/misdirection | done | 3/4 | 3/4 | - | False | - | - | 0.0 |
| hf_multi_recipient | compat/backward-compat | done | 3/5 | 3/5 | - | False | - | - | 0.0 |
| hf_pagination | fix/edge-coverage | done | 1/5 | 1/5 | - | False | - | - | 0.0 |
| hf_path_sanitize | robustness/edge-coverage | done | 1/8 | 1/8 | - | False | - | - | 0.0 |
| hf_rec_to_iter | refactor/behaviour-preserving | done | 4/5 | 4/5 | STRUCTSCORE=0/1 | False | - | - | 0.0 |
| hf_remove_validation | cleanup/false-premise | done | 5/5 | 5/5 | - | True | - | MISS | 0.0 |
| hf_rename | compat/behaviour-preserving | done | 4/6 | 4/6 | STRUCTSCORE=2/3 | False | - | - | 0.0 |
| hf_retry_backoff | robustness/silent-failure | done | 2/4 | 2/4 | - | False | - | - | 0.0 |
| hf_return_shape | compat/backward-compat | done | 3/5 | 3/5 | - | False | - | - | 0.0 |
| hf_suppress | robustness/silent-failure | done | 3/4 | 3/4 | - | False | - | - | 0.0 |
| hf_timeout_param | feature/edge-coverage | done | 2/6 | 2/6 | - | False | - | - | 0.0 |
| hf_validate_withdraw | robustness/silent-failure | done | 4/6 | 4/6 | - | False | - | - | 0.0 |
| hf_wrong_spec | fix/faulty-check | done | 2/3 | 2/3 | SPECSCORE=4/4 | False | - | MISS | 0.0 |
| wf1_crossfile | fix/misdirection | done | 2/5 | 2/5 | - | False | - | - | 0.0 |
| wf2_retry | feature/edge-coverage | done | 0/5 | 0/5 | - | False | - | - | 0.0 |
| wf3_refactor | refactor/behaviour-preserving | done | 5/5 | 5/5 | - | True | - | - | 0.0 |
| wf3_refactor_blindview | refactor/behaviour-preserving | done | 5/5 | 5/5 | STRUCTSCORE=0/3 | False | - | - | 0.0 |
| wf3_refactor_witnessed | refactor/behaviour-preserving | done | 5/5 | 5/5 | STRUCTSCORE=0/3 | False | - | - | 0.0 |
| wf4_assumption | perf/false-premise | done | 5/5 | 5/5 | - | True | - | MISS | 0.0 |
| wf5_partial | implement/edge-coverage | done | 0/7 | 0/7 | - | False | - | - | 0.0 |
| wf6_multi | migration/multi-concern | done | 2/6 | 2/6 | DOCSCORE=0/4 TODOSCORE=0/3 | False | - | - | 0.0 |

**objective pass 8/34 - regressions 0 - check crashes 0 - decline accuracy 0/6**

## `stresses` slices (mean final SUBTESTS fraction)

| capability | n | mean |
|---|---|---|
| L2-structural | 9 | 0.86 |
| backward-compat | 4 | 0.46 |
| combined-score | 2 | 0.37 |
| concern-split | 2 | 0.37 |
| cross-file | 3 | 0.72 |
| decline-taxonomy | 2 | 0.83 |
| edge-coverage | 8 | 0.36 |
| greenfield-impl | 2 | 0.00 |
| keeper-set-rule | 1 | 1.00 |
| kway-synth | 2 | 0.25 |
| partial-credit | 3 | 0.21 |
| premise-audit | 8 | 0.85 |
| regression-guard | 9 | 0.74 |
| silent-failure | 4 | 0.65 |
| witness-pair | 2 | 1.00 |

