resuming: 6 rows already recorded
[1/2] wf2_retry rep1 (judge_staged) ...
      blocked-partial base=[0, 5] final=[5, 5] pass=True regr=False crash=False
[2/2] hf_retry_backoff rep1 (judge_staged) ...
      answered base=[2, 4] final=[4, 4] pass=True regr=False crash=False

4.2 min

# M6 suite run - arm `judge_staged` (suite 0.4.1)

_2026-09-19 20:00 - 8 runs_

| task | shape/trap | terminal | base | final | struct | pass | regr | decline | wall |
|---|---|---|---|---|---|---|---|---|---|
| hf_retry_backoff | robustness/silent-failure | answered | 2/4 | 4/4 | - | True | - | - | 102.9 |
| wf1_crossfile | fix/misdirection | answered | 2/5 | 5/5 | - | True | - | - | 19.5 |
| wf2_retry | feature/edge-coverage | blocked-partial | 0/5 | 5/5 | - | True | - | - | 148.5 |
| wf3_refactor | refactor/behaviour-preserving | declined | 5/5 | 5/5 | - | True | - | - | 78.1 |
| wf3_refactor_blindview | refactor/behaviour-preserving | declined | 5/5 | 5/5 | STRUCTSCORE=0/3 | False | - | - | 80.4 |
| wf3_refactor_witnessed | refactor/behaviour-preserving | answered | 5/5 | 5/5 | STRUCTSCORE=3/3 | True | - | - | 100.6 |
| wf4_assumption | perf/false-premise | declined | 5/5 | 5/5 | - | True | - | ok | 9.1 |
| wf5_partial | implement/edge-coverage | answered | 0/7 | 7/7 | - | True | - | - | 163.4 |

**objective pass 7/8 - regressions 0 - check crashes 0 - decline accuracy 1/1**

## `stresses` slices (mean final SUBTESTS fraction)

| capability | n | mean |
|---|---|---|
| L2-structural | 3 | 1.00 |
| cross-file | 1 | 1.00 |
| edge-coverage | 2 | 1.00 |
| greenfield-impl | 2 | 1.00 |
| kway-synth | 1 | 1.00 |
| partial-credit | 1 | 1.00 |
| premise-audit | 2 | 1.00 |
| silent-failure | 1 | 1.00 |
| witness-pair | 2 | 1.00 |

resuming: 6 rows already recorded
[1/2] wf2_retry rep1 (judge_staged) ...
      answered base=[0, 5] final=[5, 5] pass=True regr=False crash=False
[2/2] hf_retry_backoff rep1 (judge_staged) ...
      answered base=[2, 4] final=[4, 4] pass=True regr=False crash=False

7.5 min

# M6 suite run - arm `judge_staged` (suite 0.4.1)

_2026-09-19 20:25 - 8 runs_

| task | shape/trap | terminal | base | final | struct | pass | regr | decline | wall |
|---|---|---|---|---|---|---|---|---|---|
| hf_retry_backoff | robustness/silent-failure | answered | 2/4 | 4/4 | - | True | - | - | 337.5 |
| wf1_crossfile | fix/misdirection | answered | 2/5 | 5/5 | - | True | - | - | 19.5 |
| wf2_retry | feature/edge-coverage | answered | 0/5 | 5/5 | - | True | - | - | 111.8 |
| wf3_refactor | refactor/behaviour-preserving | declined | 5/5 | 5/5 | - | True | - | - | 78.1 |
| wf3_refactor_blindview | refactor/behaviour-preserving | declined | 5/5 | 5/5 | STRUCTSCORE=0/3 | False | - | - | 80.4 |
| wf3_refactor_witnessed | refactor/behaviour-preserving | answered | 5/5 | 5/5 | STRUCTSCORE=3/3 | True | - | - | 100.6 |
| wf4_assumption | perf/false-premise | declined | 5/5 | 5/5 | - | True | - | ok | 9.1 |
| wf5_partial | implement/edge-coverage | answered | 0/7 | 7/7 | - | True | - | - | 163.4 |

**objective pass 7/8 - regressions 0 - check crashes 0 - decline accuracy 1/1**

## `stresses` slices (mean final SUBTESTS fraction)

| capability | n | mean |
|---|---|---|
| L2-structural | 3 | 1.00 |
| cross-file | 1 | 1.00 |
| edge-coverage | 2 | 1.00 |
| greenfield-impl | 2 | 1.00 |
| kway-synth | 1 | 1.00 |
| partial-credit | 1 | 1.00 |
| premise-audit | 2 | 1.00 |
| silent-failure | 1 | 1.00 |
| witness-pair | 2 | 1.00 |

